2026-04-27 17:41:26,804 [INFO] orchestrator: === AutoTube Pipeline ===
2026-04-27 17:41:26,804 [INFO] orchestrator: Run ID     : bfb593aa
2026-04-27 17:41:26,804 [INFO] orchestrator: Provider   : claude
2026-04-27 17:41:26,804 [INFO] orchestrator: Mode       : DRY RUN (no upload)
2026-04-27 17:41:26,804 [INFO] orchestrator: Niche      : AI & Tech
2026-04-27 17:41:28,806 [INFO] httpx: HTTP Request: GET https://tdhiliojgtgtxmqjilai.supabase.co/rest/v1/animation_effects?select=id&limit=1 "HTTP/2 200 OK"
2026-04-27 17:41:28,952 [INFO] httpx: HTTP Request: GET https://tdhiliojgtgtxmqjilai.supabase.co/rest/v1/animation_effects?select=name%2Cz_expr%2Cx_expr%2Cy_expr%2Cweight&enabled=eq.True&order=weight.desc "HTTP/2 200 OK"
2026-04-27 17:41:28,953 [INFO] agents.video_agent: Loaded 17 animation effects from Supabase
2026-04-27 17:41:28,964 [INFO] orchestrator: Topics: ['How Transition happened from last 3 months to now ']
2026-04-27 17:41:28,964 [INFO] orchestrator: 
────────────────────────────────────────────────────────────
2026-04-27 17:41:28,964 [INFO] orchestrator: Video 1/1: How Transition happened from last 3 months to now because of
2026-04-27 17:41:28,964 [INFO] orchestrator: Step 2/6: Generating script…
2026-04-27 17:41:28,964 [INFO] agents.script_agent: Generating script via provider='claude' for topic: How Transition happened from last 3 months to now because of
2026-04-27 17:42:12,007 [INFO] httpx: HTTP Request: POST https://api.anthropic.com/v1/messages "HTTP/1.1 200 OK"
2026-04-27 17:42:12,037 [INFO] agents.script_agent: Script generated: 'AI Changed Everything in 90 Days — Here's Exactly What Happe' (744 words, 6 sections)
2026-04-27 17:42:12,037 [INFO] orchestrator: Step 3/6: Synthesizing voiceover…
2026-04-27 17:42:12,038 [INFO] agents.voice_agent: Synthesizing 707 words of narration…
2026-04-27 17:42:27,251 [INFO] agents.voice_agent: Voiceover saved (edge-tts): outputs/20260427_b6da10/audio.mp3
2026-04-27 17:42:27,251 [INFO] orchestrator: Step 4/6: Rendering video…
2026-04-27 17:42:29,310 [WARNING] agents.video_agent: [PHASE 1C] Audio EQ failed: ffmpeg version 8.0 Copyright (c) 2000-2025 the FFmpeg developers
  built with Apple clang version 17.0.0 (clang-1700.0.13.3)
  configuration: --prefix=/opt/homebrew/Cellar/ffmpeg/8.0_1 --enable-shared
2026-04-27 17:42:29,345 [INFO] agents.video_agent: Audio duration: 309.6s — rendering 6 sections
2026-04-27 17:42:29,345 [INFO] agents.video_agent: Animation mode: veo
2026-04-27 17:42:29,345 [INFO] agents.video_agent: Background mode: ai_images
2026-04-27 17:42:29,345 [INFO] agents.video_agent: Visual queries available: 6 queries: ['hourglass on dark desk with glowing orange sand falling slow motion', 'holographic bar chart rising rapidly with blue neon glow dark background', 'hands typing fast on mechanical keyboard with green code reflecting on screen', 'robot arm assembling office folders and documents under bright white spotlight', 'two computer monitors side by side showing productivity dashboards warm desk lamp', 'stock market growth chart glowing green with golden hour window light reflection']
2026-04-27 17:42:29,345 [INFO] agents.video_agent: [PHASE 1] Color grading applied: AI & Tech — {'saturation': 1.3, 'brightness': 0.05, 'contrast': 1.15}
2026-04-27 17:42:29,346 [INFO] agents.video_agent: Section durations: ['30.7s', '41.6s', '63.1s', '67.0s', '67.0s', '40.3s']
2026-04-27 17:42:29,346 [INFO] agents.video_agent: [RENDER] Fetching section videos (V2 mode with veo animation)
2026-04-27 17:42:29,396 [INFO] google_genai._api_client: The user provided Google Cloud credentials will take precedence over the API key from the environment variable.
2026-04-27 17:42:29,408 [INFO] agents.gcp_veo_agent: Submitting Veo generation: hourglass on dark desk with glowing orange sand falling slow motion...
2026-04-27 17:42:31,335 [INFO] httpx: HTTP Request: POST https://us-central1-aiplatform.googleapis.com/v1beta1/projects/gen-lang-client-0489271820/locations/us-central1/publishers/google/models/veo-3.1-generate-001:predictLongRunning "HTTP/1.1 403 Forbidden"
2026-04-27 17:42:31,345 [WARNING] agents.gcp_veo_agent: Veo generation failed: Failed to submit generation: 403 PERMISSION_DENIED. {'error': {'code': 403, 'message': 'This API method requires billing to be enabled. Please enable billing on project #gen-lang-client-0489271820 by visiting https://console.developers.google.com/billing/enable?project=gen-lang-client-0489271820 then retry. If you enabled billing for this project recently, wait a few minutes for the action to propagate to our systems and retry.', 'status': 'PERMISSION_DENIED', 'details': [{'@type': 'type.googleapis.com/google.rpc.ErrorInfo', 'reason': 'BILLING_DISABLED', 'domain': 'googleapis.com', 'metadata': {'containerInfo': 'gen-lang-client-0489271820', 'consumer': 'projects/gen-lang-client-0489271820', 'consoleUrl': 'https://console.developers.google.com/billing/enable?project=gen-lang-client-0489271820', 'service': 'aiplatform.googleapis.com'}}, {'@type': 'type.googleapis.com/google.rpc.LocalizedMessage', 'locale': 'en-US', 'message': 'This API method requires billing to be enabled. Please enable billing on project #gen-lang-client-0489271820 by visiting https://console.developers.google.com/billing/enable?project=gen-lang-client-0489271820 then retry. If you enabled billing for this project recently, wait a few minutes for the action to propagate to our systems and retry.'}, {'@type': 'type.googleapis.com/google.rpc.Help', 'links': [{'description': 'Google developers console billing', 'url': 'https://console.developers.google.com/billing/enable?project=gen-lang-client-0489271820'}]}]}}
Traceback (most recent call last):
  File "/Users/harshdeepsingh/Projects/git_projects/autotube/agents/video_agent.py", line 343, in _try_section_video_chain
    loop = asyncio.get_event_loop()
  File "/opt/homebrew/Cellar/python@3.13/3.13.3/Frameworks/Python.framework/Versions/3.13/lib/python3.13/asyncio/events.py", line 716, in get_event_loop
    raise RuntimeError('There is no current event loop in thread %r.'
                       % threading.current_thread().name)
RuntimeError: There is no current event loop in thread 'MainThread'.

During handling of the above exception, another exception occurred:

Traceback (most recent call last):
  File "/Users/harshdeepsingh/Projects/git_projects/autotube/agents/gcp_veo_agent.py", line 100, in submit_text_to_video
    operation = self.client.models.generate_videos(
        model=VEO_MODEL,
    ...<9 lines>...
        ),
    )
  File "/Users/harshdeepsingh/Projects/git_projects/autotube/.venv/lib/python3.13/site-packages/google/genai/models.py", line 6786, in generate_videos
    return self._generate_videos(
           ~~~~~~~~~~~~~~~~~~~~~^
        model=model,
        ^^^^^^^^^^^^
    ...<4 lines>...
        config=config,
        ^^^^^^^^^^^^^^
    )
    ^
  File "/Users/harshdeepsingh/Projects/git_projects/autotube/.venv/lib/python3.13/site-packages/google/genai/models.py", line 6054, in _generate_videos
    response = self._api_client.request(
        'post', path, request_dict, http_options
    )
  File "/Users/harshdeepsingh/Projects/git_projects/autotube/.venv/lib/python3.13/site-packages/google/genai/_api_client.py", line 1537, in request
    response = self._request(http_request, http_options, stream=False)
  File "/Users/harshdeepsingh/Projects/git_projects/autotube/.venv/lib/python3.13/site-packages/google/genai/_api_client.py", line 1332, in _request
    return self._retry(self._request_once, http_request, stream)  # type: ignore[no-any-return]
           ~~~~~~~~~~~^^^^^^^^^^^^^^^^^^^^^^^^^^^^^^^^^^^^^^^^^^
  File "/Users/harshdeepsingh/Projects/git_projects/autotube/.venv/lib/python3.13/site-packages/tenacity/__init__.py", line 470, in __call__
    do = self.iter(retry_state=retry_state)
  File "/Users/harshdeepsingh/Projects/git_projects/autotube/.venv/lib/python3.13/site-packages/tenacity/__init__.py", line 371, in iter
    result = action(retry_state)
  File "/Users/harshdeepsingh/Projects/git_projects/autotube/.venv/lib/python3.13/site-packages/tenacity/__init__.py", line 413, in exc_check
    raise retry_exc.reraise()
          ~~~~~~~~~~~~~~~~~^^
  File "/Users/harshdeepsingh/Projects/git_projects/autotube/.venv/lib/python3.13/site-packages/tenacity/__init__.py", line 184, in reraise
    raise self.last_attempt.result()
          ~~~~~~~~~~~~~~~~~~~~~~~~^^
  File "/opt/homebrew/Cellar/python@3.13/3.13.3/Frameworks/Python.framework/Versions/3.13/lib/python3.13/concurrent/futures/_base.py", line 449, in result
    return self.__get_result()
           ~~~~~~~~~~~~~~~~~^^
  File "/opt/homebrew/Cellar/python@3.13/3.13.3/Frameworks/Python.framework/Versions/3.13/lib/python3.13/concurrent/futures/_base.py", line 401, in __get_result
    raise self._exception
  File "/Users/harshdeepsingh/Projects/git_projects/autotube/.venv/lib/python3.13/site-packages/tenacity/__init__.py", line 473, in __call__
    result = fn(*args, **kwargs)
  File "/Users/harshdeepsingh/Projects/git_projects/autotube/.venv/lib/python3.13/site-packages/google/genai/_api_client.py", line 1309, in _request_once
    errors.APIError.raise_for_response(response)
    ~~~~~~~~~~~~~~~~~~~~~~~~~~~~~~~~~~^^^^^^^^^^
  File "/Users/harshdeepsingh/Projects/git_projects/autotube/.venv/lib/python3.13/site-packages/google/genai/errors.py", line 155, in raise_for_response
    cls.raise_error(response.status_code, response_json, response)
    ~~~~~~~~~~~~~~~^^^^^^^^^^^^^^^^^^^^^^^^^^^^^^^^^^^^^^^^^^^^^^^
  File "/Users/harshdeepsingh/Projects/git_projects/autotube/.venv/lib/python3.13/site-packages/google/genai/errors.py", line 184, in raise_error
    raise ClientError(status_code, response_json, response)
google.genai.errors.ClientError: 403 PERMISSION_DENIED. {'error': {'code': 403, 'message': 'This API method requires billing to be enabled. Please enable billing on project #gen-lang-client-0489271820 by visiting https://console.developers.google.com/billing/enable?project=gen-lang-client-0489271820 then retry. If you enabled billing for this project recently, wait a few minutes for the action to propagate to our systems and retry.', 'status': 'PERMISSION_DENIED', 'details': [{'@type': 'type.googleapis.com/google.rpc.ErrorInfo', 'reason': 'BILLING_DISABLED', 'domain': 'googleapis.com', 'metadata': {'containerInfo': 'gen-lang-client-0489271820', 'consumer': 'projects/gen-lang-client-0489271820', 'consoleUrl': 'https://console.developers.google.com/billing/enable?project=gen-lang-client-0489271820', 'service': 'aiplatform.googleapis.com'}}, {'@type': 'type.googleapis.com/google.rpc.LocalizedMessage', 'locale': 'en-US', 'message': 'This API method requires billing to be enabled. Please enable billing on project #gen-lang-client-0489271820 by visiting https://console.developers.google.com/billing/enable?project=gen-lang-client-0489271820 then retry. If you enabled billing for this project recently, wait a few minutes for the action to propagate to our systems and retry.'}, {'@type': 'type.googleapis.com/google.rpc.Help', 'links': [{'description': 'Google developers console billing', 'url': 'https://console.developers.google.com/billing/enable?project=gen-lang-client-0489271820'}]}]}}

During handling of the above exception, another exception occurred:

Traceback (most recent call last):
  File "/Users/harshdeepsingh/Projects/git_projects/autotube/agents/gcp_veo_agent.py", line 238, in generate
    operation = await self.client.submit_text_to_video(
                ^^^^^^^^^^^^^^^^^^^^^^^^^^^^^^^^^^^^^^^
    ...<2 lines>...
    )
    ^
  File "/Users/harshdeepsingh/Projects/git_projects/autotube/agents/gcp_veo_agent.py", line 122, in submit_text_to_video
    raise Exception(f"Failed to submit generation: {e}")
Exception: Failed to submit generation: 403 PERMISSION_DENIED. {'error': {'code': 403, 'message': 'This API method requires billing to be enabled. Please enable billing on project #gen-lang-client-0489271820 by visiting https://console.developers.google.com/billing/enable?project=gen-lang-client-0489271820 then retry. If you enabled billing for this project recently, wait a few minutes for the action to propagate to our systems and retry.', 'status': 'PERMISSION_DENIED', 'details': [{'@type': 'type.googleapis.com/google.rpc.ErrorInfo', 'reason': 'BILLING_DISABLED', 'domain': 'googleapis.com', 'metadata': {'containerInfo': 'gen-lang-client-0489271820', 'consumer': 'projects/gen-lang-client-0489271820', 'consoleUrl': 'https://console.developers.google.com/billing/enable?project=gen-lang-client-0489271820', 'service': 'aiplatform.googleapis.com'}}, {'@type': 'type.googleapis.com/google.rpc.LocalizedMessage', 'locale': 'en-US', 'message': 'This API method requires billing to be enabled. Please enable billing on project #gen-lang-client-0489271820 by visiting https://console.developers.google.com/billing/enable?project=gen-lang-client-0489271820 then retry. If you enabled billing for this project recently, wait a few minutes for the action to propagate to our systems and retry.'}, {'@type': 'type.googleapis.com/google.rpc.Help', 'links': [{'description': 'Google developers console billing', 'url': 'https://console.developers.google.com/billing/enable?project=gen-lang-client-0489271820'}]}]}}
2026-04-27 17:42:31,362 [INFO] agents.video_agent:     [_fetch_ai_image] Prompt: 'hourglass on dark desk with glowing orange sand falling slow motion' | Hash: 6a4279061b3c
2026-04-27 17:42:31,362 [INFO] agents.video_agent:     [_fetch_ai_image] Cache miss, trying image sources...
2026-04-27 17:42:31,362 [INFO] agents.video_agent:     [_fetch_ai_image] [1/2] Trying Vertex AI Imagen...
2026-04-27 17:42:31,434 [INFO] imagen: ✓ Imagen initialized with GCP service account
2026-04-27 17:42:31,434 [INFO] imagen: Calling Imagen: cinematic high quality hourglass on dark desk with glowing o...
2026-04-27 17:42:33,145 [WARNING] imagen: Imagen generation failed: 404 Client Error: Not Found for url: https://us-central1-aiplatform.googleapis.com/v1/projects/gen-lang-client-0489271820/locations/us-central1/imageGenerators/imagegeneration:predict
2026-04-27 17:42:33,148 [INFO] agents.video_agent:     [_fetch_ai_image] [2/2] Trying Pollinations.ai...
2026-04-27 17:42:33,148 [INFO] agents.video_agent:     [_fetch_ai_image] Attempt 1/2: GET request...
2026-04-27 17:42:34,299 [INFO] agents.video_agent:     [_fetch_ai_image] ✓ Pollinations: 6a4279061b3c.jpg (51KB)
2026-04-27 17:42:34,302 [INFO] agents.video_agent:     [ken_burns] Image: 6a4279061b3c.jpg | Duration: 5.0s | Effect: pan_left
2026-04-27 17:42:34,302 [INFO] agents.video_agent:     [ken_burns] Frames: 120 | FFmpeg filter: zoom=1.15...
2026-04-27 17:42:34,302 [INFO] agents.video_agent:     [ken_burns] Cache miss, generating with FFmpeg...
2026-04-27 17:42:34,302 [INFO] agents.video_agent:     [ken_burns] Running FFmpeg command...
2026-04-27 17:42:35,387 [INFO] agents.video_agent:     [ken_burns] ✓ Generated: fx_2709daad989b.mp4 (2317KB)
2026-04-27 17:42:35,387 [INFO] agents.video_agent:     [ken_burns] Loading video clip from cache...
2026-04-27 17:42:35,431 [INFO] agents.video_agent:     [ken_burns] ✓ Clip loaded, duration: 5.0s
2026-04-27 17:42:35,432 [INFO] agents.video_agent: Section 1: ken_burns succeeded
2026-04-27 17:42:35,432 [INFO] agents.video_agent: Section 1/6 video: 'outputs/video_cache/fx_2709daad989b.mp4'
2026-04-27 17:42:35,432 [INFO] agents.gcp_veo_agent: Submitting Veo generation: holographic bar chart rising rapidly with blue neon glow dark background...
2026-04-27 17:42:35,849 [INFO] httpx: HTTP Request: POST https://us-central1-aiplatform.googleapis.com/v1beta1/projects/gen-lang-client-0489271820/locations/us-central1/publishers/google/models/veo-3.1-generate-001:predictLongRunning "HTTP/1.1 403 Forbidden"
2026-04-27 17:42:35,859 [WARNING] agents.gcp_veo_agent: Veo generation failed: Failed to submit generation: 403 PERMISSION_DENIED. {'error': {'code': 403, 'message': 'This API method requires billing to be enabled. Please enable billing on project #gen-lang-client-0489271820 by visiting https://console.developers.google.com/billing/enable?project=gen-lang-client-0489271820 then retry. If you enabled billing for this project recently, wait a few minutes for the action to propagate to our systems and retry.', 'status': 'PERMISSION_DENIED', 'details': [{'@type': 'type.googleapis.com/google.rpc.ErrorInfo', 'reason': 'BILLING_DISABLED', 'domain': 'googleapis.com', 'metadata': {'service': 'aiplatform.googleapis.com', 'consoleUrl': 'https://console.developers.google.com/billing/enable?project=gen-lang-client-0489271820', 'consumer': 'projects/gen-lang-client-0489271820', 'containerInfo': 'gen-lang-client-0489271820'}}, {'@type': 'type.googleapis.com/google.rpc.LocalizedMessage', 'locale': 'en-US', 'message': 'This API method requires billing to be enabled. Please enable billing on project #gen-lang-client-0489271820 by visiting https://console.developers.google.com/billing/enable?project=gen-lang-client-0489271820 then retry. If you enabled billing for this project recently, wait a few minutes for the action to propagate to our systems and retry.'}, {'@type': 'type.googleapis.com/google.rpc.Help', 'links': [{'description': 'Google developers console billing', 'url': 'https://console.developers.google.com/billing/enable?project=gen-lang-client-0489271820'}]}]}}
Traceback (most recent call last):
  File "/Users/harshdeepsingh/Projects/git_projects/autotube/agents/gcp_veo_agent.py", line 100, in submit_text_to_video
    operation = self.client.models.generate_videos(
        model=VEO_MODEL,
    ...<9 lines>...
        ),
    )
  File "/Users/harshdeepsingh/Projects/git_projects/autotube/.venv/lib/python3.13/site-packages/google/genai/models.py", line 6786, in generate_videos
    return self._generate_videos(
           ~~~~~~~~~~~~~~~~~~~~~^
        model=model,
        ^^^^^^^^^^^^
    ...<4 lines>...
        config=config,
        ^^^^^^^^^^^^^^
    )
    ^
  File "/Users/harshdeepsingh/Projects/git_projects/autotube/.venv/lib/python3.13/site-packages/google/genai/models.py", line 6054, in _generate_videos
    response = self._api_client.request(
        'post', path, request_dict, http_options
    )
  File "/Users/harshdeepsingh/Projects/git_projects/autotube/.venv/lib/python3.13/site-packages/google/genai/_api_client.py", line 1537, in request
    response = self._request(http_request, http_options, stream=False)
  File "/Users/harshdeepsingh/Projects/git_projects/autotube/.venv/lib/python3.13/site-packages/google/genai/_api_client.py", line 1332, in _request
    return self._retry(self._request_once, http_request, stream)  # type: ignore[no-any-return]
           ~~~~~~~~~~~^^^^^^^^^^^^^^^^^^^^^^^^^^^^^^^^^^^^^^^^^^
  File "/Users/harshdeepsingh/Projects/git_projects/autotube/.venv/lib/python3.13/site-packages/tenacity/__init__.py", line 470, in __call__
    do = self.iter(retry_state=retry_state)
  File "/Users/harshdeepsingh/Projects/git_projects/autotube/.venv/lib/python3.13/site-packages/tenacity/__init__.py", line 371, in iter
    result = action(retry_state)
  File "/Users/harshdeepsingh/Projects/git_projects/autotube/.venv/lib/python3.13/site-packages/tenacity/__init__.py", line 413, in exc_check
    raise retry_exc.reraise()
          ~~~~~~~~~~~~~~~~~^^
  File "/Users/harshdeepsingh/Projects/git_projects/autotube/.venv/lib/python3.13/site-packages/tenacity/__init__.py", line 184, in reraise
    raise self.last_attempt.result()
          ~~~~~~~~~~~~~~~~~~~~~~~~^^
  File "/opt/homebrew/Cellar/python@3.13/3.13.3/Frameworks/Python.framework/Versions/3.13/lib/python3.13/concurrent/futures/_base.py", line 449, in result
    return self.__get_result()
           ~~~~~~~~~~~~~~~~~^^
  File "/opt/homebrew/Cellar/python@3.13/3.13.3/Frameworks/Python.framework/Versions/3.13/lib/python3.13/concurrent/futures/_base.py", line 401, in __get_result
    raise self._exception
  File "/Users/harshdeepsingh/Projects/git_projects/autotube/.venv/lib/python3.13/site-packages/tenacity/__init__.py", line 473, in __call__
    result = fn(*args, **kwargs)
  File "/Users/harshdeepsingh/Projects/git_projects/autotube/.venv/lib/python3.13/site-packages/google/genai/_api_client.py", line 1309, in _request_once
    errors.APIError.raise_for_response(response)
    ~~~~~~~~~~~~~~~~~~~~~~~~~~~~~~~~~~^^^^^^^^^^
  File "/Users/harshdeepsingh/Projects/git_projects/autotube/.venv/lib/python3.13/site-packages/google/genai/errors.py", line 155, in raise_for_response
    cls.raise_error(response.status_code, response_json, response)
    ~~~~~~~~~~~~~~~^^^^^^^^^^^^^^^^^^^^^^^^^^^^^^^^^^^^^^^^^^^^^^^
  File "/Users/harshdeepsingh/Projects/git_projects/autotube/.venv/lib/python3.13/site-packages/google/genai/errors.py", line 184, in raise_error
    raise ClientError(status_code, response_json, response)
google.genai.errors.ClientError: 403 PERMISSION_DENIED. {'error': {'code': 403, 'message': 'This API method requires billing to be enabled. Please enable billing on project #gen-lang-client-0489271820 by visiting https://console.developers.google.com/billing/enable?project=gen-lang-client-0489271820 then retry. If you enabled billing for this project recently, wait a few minutes for the action to propagate to our systems and retry.', 'status': 'PERMISSION_DENIED', 'details': [{'@type': 'type.googleapis.com/google.rpc.ErrorInfo', 'reason': 'BILLING_DISABLED', 'domain': 'googleapis.com', 'metadata': {'service': 'aiplatform.googleapis.com', 'consoleUrl': 'https://console.developers.google.com/billing/enable?project=gen-lang-client-0489271820', 'consumer': 'projects/gen-lang-client-0489271820', 'containerInfo': 'gen-lang-client-0489271820'}}, {'@type': 'type.googleapis.com/google.rpc.LocalizedMessage', 'locale': 'en-US', 'message': 'This API method requires billing to be enabled. Please enable billing on project #gen-lang-client-0489271820 by visiting https://console.developers.google.com/billing/enable?project=gen-lang-client-0489271820 then retry. If you enabled billing for this project recently, wait a few minutes for the action to propagate to our systems and retry.'}, {'@type': 'type.googleapis.com/google.rpc.Help', 'links': [{'description': 'Google developers console billing', 'url': 'https://console.developers.google.com/billing/enable?project=gen-lang-client-0489271820'}]}]}}

During handling of the above exception, another exception occurred:

Traceback (most recent call last):
  File "/Users/harshdeepsingh/Projects/git_projects/autotube/agents/gcp_veo_agent.py", line 238, in generate
    operation = await self.client.submit_text_to_video(
                ^^^^^^^^^^^^^^^^^^^^^^^^^^^^^^^^^^^^^^^
    ...<2 lines>...
    )
    ^
  File "/Users/harshdeepsingh/Projects/git_projects/autotube/agents/gcp_veo_agent.py", line 122, in submit_text_to_video
    raise Exception(f"Failed to submit generation: {e}")
Exception: Failed to submit generation: 403 PERMISSION_DENIED. {'error': {'code': 403, 'message': 'This API method requires billing to be enabled. Please enable billing on project #gen-lang-client-0489271820 by visiting https://console.developers.google.com/billing/enable?project=gen-lang-client-0489271820 then retry. If you enabled billing for this project recently, wait a few minutes for the action to propagate to our systems and retry.', 'status': 'PERMISSION_DENIED', 'details': [{'@type': 'type.googleapis.com/google.rpc.ErrorInfo', 'reason': 'BILLING_DISABLED', 'domain': 'googleapis.com', 'metadata': {'service': 'aiplatform.googleapis.com', 'consoleUrl': 'https://console.developers.google.com/billing/enable?project=gen-lang-client-0489271820', 'consumer': 'projects/gen-lang-client-0489271820', 'containerInfo': 'gen-lang-client-0489271820'}}, {'@type': 'type.googleapis.com/google.rpc.LocalizedMessage', 'locale': 'en-US', 'message': 'This API method requires billing to be enabled. Please enable billing on project #gen-lang-client-0489271820 by visiting https://console.developers.google.com/billing/enable?project=gen-lang-client-0489271820 then retry. If you enabled billing for this project recently, wait a few minutes for the action to propagate to our systems and retry.'}, {'@type': 'type.googleapis.com/google.rpc.Help', 'links': [{'description': 'Google developers console billing', 'url': 'https://console.developers.google.com/billing/enable?project=gen-lang-client-0489271820'}]}]}}
2026-04-27 17:42:35,864 [INFO] agents.video_agent:     [_fetch_ai_image] Prompt: 'holographic bar chart rising rapidly with blue neon glow dark background' | Hash: 37c3b58fe314
2026-04-27 17:42:35,864 [INFO] agents.video_agent:     [_fetch_ai_image] Cache miss, trying image sources...
2026-04-27 17:42:35,864 [INFO] agents.video_agent:     [_fetch_ai_image] [1/2] Trying Vertex AI Imagen...
2026-04-27 17:42:35,943 [INFO] imagen: ✓ Imagen initialized with GCP service account
2026-04-27 17:42:35,943 [INFO] imagen: Calling Imagen: cinematic high quality holographic bar chart rising rapidly ...
2026-04-27 17:42:37,719 [WARNING] imagen: Imagen generation failed: 404 Client Error: Not Found for url: https://us-central1-aiplatform.googleapis.com/v1/projects/gen-lang-client-0489271820/locations/us-central1/imageGenerators/imagegeneration:predict
2026-04-27 17:42:37,721 [INFO] agents.video_agent:     [_fetch_ai_image] [2/2] Trying Pollinations.ai...
2026-04-27 17:42:37,721 [INFO] agents.video_agent:     [_fetch_ai_image] Attempt 1/2: GET request...
2026-04-27 17:44:04,299 [INFO] agents.video_agent:     [_fetch_ai_image] ✓ Pollinations: 37c3b58fe314.jpg (51KB)
2026-04-27 17:44:04,305 [INFO] agents.video_agent:     [ken_burns] Image: 37c3b58fe314.jpg | Duration: 5.0s | Effect: pan_left
2026-04-27 17:44:04,305 [INFO] agents.video_agent:     [ken_burns] Frames: 120 | FFmpeg filter: zoom=1.15...
2026-04-27 17:44:04,305 [INFO] agents.video_agent:     [ken_burns] Cache miss, generating with FFmpeg...
2026-04-27 17:44:04,305 [INFO] agents.video_agent:     [ken_burns] Running FFmpeg command...
2026-04-27 17:44:05,318 [INFO] agents.video_agent:     [ken_burns] ✓ Generated: fx_566935f47ed8.mp4 (1934KB)
2026-04-27 17:44:05,319 [INFO] agents.video_agent:     [ken_burns] Loading video clip from cache...
2026-04-27 17:44:05,357 [INFO] agents.video_agent:     [ken_burns] ✓ Clip loaded, duration: 5.0s
2026-04-27 17:44:05,357 [INFO] agents.video_agent: Section 2: ken_burns succeeded
2026-04-27 17:44:05,357 [INFO] agents.video_agent: Section 2/6 video: 'outputs/video_cache/fx_566935f47ed8.mp4'
2026-04-27 17:44:05,358 [INFO] agents.gcp_veo_agent: Submitting Veo generation: hands typing fast on mechanical keyboard with green code reflecting on screen...
2026-04-27 17:44:07,082 [INFO] httpx: HTTP Request: POST https://us-central1-aiplatform.googleapis.com/v1beta1/projects/gen-lang-client-0489271820/locations/us-central1/publishers/google/models/veo-3.1-generate-001:predictLongRunning "HTTP/1.1 403 Forbidden"
2026-04-27 17:44:07,085 [WARNING] agents.gcp_veo_agent: Veo generation failed: Failed to submit generation: 403 PERMISSION_DENIED. {'error': {'code': 403, 'message': 'This API method requires billing to be enabled. Please enable billing on project #gen-lang-client-0489271820 by visiting https://console.developers.google.com/billing/enable?project=gen-lang-client-0489271820 then retry. If you enabled billing for this project recently, wait a few minutes for the action to propagate to our systems and retry.', 'status': 'PERMISSION_DENIED', 'details': [{'@type': 'type.googleapis.com/google.rpc.ErrorInfo', 'reason': 'BILLING_DISABLED', 'domain': 'googleapis.com', 'metadata': {'containerInfo': 'gen-lang-client-0489271820', 'consoleUrl': 'https://console.developers.google.com/billing/enable?project=gen-lang-client-0489271820', 'service': 'aiplatform.googleapis.com', 'consumer': 'projects/gen-lang-client-0489271820'}}, {'@type': 'type.googleapis.com/google.rpc.LocalizedMessage', 'locale': 'en-US', 'message': 'This API method requires billing to be enabled. Please enable billing on project #gen-lang-client-0489271820 by visiting https://console.developers.google.com/billing/enable?project=gen-lang-client-0489271820 then retry. If you enabled billing for this project recently, wait a few minutes for the action to propagate to our systems and retry.'}, {'@type': 'type.googleapis.com/google.rpc.Help', 'links': [{'description': 'Google developers console billing', 'url': 'https://console.developers.google.com/billing/enable?project=gen-lang-client-0489271820'}]}]}}
Traceback (most recent call last):
  File "/Users/harshdeepsingh/Projects/git_projects/autotube/agents/gcp_veo_agent.py", line 100, in submit_text_to_video
    operation = self.client.models.generate_videos(
        model=VEO_MODEL,
    ...<9 lines>...
        ),
    )
  File "/Users/harshdeepsingh/Projects/git_projects/autotube/.venv/lib/python3.13/site-packages/google/genai/models.py", line 6786, in generate_videos
    return self._generate_videos(
           ~~~~~~~~~~~~~~~~~~~~~^
        model=model,
        ^^^^^^^^^^^^
    ...<4 lines>...
        config=config,
        ^^^^^^^^^^^^^^
    )
    ^
  File "/Users/harshdeepsingh/Projects/git_projects/autotube/.venv/lib/python3.13/site-packages/google/genai/models.py", line 6054, in _generate_videos
    response = self._api_client.request(
        'post', path, request_dict, http_options
    )
  File "/Users/harshdeepsingh/Projects/git_projects/autotube/.venv/lib/python3.13/site-packages/google/genai/_api_client.py", line 1537, in request
    response = self._request(http_request, http_options, stream=False)
  File "/Users/harshdeepsingh/Projects/git_projects/autotube/.venv/lib/python3.13/site-packages/google/genai/_api_client.py", line 1332, in _request
    return self._retry(self._request_once, http_request, stream)  # type: ignore[no-any-return]
           ~~~~~~~~~~~^^^^^^^^^^^^^^^^^^^^^^^^^^^^^^^^^^^^^^^^^^
  File "/Users/harshdeepsingh/Projects/git_projects/autotube/.venv/lib/python3.13/site-packages/tenacity/__init__.py", line 470, in __call__
    do = self.iter(retry_state=retry_state)
  File "/Users/harshdeepsingh/Projects/git_projects/autotube/.venv/lib/python3.13/site-packages/tenacity/__init__.py", line 371, in iter
    result = action(retry_state)
  File "/Users/harshdeepsingh/Projects/git_projects/autotube/.venv/lib/python3.13/site-packages/tenacity/__init__.py", line 413, in exc_check
    raise retry_exc.reraise()
          ~~~~~~~~~~~~~~~~~^^
  File "/Users/harshdeepsingh/Projects/git_projects/autotube/.venv/lib/python3.13/site-packages/tenacity/__init__.py", line 184, in reraise
    raise self.last_attempt.result()
          ~~~~~~~~~~~~~~~~~~~~~~~~^^
  File "/opt/homebrew/Cellar/python@3.13/3.13.3/Frameworks/Python.framework/Versions/3.13/lib/python3.13/concurrent/futures/_base.py", line 449, in result
    return self.__get_result()
           ~~~~~~~~~~~~~~~~~^^
  File "/opt/homebrew/Cellar/python@3.13/3.13.3/Frameworks/Python.framework/Versions/3.13/lib/python3.13/concurrent/futures/_base.py", line 401, in __get_result
    raise self._exception
  File "/Users/harshdeepsingh/Projects/git_projects/autotube/.venv/lib/python3.13/site-packages/tenacity/__init__.py", line 473, in __call__
    result = fn(*args, **kwargs)
  File "/Users/harshdeepsingh/Projects/git_projects/autotube/.venv/lib/python3.13/site-packages/google/genai/_api_client.py", line 1309, in _request_once
    errors.APIError.raise_for_response(response)
    ~~~~~~~~~~~~~~~~~~~~~~~~~~~~~~~~~~^^^^^^^^^^
  File "/Users/harshdeepsingh/Projects/git_projects/autotube/.venv/lib/python3.13/site-packages/google/genai/errors.py", line 155, in raise_for_response
    cls.raise_error(response.status_code, response_json, response)
    ~~~~~~~~~~~~~~~^^^^^^^^^^^^^^^^^^^^^^^^^^^^^^^^^^^^^^^^^^^^^^^
  File "/Users/harshdeepsingh/Projects/git_projects/autotube/.venv/lib/python3.13/site-packages/google/genai/errors.py", line 184, in raise_error
    raise ClientError(status_code, response_json, response)
google.genai.errors.ClientError: 403 PERMISSION_DENIED. {'error': {'code': 403, 'message': 'This API method requires billing to be enabled. Please enable billing on project #gen-lang-client-0489271820 by visiting https://console.developers.google.com/billing/enable?project=gen-lang-client-0489271820 then retry. If you enabled billing for this project recently, wait a few minutes for the action to propagate to our systems and retry.', 'status': 'PERMISSION_DENIED', 'details': [{'@type': 'type.googleapis.com/google.rpc.ErrorInfo', 'reason': 'BILLING_DISABLED', 'domain': 'googleapis.com', 'metadata': {'containerInfo': 'gen-lang-client-0489271820', 'consoleUrl': 'https://console.developers.google.com/billing/enable?project=gen-lang-client-0489271820', 'service': 'aiplatform.googleapis.com', 'consumer': 'projects/gen-lang-client-0489271820'}}, {'@type': 'type.googleapis.com/google.rpc.LocalizedMessage', 'locale': 'en-US', 'message': 'This API method requires billing to be enabled. Please enable billing on project #gen-lang-client-0489271820 by visiting https://console.developers.google.com/billing/enable?project=gen-lang-client-0489271820 then retry. If you enabled billing for this project recently, wait a few minutes for the action to propagate to our systems and retry.'}, {'@type': 'type.googleapis.com/google.rpc.Help', 'links': [{'description': 'Google developers console billing', 'url': 'https://console.developers.google.com/billing/enable?project=gen-lang-client-0489271820'}]}]}}

During handling of the above exception, another exception occurred:

Traceback (most recent call last):
  File "/Users/harshdeepsingh/Projects/git_projects/autotube/agents/gcp_veo_agent.py", line 238, in generate
    operation = await self.client.submit_text_to_video(
                ^^^^^^^^^^^^^^^^^^^^^^^^^^^^^^^^^^^^^^^
    ...<2 lines>...
    )
    ^
  File "/Users/harshdeepsingh/Projects/git_projects/autotube/agents/gcp_veo_agent.py", line 122, in submit_text_to_video
    raise Exception(f"Failed to submit generation: {e}")
Exception: Failed to submit generation: 403 PERMISSION_DENIED. {'error': {'code': 403, 'message': 'This API method requires billing to be enabled. Please enable billing on project #gen-lang-client-0489271820 by visiting https://console.developers.google.com/billing/enable?project=gen-lang-client-0489271820 then retry. If you enabled billing for this project recently, wait a few minutes for the action to propagate to our systems and retry.', 'status': 'PERMISSION_DENIED', 'details': [{'@type': 'type.googleapis.com/google.rpc.ErrorInfo', 'reason': 'BILLING_DISABLED', 'domain': 'googleapis.com', 'metadata': {'containerInfo': 'gen-lang-client-0489271820', 'consoleUrl': 'https://console.developers.google.com/billing/enable?project=gen-lang-client-0489271820', 'service': 'aiplatform.googleapis.com', 'consumer': 'projects/gen-lang-client-0489271820'}}, {'@type': 'type.googleapis.com/google.rpc.LocalizedMessage', 'locale': 'en-US', 'message': 'This API method requires billing to be enabled. Please enable billing on project #gen-lang-client-0489271820 by visiting https://console.developers.google.com/billing/enable?project=gen-lang-client-0489271820 then retry. If you enabled billing for this project recently, wait a few minutes for the action to propagate to our systems and retry.'}, {'@type': 'type.googleapis.com/google.rpc.Help', 'links': [{'description': 'Google developers console billing', 'url': 'https://console.developers.google.com/billing/enable?project=gen-lang-client-0489271820'}]}]}}
2026-04-27 17:44:07,091 [INFO] agents.video_agent:     [_fetch_ai_image] Prompt: 'hands typing fast on mechanical keyboard with green code reflecting on screen' | Hash: 419cf1026fd1
2026-04-27 17:44:07,093 [INFO] agents.video_agent:     [_fetch_ai_image] Cache miss, trying image sources...
2026-04-27 17:44:07,093 [INFO] agents.video_agent:     [_fetch_ai_image] [1/2] Trying Vertex AI Imagen...
2026-04-27 17:44:07,171 [INFO] imagen: ✓ Imagen initialized with GCP service account
2026-04-27 17:44:07,171 [INFO] imagen: Calling Imagen: cinematic high quality hands typing fast on mechanical keybo...
2026-04-27 17:44:08,941 [WARNING] imagen: Imagen generation failed: 404 Client Error: Not Found for url: https://us-central1-aiplatform.googleapis.com/v1/projects/gen-lang-client-0489271820/locations/us-central1/imageGenerators/imagegeneration:predict
2026-04-27 17:44:08,943 [INFO] agents.video_agent:     [_fetch_ai_image] [2/2] Trying Pollinations.ai...
2026-04-27 17:44:08,943 [INFO] agents.video_agent:     [_fetch_ai_image] Attempt 1/2: GET request...
2026-04-27 17:45:34,739 [INFO] agents.video_agent:     [_fetch_ai_image] ✓ Pollinations: 419cf1026fd1.jpg (57KB)
2026-04-27 17:45:34,744 [INFO] agents.video_agent:     [ken_burns] Image: 419cf1026fd1.jpg | Duration: 5.0s | Effect: pan_left
2026-04-27 17:45:34,744 [INFO] agents.video_agent:     [ken_burns] Frames: 120 | FFmpeg filter: zoom=1.15...
2026-04-27 17:45:34,744 [INFO] agents.video_agent:     [ken_burns] Cache miss, generating with FFmpeg...
2026-04-27 17:45:34,745 [INFO] agents.video_agent:     [ken_burns] Running FFmpeg command...
2026-04-27 17:45:35,745 [INFO] agents.video_agent:     [ken_burns] ✓ Generated: fx_b67080d53e96.mp4 (1699KB)
2026-04-27 17:45:35,745 [INFO] agents.video_agent:     [ken_burns] Loading video clip from cache...
2026-04-27 17:45:35,781 [INFO] agents.video_agent:     [ken_burns] ✓ Clip loaded, duration: 5.0s
2026-04-27 17:45:35,781 [INFO] agents.video_agent: Section 3: ken_burns succeeded
2026-04-27 17:45:35,781 [INFO] agents.video_agent: Section 3/6 video: 'outputs/video_cache/fx_b67080d53e96.mp4'
2026-04-27 17:45:35,782 [INFO] agents.gcp_veo_agent: Submitting Veo generation: robot arm assembling office folders and documents under bright white spotlight...
2026-04-27 17:45:37,607 [INFO] httpx: HTTP Request: POST https://us-central1-aiplatform.googleapis.com/v1beta1/projects/gen-lang-client-0489271820/locations/us-central1/publishers/google/models/veo-3.1-generate-001:predictLongRunning "HTTP/1.1 403 Forbidden"
2026-04-27 17:45:37,791 [WARNING] agents.gcp_veo_agent: Veo generation failed: Failed to submit generation: 403 PERMISSION_DENIED. {'error': {'code': 403, 'message': 'This API method requires billing to be enabled. Please enable billing on project #gen-lang-client-0489271820 by visiting https://console.developers.google.com/billing/enable?project=gen-lang-client-0489271820 then retry. If you enabled billing for this project recently, wait a few minutes for the action to propagate to our systems and retry.', 'status': 'PERMISSION_DENIED', 'details': [{'@type': 'type.googleapis.com/google.rpc.ErrorInfo', 'reason': 'BILLING_DISABLED', 'domain': 'googleapis.com', 'metadata': {'service': 'aiplatform.googleapis.com', 'consumer': 'projects/gen-lang-client-0489271820', 'consoleUrl': 'https://console.developers.google.com/billing/enable?project=gen-lang-client-0489271820', 'containerInfo': 'gen-lang-client-0489271820'}}, {'@type': 'type.googleapis.com/google.rpc.LocalizedMessage', 'locale': 'en-US', 'message': 'This API method requires billing to be enabled. Please enable billing on project #gen-lang-client-0489271820 by visiting https://console.developers.google.com/billing/enable?project=gen-lang-client-0489271820 then retry. If you enabled billing for this project recently, wait a few minutes for the action to propagate to our systems and retry.'}, {'@type': 'type.googleapis.com/google.rpc.Help', 'links': [{'description': 'Google developers console billing', 'url': 'https://console.developers.google.com/billing/enable?project=gen-lang-client-0489271820'}]}]}}
Traceback (most recent call last):
  File "/Users/harshdeepsingh/Projects/git_projects/autotube/agents/gcp_veo_agent.py", line 100, in submit_text_to_video
    operation = self.client.models.generate_videos(
        model=VEO_MODEL,
    ...<9 lines>...
        ),
    )
  File "/Users/harshdeepsingh/Projects/git_projects/autotube/.venv/lib/python3.13/site-packages/google/genai/models.py", line 6786, in generate_videos
    return self._generate_videos(
           ~~~~~~~~~~~~~~~~~~~~~^
        model=model,
        ^^^^^^^^^^^^
    ...<4 lines>...
        config=config,
        ^^^^^^^^^^^^^^
    )
    ^
  File "/Users/harshdeepsingh/Projects/git_projects/autotube/.venv/lib/python3.13/site-packages/google/genai/models.py", line 6054, in _generate_videos
    response = self._api_client.request(
        'post', path, request_dict, http_options
    )
  File "/Users/harshdeepsingh/Projects/git_projects/autotube/.venv/lib/python3.13/site-packages/google/genai/_api_client.py", line 1537, in request
    response = self._request(http_request, http_options, stream=False)
  File "/Users/harshdeepsingh/Projects/git_projects/autotube/.venv/lib/python3.13/site-packages/google/genai/_api_client.py", line 1332, in _request
    return self._retry(self._request_once, http_request, stream)  # type: ignore[no-any-return]
           ~~~~~~~~~~~^^^^^^^^^^^^^^^^^^^^^^^^^^^^^^^^^^^^^^^^^^
  File "/Users/harshdeepsingh/Projects/git_projects/autotube/.venv/lib/python3.13/site-packages/tenacity/__init__.py", line 470, in __call__
    do = self.iter(retry_state=retry_state)
  File "/Users/harshdeepsingh/Projects/git_projects/autotube/.venv/lib/python3.13/site-packages/tenacity/__init__.py", line 371, in iter
    result = action(retry_state)
  File "/Users/harshdeepsingh/Projects/git_projects/autotube/.venv/lib/python3.13/site-packages/tenacity/__init__.py", line 413, in exc_check
    raise retry_exc.reraise()
          ~~~~~~~~~~~~~~~~~^^
  File "/Users/harshdeepsingh/Projects/git_projects/autotube/.venv/lib/python3.13/site-packages/tenacity/__init__.py", line 184, in reraise
    raise self.last_attempt.result()
          ~~~~~~~~~~~~~~~~~~~~~~~~^^
  File "/opt/homebrew/Cellar/python@3.13/3.13.3/Frameworks/Python.framework/Versions/3.13/lib/python3.13/concurrent/futures/_base.py", line 449, in result
    return self.__get_result()
           ~~~~~~~~~~~~~~~~~^^
  File "/opt/homebrew/Cellar/python@3.13/3.13.3/Frameworks/Python.framework/Versions/3.13/lib/python3.13/concurrent/futures/_base.py", line 401, in __get_result
    raise self._exception
  File "/Users/harshdeepsingh/Projects/git_projects/autotube/.venv/lib/python3.13/site-packages/tenacity/__init__.py", line 473, in __call__
    result = fn(*args, **kwargs)
  File "/Users/harshdeepsingh/Projects/git_projects/autotube/.venv/lib/python3.13/site-packages/google/genai/_api_client.py", line 1309, in _request_once
    errors.APIError.raise_for_response(response)
    ~~~~~~~~~~~~~~~~~~~~~~~~~~~~~~~~~~^^^^^^^^^^
  File "/Users/harshdeepsingh/Projects/git_projects/autotube/.venv/lib/python3.13/site-packages/google/genai/errors.py", line 155, in raise_for_response
    cls.raise_error(response.status_code, response_json, response)
    ~~~~~~~~~~~~~~~^^^^^^^^^^^^^^^^^^^^^^^^^^^^^^^^^^^^^^^^^^^^^^^
  File "/Users/harshdeepsingh/Projects/git_projects/autotube/.venv/lib/python3.13/site-packages/google/genai/errors.py", line 184, in raise_error
    raise ClientError(status_code, response_json, response)
google.genai.errors.ClientError: 403 PERMISSION_DENIED. {'error': {'code': 403, 'message': 'This API method requires billing to be enabled. Please enable billing on project #gen-lang-client-0489271820 by visiting https://console.developers.google.com/billing/enable?project=gen-lang-client-0489271820 then retry. If you enabled billing for this project recently, wait a few minutes for the action to propagate to our systems and retry.', 'status': 'PERMISSION_DENIED', 'details': [{'@type': 'type.googleapis.com/google.rpc.ErrorInfo', 'reason': 'BILLING_DISABLED', 'domain': 'googleapis.com', 'metadata': {'service': 'aiplatform.googleapis.com', 'consumer': 'projects/gen-lang-client-0489271820', 'consoleUrl': 'https://console.developers.google.com/billing/enable?project=gen-lang-client-0489271820', 'containerInfo': 'gen-lang-client-0489271820'}}, {'@type': 'type.googleapis.com/google.rpc.LocalizedMessage', 'locale': 'en-US', 'message': 'This API method requires billing to be enabled. Please enable billing on project #gen-lang-client-0489271820 by visiting https://console.developers.google.com/billing/enable?project=gen-lang-client-0489271820 then retry. If you enabled billing for this project recently, wait a few minutes for the action to propagate to our systems and retry.'}, {'@type': 'type.googleapis.com/google.rpc.Help', 'links': [{'description': 'Google developers console billing', 'url': 'https://console.developers.google.com/billing/enable?project=gen-lang-client-0489271820'}]}]}}

During handling of the above exception, another exception occurred:

Traceback (most recent call last):
  File "/Users/harshdeepsingh/Projects/git_projects/autotube/agents/gcp_veo_agent.py", line 238, in generate
    operation = await self.client.submit_text_to_video(
                ^^^^^^^^^^^^^^^^^^^^^^^^^^^^^^^^^^^^^^^
    ...<2 lines>...
    )
    ^
  File "/Users/harshdeepsingh/Projects/git_projects/autotube/agents/gcp_veo_agent.py", line 122, in submit_text_to_video
    raise Exception(f"Failed to submit generation: {e}")
Exception: Failed to submit generation: 403 PERMISSION_DENIED. {'error': {'code': 403, 'message': 'This API method requires billing to be enabled. Please enable billing on project #gen-lang-client-0489271820 by visiting https://console.developers.google.com/billing/enable?project=gen-lang-client-0489271820 then retry. If you enabled billing for this project recently, wait a few minutes for the action to propagate to our systems and retry.', 'status': 'PERMISSION_DENIED', 'details': [{'@type': 'type.googleapis.com/google.rpc.ErrorInfo', 'reason': 'BILLING_DISABLED', 'domain': 'googleapis.com', 'metadata': {'service': 'aiplatform.googleapis.com', 'consumer': 'projects/gen-lang-client-0489271820', 'consoleUrl': 'https://console.developers.google.com/billing/enable?project=gen-lang-client-0489271820', 'containerInfo': 'gen-lang-client-0489271820'}}, {'@type': 'type.googleapis.com/google.rpc.LocalizedMessage', 'locale': 'en-US', 'message': 'This API method requires billing to be enabled. Please enable billing on project #gen-lang-client-0489271820 by visiting https://console.developers.google.com/billing/enable?project=gen-lang-client-0489271820 then retry. If you enabled billing for this project recently, wait a few minutes for the action to propagate to our systems and retry.'}, {'@type': 'type.googleapis.com/google.rpc.Help', 'links': [{'description': 'Google developers console billing', 'url': 'https://console.developers.google.com/billing/enable?project=gen-lang-client-0489271820'}]}]}}
2026-04-27 17:45:37,792 [INFO] agents.video_agent:     [_fetch_ai_image] Prompt: 'robot arm assembling office folders and documents under bright white spotlight' | Hash: 49eca317e9c2
2026-04-27 17:45:37,793 [INFO] agents.video_agent:     [_fetch_ai_image] Cache miss, trying image sources...
2026-04-27 17:45:37,793 [INFO] agents.video_agent:     [_fetch_ai_image] [1/2] Trying Vertex AI Imagen...
2026-04-27 17:45:37,834 [INFO] imagen: ✓ Imagen initialized with GCP service account
2026-04-27 17:45:37,834 [INFO] imagen: Calling Imagen: cinematic high quality robot arm assembling office folders a...
2026-04-27 17:45:39,547 [WARNING] imagen: Imagen generation failed: 404 Client Error: Not Found for url: https://us-central1-aiplatform.googleapis.com/v1/projects/gen-lang-client-0489271820/locations/us-central1/imageGenerators/imagegeneration:predict
2026-04-27 17:45:39,549 [INFO] agents.video_agent:     [_fetch_ai_image] [2/2] Trying Pollinations.ai...
2026-04-27 17:45:39,550 [INFO] agents.video_agent:     [_fetch_ai_image] Attempt 1/2: GET request...
2026-04-27 17:47:04,149 [INFO] agents.video_agent:     [_fetch_ai_image] ✓ Pollinations: 49eca317e9c2.jpg (65KB)
2026-04-27 17:47:04,151 [INFO] agents.video_agent:     [ken_burns] Image: 49eca317e9c2.jpg | Duration: 5.0s | Effect: pan_left
2026-04-27 17:47:04,151 [INFO] agents.video_agent:     [ken_burns] Frames: 120 | FFmpeg filter: zoom=1.15...
2026-04-27 17:47:04,152 [INFO] agents.video_agent:     [ken_burns] Cache miss, generating with FFmpeg...
2026-04-27 17:47:04,152 [INFO] agents.video_agent:     [ken_burns] Running FFmpeg command...
2026-04-27 17:47:05,069 [INFO] agents.video_agent:     [ken_burns] ✓ Generated: fx_bfd1e3793a7a.mp4 (2441KB)
2026-04-27 17:47:05,070 [INFO] agents.video_agent:     [ken_burns] Loading video clip from cache...
2026-04-27 17:47:05,115 [INFO] agents.video_agent:     [ken_burns] ✓ Clip loaded, duration: 5.0s
2026-04-27 17:47:05,115 [INFO] agents.video_agent: Section 4: ken_burns succeeded
2026-04-27 17:47:05,115 [INFO] agents.video_agent: Section 4/6 video: 'outputs/video_cache/fx_bfd1e3793a7a.mp4'
2026-04-27 17:47:05,115 [INFO] agents.gcp_veo_agent: Submitting Veo generation: two computer monitors side by side showing productivity dashboards warm desk lam...
2026-04-27 17:47:06,835 [INFO] httpx: HTTP Request: POST https://us-central1-aiplatform.googleapis.com/v1beta1/projects/gen-lang-client-0489271820/locations/us-central1/publishers/google/models/veo-3.1-generate-001:predictLongRunning "HTTP/1.1 403 Forbidden"
2026-04-27 17:47:06,845 [WARNING] agents.gcp_veo_agent: Veo generation failed: Failed to submit generation: 403 PERMISSION_DENIED. {'error': {'code': 403, 'message': 'This API method requires billing to be enabled. Please enable billing on project #gen-lang-client-0489271820 by visiting https://console.developers.google.com/billing/enable?project=gen-lang-client-0489271820 then retry. If you enabled billing for this project recently, wait a few minutes for the action to propagate to our systems and retry.', 'status': 'PERMISSION_DENIED', 'details': [{'@type': 'type.googleapis.com/google.rpc.ErrorInfo', 'reason': 'BILLING_DISABLED', 'domain': 'googleapis.com', 'metadata': {'service': 'aiplatform.googleapis.com', 'containerInfo': 'gen-lang-client-0489271820', 'consumer': 'projects/gen-lang-client-0489271820', 'consoleUrl': 'https://console.developers.google.com/billing/enable?project=gen-lang-client-0489271820'}}, {'@type': 'type.googleapis.com/google.rpc.LocalizedMessage', 'locale': 'en-US', 'message': 'This API method requires billing to be enabled. Please enable billing on project #gen-lang-client-0489271820 by visiting https://console.developers.google.com/billing/enable?project=gen-lang-client-0489271820 then retry. If you enabled billing for this project recently, wait a few minutes for the action to propagate to our systems and retry.'}, {'@type': 'type.googleapis.com/google.rpc.Help', 'links': [{'description': 'Google developers console billing', 'url': 'https://console.developers.google.com/billing/enable?project=gen-lang-client-0489271820'}]}]}}
Traceback (most recent call last):
  File "/Users/harshdeepsingh/Projects/git_projects/autotube/agents/gcp_veo_agent.py", line 100, in submit_text_to_video
    operation = self.client.models.generate_videos(
        model=VEO_MODEL,
    ...<9 lines>...
        ),
    )
  File "/Users/harshdeepsingh/Projects/git_projects/autotube/.venv/lib/python3.13/site-packages/google/genai/models.py", line 6786, in generate_videos
    return self._generate_videos(
           ~~~~~~~~~~~~~~~~~~~~~^
        model=model,
        ^^^^^^^^^^^^
    ...<4 lines>...
        config=config,
        ^^^^^^^^^^^^^^
    )
    ^
  File "/Users/harshdeepsingh/Projects/git_projects/autotube/.venv/lib/python3.13/site-packages/google/genai/models.py", line 6054, in _generate_videos
    response = self._api_client.request(
        'post', path, request_dict, http_options
    )
  File "/Users/harshdeepsingh/Projects/git_projects/autotube/.venv/lib/python3.13/site-packages/google/genai/_api_client.py", line 1537, in request
    response = self._request(http_request, http_options, stream=False)
  File "/Users/harshdeepsingh/Projects/git_projects/autotube/.venv/lib/python3.13/site-packages/google/genai/_api_client.py", line 1332, in _request
    return self._retry(self._request_once, http_request, stream)  # type: ignore[no-any-return]
           ~~~~~~~~~~~^^^^^^^^^^^^^^^^^^^^^^^^^^^^^^^^^^^^^^^^^^
  File "/Users/harshdeepsingh/Projects/git_projects/autotube/.venv/lib/python3.13/site-packages/tenacity/__init__.py", line 470, in __call__
    do = self.iter(retry_state=retry_state)
  File "/Users/harshdeepsingh/Projects/git_projects/autotube/.venv/lib/python3.13/site-packages/tenacity/__init__.py", line 371, in iter
    result = action(retry_state)
  File "/Users/harshdeepsingh/Projects/git_projects/autotube/.venv/lib/python3.13/site-packages/tenacity/__init__.py", line 413, in exc_check
    raise retry_exc.reraise()
          ~~~~~~~~~~~~~~~~~^^
  File "/Users/harshdeepsingh/Projects/git_projects/autotube/.venv/lib/python3.13/site-packages/tenacity/__init__.py", line 184, in reraise
    raise self.last_attempt.result()
          ~~~~~~~~~~~~~~~~~~~~~~~~^^
  File "/opt/homebrew/Cellar/python@3.13/3.13.3/Frameworks/Python.framework/Versions/3.13/lib/python3.13/concurrent/futures/_base.py", line 449, in result
    return self.__get_result()
           ~~~~~~~~~~~~~~~~~^^
  File "/opt/homebrew/Cellar/python@3.13/3.13.3/Frameworks/Python.framework/Versions/3.13/lib/python3.13/concurrent/futures/_base.py", line 401, in __get_result
    raise self._exception
  File "/Users/harshdeepsingh/Projects/git_projects/autotube/.venv/lib/python3.13/site-packages/tenacity/__init__.py", line 473, in __call__
    result = fn(*args, **kwargs)
  File "/Users/harshdeepsingh/Projects/git_projects/autotube/.venv/lib/python3.13/site-packages/google/genai/_api_client.py", line 1309, in _request_once
    errors.APIError.raise_for_response(response)
    ~~~~~~~~~~~~~~~~~~~~~~~~~~~~~~~~~~^^^^^^^^^^
  File "/Users/harshdeepsingh/Projects/git_projects/autotube/.venv/lib/python3.13/site-packages/google/genai/errors.py", line 155, in raise_for_response
    cls.raise_error(response.status_code, response_json, response)
    ~~~~~~~~~~~~~~~^^^^^^^^^^^^^^^^^^^^^^^^^^^^^^^^^^^^^^^^^^^^^^^
  File "/Users/harshdeepsingh/Projects/git_projects/autotube/.venv/lib/python3.13/site-packages/google/genai/errors.py", line 184, in raise_error
    raise ClientError(status_code, response_json, response)
google.genai.errors.ClientError: 403 PERMISSION_DENIED. {'error': {'code': 403, 'message': 'This API method requires billing to be enabled. Please enable billing on project #gen-lang-client-0489271820 by visiting https://console.developers.google.com/billing/enable?project=gen-lang-client-0489271820 then retry. If you enabled billing for this project recently, wait a few minutes for the action to propagate to our systems and retry.', 'status': 'PERMISSION_DENIED', 'details': [{'@type': 'type.googleapis.com/google.rpc.ErrorInfo', 'reason': 'BILLING_DISABLED', 'domain': 'googleapis.com', 'metadata': {'service': 'aiplatform.googleapis.com', 'containerInfo': 'gen-lang-client-0489271820', 'consumer': 'projects/gen-lang-client-0489271820', 'consoleUrl': 'https://console.developers.google.com/billing/enable?project=gen-lang-client-0489271820'}}, {'@type': 'type.googleapis.com/google.rpc.LocalizedMessage', 'locale': 'en-US', 'message': 'This API method requires billing to be enabled. Please enable billing on project #gen-lang-client-0489271820 by visiting https://console.developers.google.com/billing/enable?project=gen-lang-client-0489271820 then retry. If you enabled billing for this project recently, wait a few minutes for the action to propagate to our systems and retry.'}, {'@type': 'type.googleapis.com/google.rpc.Help', 'links': [{'description': 'Google developers console billing', 'url': 'https://console.developers.google.com/billing/enable?project=gen-lang-client-0489271820'}]}]}}

During handling of the above exception, another exception occurred:

Traceback (most recent call last):
  File "/Users/harshdeepsingh/Projects/git_projects/autotube/agents/gcp_veo_agent.py", line 238, in generate
    operation = await self.client.submit_text_to_video(
                ^^^^^^^^^^^^^^^^^^^^^^^^^^^^^^^^^^^^^^^
    ...<2 lines>...
    )
    ^
  File "/Users/harshdeepsingh/Projects/git_projects/autotube/agents/gcp_veo_agent.py", line 122, in submit_text_to_video
    raise Exception(f"Failed to submit generation: {e}")
Exception: Failed to submit generation: 403 PERMISSION_DENIED. {'error': {'code': 403, 'message': 'This API method requires billing to be enabled. Please enable billing on project #gen-lang-client-0489271820 by visiting https://console.developers.google.com/billing/enable?project=gen-lang-client-0489271820 then retry. If you enabled billing for this project recently, wait a few minutes for the action to propagate to our systems and retry.', 'status': 'PERMISSION_DENIED', 'details': [{'@type': 'type.googleapis.com/google.rpc.ErrorInfo', 'reason': 'BILLING_DISABLED', 'domain': 'googleapis.com', 'metadata': {'service': 'aiplatform.googleapis.com', 'containerInfo': 'gen-lang-client-0489271820', 'consumer': 'projects/gen-lang-client-0489271820', 'consoleUrl': 'https://console.developers.google.com/billing/enable?project=gen-lang-client-0489271820'}}, {'@type': 'type.googleapis.com/google.rpc.LocalizedMessage', 'locale': 'en-US', 'message': 'This API method requires billing to be enabled. Please enable billing on project #gen-lang-client-0489271820 by visiting https://console.developers.google.com/billing/enable?project=gen-lang-client-0489271820 then retry. If you enabled billing for this project recently, wait a few minutes for the action to propagate to our systems and retry.'}, {'@type': 'type.googleapis.com/google.rpc.Help', 'links': [{'description': 'Google developers console billing', 'url': 'https://console.developers.google.com/billing/enable?project=gen-lang-client-0489271820'}]}]}}
2026-04-27 17:47:06,850 [INFO] agents.video_agent:     [_fetch_ai_image] Prompt: 'two computer monitors side by side showing productivity dashboards warm desk lamp' | Hash: 012935ee290d
2026-04-27 17:47:06,850 [INFO] agents.video_agent:     [_fetch_ai_image] Cache miss, trying image sources...
2026-04-27 17:47:06,850 [INFO] agents.video_agent:     [_fetch_ai_image] [1/2] Trying Vertex AI Imagen...
2026-04-27 17:47:06,926 [INFO] imagen: ✓ Imagen initialized with GCP service account
2026-04-27 17:47:06,926 [INFO] imagen: Calling Imagen: cinematic high quality two computer monitors side by side sh...
2026-04-27 17:47:08,675 [WARNING] imagen: Imagen generation failed: 404 Client Error: Not Found for url: https://us-central1-aiplatform.googleapis.com/v1/projects/gen-lang-client-0489271820/locations/us-central1/imageGenerators/imagegeneration:predict
2026-04-27 17:47:08,677 [INFO] agents.video_agent:     [_fetch_ai_image] [2/2] Trying Pollinations.ai...
2026-04-27 17:47:08,677 [INFO] agents.video_agent:     [_fetch_ai_image] Attempt 1/2: GET request...
2026-04-27 17:48:34,351 [INFO] agents.video_agent:     [_fetch_ai_image] ✓ Pollinations: 012935ee290d.jpg (65KB)
2026-04-27 17:48:34,354 [INFO] agents.video_agent:     [ken_burns] Image: 012935ee290d.jpg | Duration: 5.0s | Effect: pan_left
2026-04-27 17:48:34,354 [INFO] agents.video_agent:     [ken_burns] Frames: 120 | FFmpeg filter: zoom=1.15...
2026-04-27 17:48:34,354 [INFO] agents.video_agent:     [ken_burns] Cache miss, generating with FFmpeg...
2026-04-27 17:48:34,355 [INFO] agents.video_agent:     [ken_burns] Running FFmpeg command...
2026-04-27 17:48:35,381 [INFO] agents.video_agent:     [ken_burns] ✓ Generated: fx_ffe96e50ae15.mp4 (2001KB)
2026-04-27 17:48:35,381 [INFO] agents.video_agent:     [ken_burns] Loading video clip from cache...
2026-04-27 17:48:35,430 [INFO] agents.video_agent:     [ken_burns] ✓ Clip loaded, duration: 5.0s
2026-04-27 17:48:35,430 [INFO] agents.video_agent: Section 5: ken_burns succeeded
2026-04-27 17:48:35,430 [INFO] agents.video_agent: Section 5/6 video: 'outputs/video_cache/fx_ffe96e50ae15.mp4'
2026-04-27 17:48:35,432 [INFO] agents.gcp_veo_agent: Submitting Veo generation: stock market growth chart glowing green with golden hour window light reflection...
2026-04-27 17:48:37,313 [INFO] httpx: HTTP Request: POST https://us-central1-aiplatform.googleapis.com/v1beta1/projects/gen-lang-client-0489271820/locations/us-central1/publishers/google/models/veo-3.1-generate-001:predictLongRunning "HTTP/1.1 403 Forbidden"
2026-04-27 17:48:37,315 [WARNING] agents.gcp_veo_agent: Veo generation failed: Failed to submit generation: 403 PERMISSION_DENIED. {'error': {'code': 403, 'message': 'This API method requires billing to be enabled. Please enable billing on project #gen-lang-client-0489271820 by visiting https://console.developers.google.com/billing/enable?project=gen-lang-client-0489271820 then retry. If you enabled billing for this project recently, wait a few minutes for the action to propagate to our systems and retry.', 'status': 'PERMISSION_DENIED', 'details': [{'@type': 'type.googleapis.com/google.rpc.ErrorInfo', 'reason': 'BILLING_DISABLED', 'domain': 'googleapis.com', 'metadata': {'service': 'aiplatform.googleapis.com', 'containerInfo': 'gen-lang-client-0489271820', 'consoleUrl': 'https://console.developers.google.com/billing/enable?project=gen-lang-client-0489271820', 'consumer': 'projects/gen-lang-client-0489271820'}}, {'@type': 'type.googleapis.com/google.rpc.LocalizedMessage', 'locale': 'en-US', 'message': 'This API method requires billing to be enabled. Please enable billing on project #gen-lang-client-0489271820 by visiting https://console.developers.google.com/billing/enable?project=gen-lang-client-0489271820 then retry. If you enabled billing for this project recently, wait a few minutes for the action to propagate to our systems and retry.'}, {'@type': 'type.googleapis.com/google.rpc.Help', 'links': [{'description': 'Google developers console billing', 'url': 'https://console.developers.google.com/billing/enable?project=gen-lang-client-0489271820'}]}]}}
Traceback (most recent call last):
  File "/Users/harshdeepsingh/Projects/git_projects/autotube/agents/gcp_veo_agent.py", line 100, in submit_text_to_video
    operation = self.client.models.generate_videos(
        model=VEO_MODEL,
    ...<9 lines>...
        ),
    )
  File "/Users/harshdeepsingh/Projects/git_projects/autotube/.venv/lib/python3.13/site-packages/google/genai/models.py", line 6786, in generate_videos
    return self._generate_videos(
           ~~~~~~~~~~~~~~~~~~~~~^
        model=model,
        ^^^^^^^^^^^^
    ...<4 lines>...
        config=config,
        ^^^^^^^^^^^^^^
    )
    ^
  File "/Users/harshdeepsingh/Projects/git_projects/autotube/.venv/lib/python3.13/site-packages/google/genai/models.py", line 6054, in _generate_videos
    response = self._api_client.request(
        'post', path, request_dict, http_options
    )
  File "/Users/harshdeepsingh/Projects/git_projects/autotube/.venv/lib/python3.13/site-packages/google/genai/_api_client.py", line 1537, in request
    response = self._request(http_request, http_options, stream=False)
  File "/Users/harshdeepsingh/Projects/git_projects/autotube/.venv/lib/python3.13/site-packages/google/genai/_api_client.py", line 1332, in _request
    return self._retry(self._request_once, http_request, stream)  # type: ignore[no-any-return]
           ~~~~~~~~~~~^^^^^^^^^^^^^^^^^^^^^^^^^^^^^^^^^^^^^^^^^^
  File "/Users/harshdeepsingh/Projects/git_projects/autotube/.venv/lib/python3.13/site-packages/tenacity/__init__.py", line 470, in __call__
    do = self.iter(retry_state=retry_state)
  File "/Users/harshdeepsingh/Projects/git_projects/autotube/.venv/lib/python3.13/site-packages/tenacity/__init__.py", line 371, in iter
    result = action(retry_state)
  File "/Users/harshdeepsingh/Projects/git_projects/autotube/.venv/lib/python3.13/site-packages/tenacity/__init__.py", line 413, in exc_check
    raise retry_exc.reraise()
          ~~~~~~~~~~~~~~~~~^^
  File "/Users/harshdeepsingh/Projects/git_projects/autotube/.venv/lib/python3.13/site-packages/tenacity/__init__.py", line 184, in reraise
    raise self.last_attempt.result()
          ~~~~~~~~~~~~~~~~~~~~~~~~^^
  File "/opt/homebrew/Cellar/python@3.13/3.13.3/Frameworks/Python.framework/Versions/3.13/lib/python3.13/concurrent/futures/_base.py", line 449, in result
    return self.__get_result()
           ~~~~~~~~~~~~~~~~~^^
  File "/opt/homebrew/Cellar/python@3.13/3.13.3/Frameworks/Python.framework/Versions/3.13/lib/python3.13/concurrent/futures/_base.py", line 401, in __get_result
    raise self._exception
  File "/Users/harshdeepsingh/Projects/git_projects/autotube/.venv/lib/python3.13/site-packages/tenacity/__init__.py", line 473, in __call__
    result = fn(*args, **kwargs)
  File "/Users/harshdeepsingh/Projects/git_projects/autotube/.venv/lib/python3.13/site-packages/google/genai/_api_client.py", line 1309, in _request_once
    errors.APIError.raise_for_response(response)
    ~~~~~~~~~~~~~~~~~~~~~~~~~~~~~~~~~~^^^^^^^^^^
  File "/Users/harshdeepsingh/Projects/git_projects/autotube/.venv/lib/python3.13/site-packages/google/genai/errors.py", line 155, in raise_for_response
    cls.raise_error(response.status_code, response_json, response)
    ~~~~~~~~~~~~~~~^^^^^^^^^^^^^^^^^^^^^^^^^^^^^^^^^^^^^^^^^^^^^^^
  File "/Users/harshdeepsingh/Projects/git_projects/autotube/.venv/lib/python3.13/site-packages/google/genai/errors.py", line 184, in raise_error
    raise ClientError(status_code, response_json, response)
google.genai.errors.ClientError: 403 PERMISSION_DENIED. {'error': {'code': 403, 'message': 'This API method requires billing to be enabled. Please enable billing on project #gen-lang-client-0489271820 by visiting https://console.developers.google.com/billing/enable?project=gen-lang-client-0489271820 then retry. If you enabled billing for this project recently, wait a few minutes for the action to propagate to our systems and retry.', 'status': 'PERMISSION_DENIED', 'details': [{'@type': 'type.googleapis.com/google.rpc.ErrorInfo', 'reason': 'BILLING_DISABLED', 'domain': 'googleapis.com', 'metadata': {'service': 'aiplatform.googleapis.com', 'containerInfo': 'gen-lang-client-0489271820', 'consoleUrl': 'https://console.developers.google.com/billing/enable?project=gen-lang-client-0489271820', 'consumer': 'projects/gen-lang-client-0489271820'}}, {'@type': 'type.googleapis.com/google.rpc.LocalizedMessage', 'locale': 'en-US', 'message': 'This API method requires billing to be enabled. Please enable billing on project #gen-lang-client-0489271820 by visiting https://console.developers.google.com/billing/enable?project=gen-lang-client-0489271820 then retry. If you enabled billing for this project recently, wait a few minutes for the action to propagate to our systems and retry.'}, {'@type': 'type.googleapis.com/google.rpc.Help', 'links': [{'description': 'Google developers console billing', 'url': 'https://console.developers.google.com/billing/enable?project=gen-lang-client-0489271820'}]}]}}

During handling of the above exception, another exception occurred:

Traceback (most recent call last):
  File "/Users/harshdeepsingh/Projects/git_projects/autotube/agents/gcp_veo_agent.py", line 238, in generate
    operation = await self.client.submit_text_to_video(
                ^^^^^^^^^^^^^^^^^^^^^^^^^^^^^^^^^^^^^^^
    ...<2 lines>...
    )
    ^
  File "/Users/harshdeepsingh/Projects/git_projects/autotube/agents/gcp_veo_agent.py", line 122, in submit_text_to_video
    raise Exception(f"Failed to submit generation: {e}")
Exception: Failed to submit generation: 403 PERMISSION_DENIED. {'error': {'code': 403, 'message': 'This API method requires billing to be enabled. Please enable billing on project #gen-lang-client-0489271820 by visiting https://console.developers.google.com/billing/enable?project=gen-lang-client-0489271820 then retry. If you enabled billing for this project recently, wait a few minutes for the action to propagate to our systems and retry.', 'status': 'PERMISSION_DENIED', 'details': [{'@type': 'type.googleapis.com/google.rpc.ErrorInfo', 'reason': 'BILLING_DISABLED', 'domain': 'googleapis.com', 'metadata': {'service': 'aiplatform.googleapis.com', 'containerInfo': 'gen-lang-client-0489271820', 'consoleUrl': 'https://console.developers.google.com/billing/enable?project=gen-lang-client-0489271820', 'consumer': 'projects/gen-lang-client-0489271820'}}, {'@type': 'type.googleapis.com/google.rpc.LocalizedMessage', 'locale': 'en-US', 'message': 'This API method requires billing to be enabled. Please enable billing on project #gen-lang-client-0489271820 by visiting https://console.developers.google.com/billing/enable?project=gen-lang-client-0489271820 then retry. If you enabled billing for this project recently, wait a few minutes for the action to propagate to our systems and retry.'}, {'@type': 'type.googleapis.com/google.rpc.Help', 'links': [{'description': 'Google developers console billing', 'url': 'https://console.developers.google.com/billing/enable?project=gen-lang-client-0489271820'}]}]}}
2026-04-27 17:48:37,319 [INFO] agents.video_agent:     [_fetch_ai_image] Prompt: 'stock market growth chart glowing green with golden hour window light reflection' | Hash: d5899bba5241
2026-04-27 17:48:37,319 [INFO] agents.video_agent:     [_fetch_ai_image] Cache miss, trying image sources...
2026-04-27 17:48:37,320 [INFO] agents.video_agent:     [_fetch_ai_image] [1/2] Trying Vertex AI Imagen...
2026-04-27 17:48:37,370 [INFO] imagen: ✓ Imagen initialized with GCP service account
2026-04-27 17:48:37,370 [INFO] imagen: Calling Imagen: cinematic high quality stock market growth chart glowing gre...
2026-04-27 17:48:39,052 [WARNING] imagen: Imagen generation failed: 404 Client Error: Not Found for url: https://us-central1-aiplatform.googleapis.com/v1/projects/gen-lang-client-0489271820/locations/us-central1/imageGenerators/imagegeneration:predict
2026-04-27 17:48:39,054 [INFO] agents.video_agent:     [_fetch_ai_image] [2/2] Trying Pollinations.ai...
2026-04-27 17:48:39,054 [INFO] agents.video_agent:     [_fetch_ai_image] Attempt 1/2: GET request...
2026-04-27 17:50:04,419 [INFO] agents.video_agent:     [_fetch_ai_image] ✓ Pollinations: d5899bba5241.jpg (67KB)
2026-04-27 17:50:04,422 [INFO] agents.video_agent:     [ken_burns] Image: d5899bba5241.jpg | Duration: 5.0s | Effect: pan_left
2026-04-27 17:50:04,422 [INFO] agents.video_agent:     [ken_burns] Frames: 120 | FFmpeg filter: zoom=1.15...
2026-04-27 17:50:04,422 [INFO] agents.video_agent:     [ken_burns] Cache miss, generating with FFmpeg...
2026-04-27 17:50:04,422 [INFO] agents.video_agent:     [ken_burns] Running FFmpeg command...
2026-04-27 17:50:05,405 [INFO] agents.video_agent:     [ken_burns] ✓ Generated: fx_37a787a07e46.mp4 (3333KB)
2026-04-27 17:50:05,405 [INFO] agents.video_agent:     [ken_burns] Loading video clip from cache...
2026-04-27 17:50:05,443 [INFO] agents.video_agent:     [ken_burns] ✓ Clip loaded, duration: 5.0s
2026-04-27 17:50:05,443 [INFO] agents.video_agent: Section 6: ken_burns succeeded
2026-04-27 17:50:05,444 [INFO] agents.video_agent: Section 6/6 video: 'outputs/video_cache/fx_37a787a07e46.mp4'
2026-04-27 17:50:05,444 [INFO] agents.video_agent: Section 1 animation: zoom_in_tl
2026-04-27 17:50:05,444 [INFO] agents.video_agent: Section 2 animation: drift_bl
2026-04-27 17:50:05,444 [INFO] agents.video_agent: Section 3 animation: zoom_in_drift_r
2026-04-27 17:50:05,444 [INFO] agents.video_agent: Section 4 animation: drift_br
2026-04-27 17:50:05,444 [INFO] agents.video_agent: Section 5 animation: zoom_in_br
2026-04-27 17:50:05,444 [INFO] agents.video_agent: Section 6 animation: zoom_in_bl
2026-04-27 17:50:05,444 [INFO] agents.video_agent: 
[SECTION 1/6] ─────────────────────────────────────
2026-04-27 17:50:05,444 [INFO] agents.video_agent:   Duration: 30.7s | Words: 70 | Effect: zoom_in_tl
2026-04-27 17:50:05,444 [INFO] agents.video_agent:   Clip path: outputs/video_cache/fx_2709daad989b.mp4
2026-04-27 17:50:05,444 [INFO] agents.video_agent:   Visual query: 'hourglass on dark desk with glowing orange sand falling slow motion'
2026-04-27 17:50:05,444 [INFO] agents.video_agent:   [MP4] Checking if prefetch video exists...
2026-04-27 17:50:05,559 [INFO] agents.video_agent: 
[SECTION 2/6] ─────────────────────────────────────
2026-04-27 17:50:05,559 [INFO] agents.video_agent:   Duration: 41.6s | Words: 95 | Effect: drift_bl
2026-04-27 17:50:05,559 [INFO] agents.video_agent:   Clip path: outputs/video_cache/fx_566935f47ed8.mp4
2026-04-27 17:50:05,559 [INFO] agents.video_agent:   Visual query: 'holographic bar chart rising rapidly with blue neon glow dark background'
2026-04-27 17:50:05,559 [INFO] agents.video_agent:   [MP4] Checking if prefetch video exists...
2026-04-27 17:50:05,624 [INFO] agents.video_agent: 
[SECTION 3/6] ─────────────────────────────────────
2026-04-27 17:50:05,624 [INFO] agents.video_agent:   Duration: 63.1s | Words: 144 | Effect: zoom_in_drift_r
2026-04-27 17:50:05,624 [INFO] agents.video_agent:   Clip path: outputs/video_cache/fx_b67080d53e96.mp4
2026-04-27 17:50:05,624 [INFO] agents.video_agent:   Visual query: 'hands typing fast on mechanical keyboard with green code reflecting on screen'
2026-04-27 17:50:05,624 [INFO] agents.video_agent:   [MP4] Checking if prefetch video exists...
2026-04-27 17:50:05,716 [INFO] agents.video_agent: 
[SECTION 4/6] ─────────────────────────────────────
2026-04-27 17:50:05,717 [INFO] agents.video_agent:   Duration: 67.0s | Words: 153 | Effect: drift_br
2026-04-27 17:50:05,717 [INFO] agents.video_agent:   Clip path: outputs/video_cache/fx_bfd1e3793a7a.mp4
2026-04-27 17:50:05,717 [INFO] agents.video_agent:   Visual query: 'robot arm assembling office folders and documents under bright white spotlight'
2026-04-27 17:50:05,717 [INFO] agents.video_agent:   [MP4] Checking if prefetch video exists...
2026-04-27 17:50:05,820 [INFO] agents.video_agent: 
[SECTION 5/6] ─────────────────────────────────────
2026-04-27 17:50:05,820 [INFO] agents.video_agent:   Duration: 67.0s | Words: 153 | Effect: zoom_in_br
2026-04-27 17:50:05,820 [INFO] agents.video_agent:   Clip path: outputs/video_cache/fx_ffe96e50ae15.mp4
2026-04-27 17:50:05,820 [INFO] agents.video_agent:   Visual query: 'two computer monitors side by side showing productivity dashboards warm desk lamp'
2026-04-27 17:50:05,820 [INFO] agents.video_agent:   [MP4] Checking if prefetch video exists...
2026-04-27 17:50:05,890 [INFO] agents.video_agent: 
[SECTION 6/6] ─────────────────────────────────────
2026-04-27 17:50:05,891 [INFO] agents.video_agent:   Duration: 40.3s | Words: 92 | Effect: zoom_in_bl
2026-04-27 17:50:05,891 [INFO] agents.video_agent:   Clip path: outputs/video_cache/fx_37a787a07e46.mp4
2026-04-27 17:50:05,891 [INFO] agents.video_agent:   Visual query: 'stock market growth chart glowing green with golden hour window light reflection'
2026-04-27 17:50:05,891 [INFO] agents.video_agent:   [MP4] Checking if prefetch video exists...
2026-04-27 17:50:05,968 [INFO] agents.video_agent: 
[BUILD_BASE_VIDEO] ═════════════════════════════════════════
2026-04-27 17:50:05,968 [INFO] agents.video_agent:   Total sections: 6
2026-04-27 17:50:05,968 [INFO] agents.video_agent:   Target duration: 309.6s
2026-04-27 17:50:05,968 [INFO] agents.video_agent:   Concatenating clips...
2026-04-27 17:50:06,014 [INFO] agents.video_agent:   Concatenated duration: 311.1s
2026-04-27 17:50:06,014 [INFO] agents.video_agent:   [TRIM] Trimming 1.5s excess
2026-04-27 17:50:06,016 [INFO] agents.video_agent:   Final duration: 309.6s ✓
2026-04-27 17:50:06,045 [WARNING] agents.video_agent: Section title card failed for 'WHY RIGHT NOW': unsupported operand type(s) for *: 'function' and 'float'
2026-04-27 17:50:06,046 [WARNING] agents.video_agent: Section title card failed for 'WORKFLOWS COLLAPSED OVERNIGHT': unsupported operand type(s) for *: 'function' and 'float'
2026-04-27 17:50:06,047 [WARNING] agents.video_agent: Section title card failed for 'THE JOBS NOBODY SAW': unsupported operand type(s) for *: 'function' and 'float'
2026-04-27 17:50:06,048 [WARNING] agents.video_agent: Section title card failed for 'THE PRODUCTIVITY GAP': unsupported operand type(s) for *: 'function' and 'float'
2026-04-27 17:50:06,049 [INFO] agents.video_agent: Generated SRT: outputs/20260427_b6da10/captions.srt (38 entries)
2026-04-27 17:50:06,050 [WARNING] agents.video_agent: Watermark failed: unsupported operand type(s) for *: 'function' and 'float'
2026-04-27 17:50:06,091 [INFO] agents.video_agent: Writing video: outputs/20260427_b6da10/video.mp4 (~5.2 min of footage, est. 5-8 min render)
MoviePy - Building video outputs/20260427_b6da10/video.mp4.
MoviePy - Writing audio in outputs/20260427_b6da10/tmp_audio.aac
chunk:   0%|          | 0/6827 [00:00<?, ?it/s, now=None]chunk:   3%|▎         | 171/6827 [00:00<00:03, 1707.22it/s, now=None]chunk:   5%|▌         | 347/6827 [00:00<00:03, 1735.63it/s, now=None]chunk:   8%|▊         | 521/6827 [00:00<00:03, 1708.19it/s, now=None]chunk:  10%|█         | 714/6827 [00:00<00:03, 1780.74it/s, now=None]chunk:  13%|█▎        | 905/6827 [00:00<00:03, 1821.92it/s, now=None]chunk:  16%|█▌        | 1095/6827 [00:00<00:03, 1847.33it/s, now=None]chunk:  19%|█▉        | 1289/6827 [00:00<00:02, 1872.38it/s, now=None]chunk:  22%|██▏       | 1513/6827 [00:00<00:02, 1987.86it/s, now=None]chunk:  26%|██▌       | 1745/6827 [00:00<00:02, 2077.27it/s, now=None]chunk:  29%|██▊       | 1953/6827 [00:01<00:02, 2021.54it/s, now=None]chunk:  32%|███▏      | 2171/6827 [00:01<00:02, 2062.04it/s, now=None]chunk:  36%|███▌      | 2437/6827 [00:01<00:01, 2239.45it/s, now=None]chunk:  39%|███▉      | 2695/6827 [00:01<00:01, 2340.56it/s, now=None]chunk:  43%|████▎     | 2931/6827 [00:01<00:01, 2332.68it/s, now=None]chunk:  47%|████▋     | 3186/6827 [00:01<00:01, 2390.64it/s, now=None]chunk:  51%|█████     | 3468/6827 [00:01<00:01, 2506.77it/s, now=None]chunk:  55%|█████▌    | 3770/6827 [00:01<00:01, 2649.97it/s, now=None]chunk:  59%|█████▉    | 4054/6827 [00:01<00:01, 2702.81it/s, now=None]chunk:  63%|██████▎   | 4325/6827 [00:01<00:01, 2480.04it/s, now=None]chunk:  67%|██████▋   | 4603/6827 [00:02<00:00, 2555.12it/s, now=None]chunk:  71%|███████   | 4862/6827 [00:02<00:00, 2455.82it/s, now=None]chunk:  75%|███████▍  | 5111/6827 [00:02<00:00, 2406.92it/s, now=None]chunk:  78%|███████▊  | 5354/6827 [00:02<00:00, 2256.51it/s, now=None]chunk:  82%|████████▏ | 5583/6827 [00:02<00:00, 2203.05it/s, now=None]chunk:  85%|████████▌ | 5805/6827 [00:02<00:00, 2131.08it/s, now=None]chunk:  88%|████████▊ | 6020/6827 [00:02<00:00, 2106.30it/s, now=None]chunk:  91%|█████████▏| 6232/6827 [00:02<00:00, 2091.91it/s, now=None]chunk:  95%|█████████▍| 6456/6827 [00:02<00:00, 2132.84it/s, now=None]chunk:  98%|█████████▊| 6670/6827 [00:03<00:00, 2124.09it/s, now=None]                                                                      MoviePy - Done.
MoviePy - Writing video outputs/20260427_b6da10/video.mp4

frame_index:   0%|          | 0/7429 [00:00<?, ?it/s, now=None]frame_index:   0%|          | 3/7429 [00:00<05:22, 23.05it/s, now=None]frame_index:   0%|          | 6/7429 [00:00<06:03, 20.45it/s, now=None]frame_index:   0%|          | 9/7429 [00:00<06:13, 19.85it/s, now=None]frame_index:   0%|          | 11/7429 [00:00<06:17, 19.66it/s, now=None]frame_index:   0%|          | 13/7429 [00:00<06:20, 19.51it/s, now=None]frame_index:   0%|          | 15/7429 [00:00<06:21, 19.43it/s, now=None]frame_index:   0%|          | 17/7429 [00:00<06:21, 19.42it/s, now=None]frame_index:   0%|          | 19/7429 [00:00<06:21, 19.43it/s, now=None]frame_index:   0%|          | 21/7429 [00:01<06:21, 19.39it/s, now=None]frame_index:   0%|          | 23/7429 [00:01<06:20, 19.44it/s, now=None]frame_index:   0%|          | 25/7429 [00:01<06:19, 19.49it/s, now=None]frame_index:   0%|          | 27/7429 [00:01<06:19, 19.51it/s, now=None]frame_index:   0%|          | 29/7429 [00:01<06:18, 19.54it/s, now=None]frame_index:   0%|          | 31/7429 [00:01<06:18, 19.56it/s, now=None]frame_index:   0%|          | 33/7429 [00:01<06:19, 19.49it/s, now=None]frame_index:   0%|          | 35/7429 [00:01<06:19, 19.50it/s, now=None]frame_index:   0%|          | 37/7429 [00:01<06:18, 19.53it/s, now=None]frame_index:   1%|          | 39/7429 [00:01<06:18, 19.51it/s, now=None]frame_index:   1%|          | 41/7429 [00:02<06:17, 19.56it/s, now=None]frame_index:   1%|          | 43/7429 [00:02<06:18, 19.52it/s, now=None]frame_index:   1%|          | 45/7429 [00:02<06:26, 19.09it/s, now=None]frame_index:   1%|          | 47/7429 [00:02<06:25, 19.16it/s, now=None]frame_index:   1%|          | 49/7429 [00:02<06:24, 19.21it/s, now=None]frame_index:   1%|          | 51/7429 [00:02<06:23, 19.26it/s, now=None]frame_index:   1%|          | 53/7429 [00:02<06:21, 19.34it/s, now=None]frame_index:   1%|          | 55/7429 [00:02<06:20, 19.37it/s, now=None]frame_index:   1%|          | 57/7429 [00:02<06:20, 19.39it/s, now=None]frame_index:   1%|          | 59/7429 [00:03<06:19, 19.43it/s, now=None]frame_index:   1%|          | 61/7429 [00:03<06:18, 19.47it/s, now=None]frame_index:   1%|          | 63/7429 [00:03<06:18, 19.44it/s, now=None]frame_index:   1%|          | 65/7429 [00:03<06:18, 19.45it/s, now=None]frame_index:   1%|          | 67/7429 [00:03<06:18, 19.43it/s, now=None]frame_index:   1%|          | 69/7429 [00:03<06:18, 19.45it/s, now=None]frame_index:   1%|          | 71/7429 [00:03<06:17, 19.48it/s, now=None]frame_index:   1%|          | 73/7429 [00:03<06:17, 19.47it/s, now=None]frame_index:   1%|          | 75/7429 [00:03<06:17, 19.48it/s, now=None]frame_index:   1%|          | 77/7429 [00:03<06:17, 19.45it/s, now=None]frame_index:   1%|          | 79/7429 [00:04<06:17, 19.48it/s, now=None]frame_index:   1%|          | 81/7429 [00:04<06:17, 19.47it/s, now=None]frame_index:   1%|          | 83/7429 [00:04<06:18, 19.42it/s, now=None]frame_index:   1%|          | 85/7429 [00:04<06:22, 19.21it/s, now=None]frame_index:   1%|          | 88/7429 [00:04<05:44, 21.33it/s, now=None]frame_index:   1%|          | 91/7429 [00:04<05:19, 22.95it/s, now=None]frame_index:   1%|▏         | 94/7429 [00:04<05:04, 24.11it/s, now=None]frame_index:   1%|▏         | 97/7429 [00:04<04:55, 24.85it/s, now=None]frame_index:   1%|▏         | 100/7429 [00:04<04:47, 25.45it/s, now=None]frame_index:   1%|▏         | 103/7429 [00:05<04:43, 25.87it/s, now=None]frame_index:   1%|▏         | 106/7429 [00:05<04:40, 26.14it/s, now=None]frame_index:   1%|▏         | 109/7429 [00:05<04:38, 26.25it/s, now=None]frame_index:   2%|▏         | 112/7429 [00:05<04:36, 26.45it/s, now=None]frame_index:   2%|▏         | 115/7429 [00:05<04:35, 26.58it/s, now=None]frame_index:   2%|▏         | 118/7429 [00:05<04:34, 26.63it/s, now=None]frame_index:   2%|▏         | 121/7429 [00:05<04:34, 26.60it/s, now=None]frame_index:   2%|▏         | 124/7429 [00:05<05:02, 24.16it/s, now=None]frame_index:   2%|▏         | 127/7429 [00:05<04:53, 24.90it/s, now=None]frame_index:   2%|▏         | 130/7429 [00:06<04:47, 25.39it/s, now=None]frame_index:   2%|▏         | 133/7429 [00:06<04:43, 25.72it/s, now=None]frame_index:   2%|▏         | 136/7429 [00:06<04:44, 25.60it/s, now=None]frame_index:   2%|▏         | 139/7429 [00:06<04:41, 25.88it/s, now=None]frame_index:   2%|▏         | 142/7429 [00:06<04:39, 26.11it/s, now=None]frame_index:   2%|▏         | 145/7429 [00:06<04:37, 26.28it/s, now=None]frame_index:   2%|▏         | 148/7429 [00:06<04:36, 26.37it/s, now=None]frame_index:   2%|▏         | 151/7429 [00:06<04:35, 26.44it/s, now=None]frame_index:   2%|▏         | 154/7429 [00:06<04:34, 26.47it/s, now=None]frame_index:   2%|▏         | 157/7429 [00:07<04:34, 26.50it/s, now=None]frame_index:   2%|▏         | 160/7429 [00:07<04:34, 26.46it/s, now=None]frame_index:   2%|▏         | 163/7429 [00:07<04:33, 26.53it/s, now=None]frame_index:   2%|▏         | 166/7429 [00:07<04:33, 26.51it/s, now=None]frame_index:   2%|▏         | 169/7429 [00:07<04:33, 26.57it/s, now=None]frame_index:   2%|▏         | 172/7429 [00:07<04:32, 26.59it/s, now=None]frame_index:   2%|▏         | 175/7429 [00:07<04:33, 26.57it/s, now=None]frame_index:   2%|▏         | 178/7429 [00:07<04:32, 26.60it/s, now=None]frame_index:   2%|▏         | 181/7429 [00:08<04:32, 26.61it/s, now=None]frame_index:   2%|▏         | 184/7429 [00:08<04:32, 26.60it/s, now=None]frame_index:   3%|▎         | 187/7429 [00:08<04:32, 26.57it/s, now=None]frame_index:   3%|▎         | 190/7429 [00:08<04:32, 26.60it/s, now=None]frame_index:   3%|▎         | 193/7429 [00:08<04:32, 26.60it/s, now=None]frame_index:   3%|▎         | 196/7429 [00:08<04:32, 26.57it/s, now=None]frame_index:   3%|▎         | 199/7429 [00:08<04:32, 26.49it/s, now=None]frame_index:   3%|▎         | 202/7429 [00:08<04:32, 26.48it/s, now=None]frame_index:   3%|▎         | 205/7429 [00:08<04:33, 26.43it/s, now=None]frame_index:   3%|▎         | 208/7429 [00:09<04:34, 26.33it/s, now=None]frame_index:   3%|▎         | 211/7429 [00:09<04:34, 26.30it/s, now=None]frame_index:   3%|▎         | 214/7429 [00:09<05:00, 24.00it/s, now=None]frame_index:   3%|▎         | 217/7429 [00:09<04:53, 24.61it/s, now=None]frame_index:   3%|▎         | 220/7429 [00:09<04:47, 25.10it/s, now=None]frame_index:   3%|▎         | 223/7429 [00:09<04:43, 25.44it/s, now=None]frame_index:   3%|▎         | 226/7429 [00:09<04:39, 25.75it/s, now=None]frame_index:   3%|▎         | 229/7429 [00:09<04:36, 26.00it/s, now=None]frame_index:   3%|▎         | 232/7429 [00:09<04:34, 26.23it/s, now=None]frame_index:   3%|▎         | 235/7429 [00:10<04:33, 26.34it/s, now=None]frame_index:   3%|▎         | 238/7429 [00:10<04:31, 26.45it/s, now=None]frame_index:   3%|▎         | 241/7429 [00:10<04:31, 26.45it/s, now=None]frame_index:   3%|▎         | 244/7429 [00:10<04:57, 24.18it/s, now=None]frame_index:   3%|▎         | 247/7429 [00:10<04:51, 24.65it/s, now=None]frame_index:   3%|▎         | 250/7429 [00:10<04:47, 24.96it/s, now=None]frame_index:   3%|▎         | 253/7429 [00:10<04:46, 25.05it/s, now=None]frame_index:   3%|▎         | 256/7429 [00:10<04:43, 25.27it/s, now=None]frame_index:   3%|▎         | 259/7429 [00:11<04:48, 24.83it/s, now=None]frame_index:   4%|▎         | 262/7429 [00:11<04:44, 25.17it/s, now=None]frame_index:   4%|▎         | 265/7429 [00:11<04:40, 25.55it/s, now=None]frame_index:   4%|▎         | 268/7429 [00:11<04:38, 25.71it/s, now=None]frame_index:   4%|▎         | 271/7429 [00:11<04:35, 25.94it/s, now=None]frame_index:   4%|▎         | 274/7429 [00:11<04:33, 26.13it/s, now=None]frame_index:   4%|▎         | 277/7429 [00:11<04:37, 25.81it/s, now=None]frame_index:   4%|▍         | 280/7429 [00:11<04:34, 26.00it/s, now=None]frame_index:   4%|▍         | 283/7429 [00:11<04:33, 26.11it/s, now=None]frame_index:   4%|▍         | 286/7429 [00:12<04:32, 26.23it/s, now=None]frame_index:   4%|▍         | 289/7429 [00:12<04:32, 26.20it/s, now=None]frame_index:   4%|▍         | 292/7429 [00:12<04:32, 26.18it/s, now=None]frame_index:   4%|▍         | 295/7429 [00:12<04:31, 26.26it/s, now=None]frame_index:   4%|▍         | 298/7429 [00:12<04:31, 26.30it/s, now=None]frame_index:   4%|▍         | 301/7429 [00:12<04:30, 26.35it/s, now=None]frame_index:   4%|▍         | 304/7429 [00:12<04:29, 26.39it/s, now=None]frame_index:   4%|▍         | 307/7429 [00:12<04:29, 26.41it/s, now=None]frame_index:   4%|▍         | 310/7429 [00:13<04:29, 26.41it/s, now=None]frame_index:   4%|▍         | 313/7429 [00:13<04:29, 26.37it/s, now=None]frame_index:   4%|▍         | 316/7429 [00:13<04:51, 24.38it/s, now=None]frame_index:   4%|▍         | 319/7429 [00:13<04:46, 24.85it/s, now=None]frame_index:   4%|▍         | 322/7429 [00:13<04:41, 25.24it/s, now=None]frame_index:   4%|▍         | 325/7429 [00:13<04:37, 25.56it/s, now=None]frame_index:   4%|▍         | 328/7429 [00:13<04:35, 25.80it/s, now=None]frame_index:   4%|▍         | 331/7429 [00:13<04:33, 25.98it/s, now=None]frame_index:   4%|▍         | 334/7429 [00:13<04:31, 26.09it/s, now=None]frame_index:   5%|▍         | 337/7429 [00:14<04:31, 26.13it/s, now=None]frame_index:   5%|▍         | 340/7429 [00:14<04:30, 26.24it/s, now=None]frame_index:   5%|▍         | 343/7429 [00:14<04:29, 26.29it/s, now=None]frame_index:   5%|▍         | 346/7429 [00:14<04:28, 26.33it/s, now=None]frame_index:   5%|▍         | 349/7429 [00:14<04:28, 26.40it/s, now=None]frame_index:   5%|▍         | 352/7429 [00:14<04:27, 26.49it/s, now=None]frame_index:   5%|▍         | 355/7429 [00:14<04:26, 26.53it/s, now=None]frame_index:   5%|▍         | 358/7429 [00:14<04:26, 26.52it/s, now=None]frame_index:   5%|▍         | 361/7429 [00:14<04:27, 26.44it/s, now=None]frame_index:   5%|▍         | 364/7429 [00:15<04:54, 23.95it/s, now=None]frame_index:   5%|▍         | 367/7429 [00:15<04:47, 24.56it/s, now=None]frame_index:   5%|▍         | 370/7429 [00:15<04:41, 25.10it/s, now=None]frame_index:   5%|▌         | 373/7429 [00:15<04:37, 25.47it/s, now=None]frame_index:   5%|▌         | 376/7429 [00:15<04:35, 25.62it/s, now=None]frame_index:   5%|▌         | 379/7429 [00:15<04:33, 25.78it/s, now=None]frame_index:   5%|▌         | 382/7429 [00:15<04:31, 25.98it/s, now=None]frame_index:   5%|▌         | 385/7429 [00:15<04:30, 26.05it/s, now=None]frame_index:   5%|▌         | 388/7429 [00:16<04:29, 26.17it/s, now=None]frame_index:   5%|▌         | 391/7429 [00:16<04:28, 26.18it/s, now=None]frame_index:   5%|▌         | 394/7429 [00:16<04:28, 26.21it/s, now=None]frame_index:   5%|▌         | 397/7429 [00:16<04:27, 26.25it/s, now=None]frame_index:   5%|▌         | 400/7429 [00:16<04:28, 26.19it/s, now=None]frame_index:   5%|▌         | 403/7429 [00:16<04:27, 26.23it/s, now=None]frame_index:   5%|▌         | 406/7429 [00:16<04:27, 26.25it/s, now=None]frame_index:   6%|▌         | 409/7429 [00:16<04:27, 26.26it/s, now=None]frame_index:   6%|▌         | 412/7429 [00:16<04:27, 26.27it/s, now=None]frame_index:   6%|▌         | 415/7429 [00:17<04:27, 26.24it/s, now=None]frame_index:   6%|▌         | 418/7429 [00:17<04:29, 26.01it/s, now=None]frame_index:   6%|▌         | 421/7429 [00:17<04:33, 25.59it/s, now=None]frame_index:   6%|▌         | 424/7429 [00:17<04:31, 25.76it/s, now=None]frame_index:   6%|▌         | 427/7429 [00:17<04:30, 25.90it/s, now=None]frame_index:   6%|▌         | 430/7429 [00:17<04:30, 25.84it/s, now=None]frame_index:   6%|▌         | 433/7429 [00:17<04:29, 25.96it/s, now=None]frame_index:   6%|▌         | 436/7429 [00:17<04:28, 26.08it/s, now=None]frame_index:   6%|▌         | 439/7429 [00:17<04:27, 26.13it/s, now=None]frame_index:   6%|▌         | 442/7429 [00:18<04:33, 25.50it/s, now=None]frame_index:   6%|▌         | 445/7429 [00:18<05:00, 23.20it/s, now=None]frame_index:   6%|▌         | 448/7429 [00:18<04:52, 23.85it/s, now=None]frame_index:   6%|▌         | 451/7429 [00:18<04:44, 24.54it/s, now=None]frame_index:   6%|▌         | 454/7429 [00:18<04:38, 25.00it/s, now=None]frame_index:   6%|▌         | 457/7429 [00:18<04:34, 25.37it/s, now=None]frame_index:   6%|▌         | 460/7429 [00:18<04:31, 25.63it/s, now=None]frame_index:   6%|▌         | 463/7429 [00:18<04:29, 25.86it/s, now=None]frame_index:   6%|▋         | 466/7429 [00:19<04:27, 26.03it/s, now=None]frame_index:   6%|▋         | 469/7429 [00:19<04:26, 26.12it/s, now=None]frame_index:   6%|▋         | 472/7429 [00:19<04:25, 26.19it/s, now=None]frame_index:   6%|▋         | 475/7429 [00:19<04:24, 26.26it/s, now=None]frame_index:   6%|▋         | 478/7429 [00:19<04:26, 26.13it/s, now=None]frame_index:   6%|▋         | 481/7429 [00:19<04:31, 25.63it/s, now=None]frame_index:   7%|▋         | 484/7429 [00:19<04:58, 23.26it/s, now=None]frame_index:   7%|▋         | 487/7429 [00:19<04:48, 24.05it/s, now=None]frame_index:   7%|▋         | 490/7429 [00:20<04:41, 24.67it/s, now=None]frame_index:   7%|▋         | 493/7429 [00:20<04:36, 25.08it/s, now=None]frame_index:   7%|▋         | 496/7429 [00:20<04:32, 25.44it/s, now=None]frame_index:   7%|▋         | 499/7429 [00:20<04:30, 25.64it/s, now=None]frame_index:   7%|▋         | 502/7429 [00:20<04:28, 25.81it/s, now=None]frame_index:   7%|▋         | 505/7429 [00:20<04:28, 25.81it/s, now=None]frame_index:   7%|▋         | 508/7429 [00:20<04:27, 25.91it/s, now=None]frame_index:   7%|▋         | 511/7429 [00:20<04:26, 25.98it/s, now=None]frame_index:   7%|▋         | 514/7429 [00:20<04:25, 26.03it/s, now=None]frame_index:   7%|▋         | 517/7429 [00:21<04:25, 26.03it/s, now=None]frame_index:   7%|▋         | 520/7429 [00:21<04:24, 26.09it/s, now=None]frame_index:   7%|▋         | 523/7429 [00:21<04:24, 26.13it/s, now=None]frame_index:   7%|▋         | 526/7429 [00:21<04:23, 26.19it/s, now=None]frame_index:   7%|▋         | 529/7429 [00:21<04:23, 26.16it/s, now=None]frame_index:   7%|▋         | 532/7429 [00:21<04:23, 26.16it/s, now=None]frame_index:   7%|▋         | 535/7429 [00:21<04:23, 26.19it/s, now=None]frame_index:   7%|▋         | 538/7429 [00:21<04:23, 26.14it/s, now=None]frame_index:   7%|▋         | 541/7429 [00:21<04:23, 26.12it/s, now=None]frame_index:   7%|▋         | 544/7429 [00:22<04:23, 26.11it/s, now=None]frame_index:   7%|▋         | 547/7429 [00:22<04:23, 26.15it/s, now=None]frame_index:   7%|▋         | 550/7429 [00:22<04:23, 26.11it/s, now=None]frame_index:   7%|▋         | 553/7429 [00:22<04:23, 26.11it/s, now=None]frame_index:   7%|▋         | 556/7429 [00:22<04:23, 26.11it/s, now=None]frame_index:   8%|▊         | 559/7429 [00:22<04:22, 26.14it/s, now=None]frame_index:   8%|▊         | 562/7429 [00:22<04:22, 26.14it/s, now=None]frame_index:   8%|▊         | 565/7429 [00:22<04:22, 26.10it/s, now=None]frame_index:   8%|▊         | 568/7429 [00:23<04:22, 26.17it/s, now=None]frame_index:   8%|▊         | 571/7429 [00:23<04:21, 26.24it/s, now=None]frame_index:   8%|▊         | 574/7429 [00:23<04:21, 26.21it/s, now=None]frame_index:   8%|▊         | 577/7429 [00:23<04:21, 26.19it/s, now=None]frame_index:   8%|▊         | 580/7429 [00:23<04:21, 26.20it/s, now=None]frame_index:   8%|▊         | 583/7429 [00:23<04:21, 26.22it/s, now=None]frame_index:   8%|▊         | 586/7429 [00:23<04:20, 26.25it/s, now=None]frame_index:   8%|▊         | 589/7429 [00:23<04:20, 26.23it/s, now=None]frame_index:   8%|▊         | 592/7429 [00:23<04:20, 26.23it/s, now=None]frame_index:   8%|▊         | 595/7429 [00:24<04:19, 26.32it/s, now=None]frame_index:   8%|▊         | 598/7429 [00:24<04:19, 26.31it/s, now=None]frame_index:   8%|▊         | 601/7429 [00:24<04:20, 26.20it/s, now=None]frame_index:   8%|▊         | 604/7429 [00:24<04:47, 23.75it/s, now=None]frame_index:   8%|▊         | 607/7429 [00:24<04:40, 24.36it/s, now=None]frame_index:   8%|▊         | 610/7429 [00:24<04:34, 24.87it/s, now=None]frame_index:   8%|▊         | 613/7429 [00:24<04:30, 25.21it/s, now=None]frame_index:   8%|▊         | 616/7429 [00:24<04:27, 25.49it/s, now=None]frame_index:   8%|▊         | 619/7429 [00:25<04:26, 25.60it/s, now=None]frame_index:   8%|▊         | 622/7429 [00:25<04:24, 25.72it/s, now=None]frame_index:   8%|▊         | 625/7429 [00:25<04:23, 25.80it/s, now=None]frame_index:   8%|▊         | 628/7429 [00:25<04:22, 25.94it/s, now=None]frame_index:   8%|▊         | 631/7429 [00:25<04:21, 25.98it/s, now=None]frame_index:   9%|▊         | 634/7429 [00:25<04:21, 26.03it/s, now=None]frame_index:   9%|▊         | 637/7429 [00:25<04:20, 26.08it/s, now=None]frame_index:   9%|▊         | 640/7429 [00:25<04:22, 25.84it/s, now=None]frame_index:   9%|▊         | 643/7429 [00:25<04:22, 25.90it/s, now=None]frame_index:   9%|▊         | 646/7429 [00:26<04:21, 25.95it/s, now=None]frame_index:   9%|▊         | 649/7429 [00:26<04:21, 25.96it/s, now=None]frame_index:   9%|▉         | 652/7429 [00:26<04:22, 25.81it/s, now=None]frame_index:   9%|▉         | 655/7429 [00:26<04:22, 25.77it/s, now=None]frame_index:   9%|▉         | 658/7429 [00:26<04:21, 25.89it/s, now=None]frame_index:   9%|▉         | 661/7429 [00:26<04:21, 25.90it/s, now=None]frame_index:   9%|▉         | 664/7429 [00:26<04:23, 25.69it/s, now=None]frame_index:   9%|▉         | 667/7429 [00:26<04:23, 25.70it/s, now=None]frame_index:   9%|▉         | 670/7429 [00:26<04:22, 25.79it/s, now=None]frame_index:   9%|▉         | 673/7429 [00:27<04:21, 25.88it/s, now=None]frame_index:   9%|▉         | 676/7429 [00:27<04:20, 25.93it/s, now=None]frame_index:   9%|▉         | 679/7429 [00:27<04:19, 25.97it/s, now=None]frame_index:   9%|▉         | 682/7429 [00:27<04:19, 26.00it/s, now=None]frame_index:   9%|▉         | 685/7429 [00:27<04:19, 26.04it/s, now=None]frame_index:   9%|▉         | 688/7429 [00:27<04:18, 26.05it/s, now=None]frame_index:   9%|▉         | 691/7429 [00:27<04:20, 25.86it/s, now=None]frame_index:   9%|▉         | 694/7429 [00:27<04:19, 25.91it/s, now=None]frame_index:   9%|▉         | 697/7429 [00:28<04:19, 25.96it/s, now=None]frame_index:   9%|▉         | 700/7429 [00:28<04:18, 26.03it/s, now=None]frame_index:   9%|▉         | 703/7429 [00:28<04:40, 23.97it/s, now=None]frame_index:  10%|▉         | 706/7429 [00:28<05:07, 21.90it/s, now=None]frame_index:  10%|▉         | 709/7429 [00:28<05:41, 19.65it/s, now=None]frame_index:  10%|▉         | 712/7429 [00:28<05:30, 20.34it/s, now=None]frame_index:  10%|▉         | 715/7429 [00:28<05:14, 21.37it/s, now=None]frame_index:  10%|▉         | 718/7429 [00:29<05:04, 22.04it/s, now=None]frame_index:  10%|▉         | 721/7429 [00:29<04:50, 23.08it/s, now=None]frame_index:  10%|▉         | 724/7429 [00:29<05:07, 21.82it/s, now=None]frame_index:  10%|▉         | 727/7429 [00:29<04:53, 22.80it/s, now=None]frame_index:  10%|▉         | 730/7429 [00:29<04:43, 23.65it/s, now=None]frame_index:  10%|▉         | 733/7429 [00:29<04:35, 24.28it/s, now=None]frame_index:  10%|▉         | 736/7429 [00:29<04:31, 24.62it/s, now=None]frame_index:  10%|▉         | 739/7429 [00:29<04:31, 24.65it/s, now=None]frame_index:  10%|▉         | 742/7429 [00:29<04:22, 25.51it/s, now=None]frame_index:  10%|█         | 745/7429 [00:30<04:16, 26.03it/s, now=None]frame_index:  10%|█         | 748/7429 [00:30<04:21, 25.55it/s, now=None]frame_index:  10%|█         | 751/7429 [00:30<04:27, 24.99it/s, now=None]frame_index:  10%|█         | 754/7429 [00:30<04:28, 24.83it/s, now=None]frame_index:  10%|█         | 757/7429 [00:30<04:27, 24.96it/s, now=None]frame_index:  10%|█         | 760/7429 [00:30<04:25, 25.10it/s, now=None]frame_index:  10%|█         | 763/7429 [00:30<04:24, 25.21it/s, now=None]frame_index:  10%|█         | 766/7429 [00:30<04:23, 25.32it/s, now=None]frame_index:  10%|█         | 769/7429 [00:31<04:21, 25.51it/s, now=None]frame_index:  10%|█         | 772/7429 [00:31<04:19, 25.62it/s, now=None]frame_index:  10%|█         | 775/7429 [00:31<04:18, 25.71it/s, now=None]frame_index:  10%|█         | 778/7429 [00:31<04:17, 25.80it/s, now=None]frame_index:  11%|█         | 781/7429 [00:31<04:19, 25.65it/s, now=None]frame_index:  11%|█         | 784/7429 [00:31<04:19, 25.57it/s, now=None]frame_index:  11%|█         | 787/7429 [00:31<04:18, 25.68it/s, now=None]frame_index:  11%|█         | 790/7429 [00:31<04:17, 25.75it/s, now=None]frame_index:  11%|█         | 793/7429 [00:31<04:17, 25.82it/s, now=None]frame_index:  11%|█         | 796/7429 [00:32<04:16, 25.90it/s, now=None]frame_index:  11%|█         | 799/7429 [00:32<04:16, 25.88it/s, now=None]frame_index:  11%|█         | 802/7429 [00:32<04:16, 25.79it/s, now=None]frame_index:  11%|█         | 805/7429 [00:32<04:16, 25.82it/s, now=None]frame_index:  11%|█         | 808/7429 [00:32<04:16, 25.86it/s, now=None]frame_index:  11%|█         | 811/7429 [00:32<04:15, 25.91it/s, now=None]frame_index:  11%|█         | 814/7429 [00:32<04:14, 25.96it/s, now=None]frame_index:  11%|█         | 817/7429 [00:32<04:14, 25.94it/s, now=None]frame_index:  11%|█         | 820/7429 [00:33<04:14, 25.94it/s, now=None]frame_index:  11%|█         | 823/7429 [00:33<04:14, 25.98it/s, now=None]frame_index:  11%|█         | 826/7429 [00:33<04:15, 25.85it/s, now=None]frame_index:  11%|█         | 829/7429 [00:33<04:15, 25.88it/s, now=None]frame_index:  11%|█         | 832/7429 [00:33<04:15, 25.87it/s, now=None]frame_index:  11%|█         | 835/7429 [00:33<04:14, 25.93it/s, now=None]frame_index:  11%|█▏        | 838/7429 [00:33<04:14, 25.92it/s, now=None]frame_index:  11%|█▏        | 841/7429 [00:33<04:13, 25.97it/s, now=None]frame_index:  11%|█▏        | 844/7429 [00:33<04:13, 25.99it/s, now=None]frame_index:  11%|█▏        | 847/7429 [00:34<04:12, 26.03it/s, now=None]frame_index:  11%|█▏        | 850/7429 [00:34<04:13, 26.00it/s, now=None]frame_index:  11%|█▏        | 853/7429 [00:34<04:16, 25.66it/s, now=None]frame_index:  12%|█▏        | 856/7429 [00:34<04:15, 25.69it/s, now=None]frame_index:  12%|█▏        | 859/7429 [00:34<04:15, 25.72it/s, now=None]frame_index:  12%|█▏        | 862/7429 [00:34<04:14, 25.76it/s, now=None]frame_index:  12%|█▏        | 865/7429 [00:34<04:40, 23.44it/s, now=None]frame_index:  12%|█▏        | 868/7429 [00:34<04:32, 24.06it/s, now=None]frame_index:  12%|█▏        | 871/7429 [00:35<04:26, 24.62it/s, now=None]frame_index:  12%|█▏        | 874/7429 [00:35<04:22, 25.01it/s, now=None]frame_index:  12%|█▏        | 877/7429 [00:35<04:18, 25.30it/s, now=None]frame_index:  12%|█▏        | 880/7429 [00:35<04:16, 25.52it/s, now=None]frame_index:  12%|█▏        | 883/7429 [00:35<04:14, 25.69it/s, now=None]frame_index:  12%|█▏        | 886/7429 [00:35<04:13, 25.78it/s, now=None]frame_index:  12%|█▏        | 889/7429 [00:35<04:13, 25.82it/s, now=None]frame_index:  12%|█▏        | 892/7429 [00:35<04:12, 25.86it/s, now=None]frame_index:  12%|█▏        | 895/7429 [00:35<04:12, 25.91it/s, now=None]frame_index:  12%|█▏        | 898/7429 [00:36<04:11, 25.93it/s, now=None]frame_index:  12%|█▏        | 901/7429 [00:36<04:11, 25.95it/s, now=None]frame_index:  12%|█▏        | 904/7429 [00:36<04:11, 25.95it/s, now=None]frame_index:  12%|█▏        | 907/7429 [00:36<04:10, 26.01it/s, now=None]frame_index:  12%|█▏        | 910/7429 [00:36<04:10, 25.99it/s, now=None]frame_index:  12%|█▏        | 913/7429 [00:36<04:10, 25.98it/s, now=None]frame_index:  12%|█▏        | 916/7429 [00:36<04:11, 25.90it/s, now=None]frame_index:  12%|█▏        | 919/7429 [00:36<04:11, 25.88it/s, now=None]frame_index:  12%|█▏        | 922/7429 [00:37<04:11, 25.90it/s, now=None]frame_index:  12%|█▏        | 925/7429 [00:37<04:10, 25.94it/s, now=None]frame_index:  12%|█▏        | 928/7429 [00:37<04:10, 25.95it/s, now=None]frame_index:  13%|█▎        | 931/7429 [00:37<04:10, 25.93it/s, now=None]frame_index:  13%|█▎        | 934/7429 [00:37<04:10, 25.93it/s, now=None]frame_index:  13%|█▎        | 937/7429 [00:37<04:18, 25.12it/s, now=None]frame_index:  13%|█▎        | 940/7429 [00:37<04:19, 25.00it/s, now=None]frame_index:  13%|█▎        | 943/7429 [00:37<04:16, 25.26it/s, now=None]frame_index:  13%|█▎        | 946/7429 [00:37<04:14, 25.47it/s, now=None]frame_index:  13%|█▎        | 949/7429 [00:38<04:12, 25.68it/s, now=None]frame_index:  13%|█▎        | 952/7429 [00:38<04:11, 25.80it/s, now=None]frame_index:  13%|█▎        | 955/7429 [00:38<04:10, 25.82it/s, now=None]frame_index:  13%|█▎        | 958/7429 [00:38<04:10, 25.86it/s, now=None]frame_index:  13%|█▎        | 961/7429 [00:38<04:09, 25.91it/s, now=None]frame_index:  13%|█▎        | 964/7429 [00:38<04:08, 26.01it/s, now=None]frame_index:  13%|█▎        | 967/7429 [00:38<04:08, 26.05it/s, now=None]frame_index:  13%|█▎        | 970/7429 [00:38<04:07, 26.07it/s, now=None]frame_index:  13%|█▎        | 973/7429 [00:38<04:07, 26.09it/s, now=None]frame_index:  13%|█▎        | 976/7429 [00:39<04:07, 26.11it/s, now=None]frame_index:  13%|█▎        | 979/7429 [00:39<04:08, 26.01it/s, now=None]frame_index:  13%|█▎        | 982/7429 [00:39<04:15, 25.21it/s, now=None]frame_index:  13%|█▎        | 985/7429 [00:39<04:34, 23.47it/s, now=None]frame_index:  13%|█▎        | 988/7429 [00:39<04:27, 24.05it/s, now=None]frame_index:  13%|█▎        | 991/7429 [00:39<04:21, 24.62it/s, now=None]frame_index:  13%|█▎        | 994/7429 [00:39<04:17, 25.01it/s, now=None]frame_index:  13%|█▎        | 997/7429 [00:39<04:14, 25.32it/s, now=None]frame_index:  13%|█▎        | 1000/7429 [00:40<04:12, 25.47it/s, now=None]frame_index:  14%|█▎        | 1003/7429 [00:40<04:10, 25.63it/s, now=None]frame_index:  14%|█▎        | 1006/7429 [00:40<04:10, 25.69it/s, now=None]frame_index:  14%|█▎        | 1009/7429 [00:40<04:10, 25.63it/s, now=None]frame_index:  14%|█▎        | 1012/7429 [00:40<04:13, 25.29it/s, now=None]frame_index:  14%|█▎        | 1015/7429 [00:40<04:14, 25.25it/s, now=None]frame_index:  14%|█▎        | 1018/7429 [00:40<04:15, 25.07it/s, now=None]frame_index:  14%|█▎        | 1021/7429 [00:40<04:14, 25.20it/s, now=None]frame_index:  14%|█▍        | 1024/7429 [00:41<04:20, 24.58it/s, now=None]frame_index:  14%|█▍        | 1027/7429 [00:41<04:16, 24.96it/s, now=None]frame_index:  14%|█▍        | 1030/7429 [00:41<04:13, 25.27it/s, now=None]frame_index:  14%|█▍        | 1033/7429 [00:41<04:13, 25.24it/s, now=None]frame_index:  14%|█▍        | 1036/7429 [00:41<04:11, 25.40it/s, now=None]frame_index:  14%|█▍        | 1039/7429 [00:41<04:09, 25.57it/s, now=None]frame_index:  14%|█▍        | 1042/7429 [00:41<04:08, 25.68it/s, now=None]frame_index:  14%|█▍        | 1045/7429 [00:41<04:08, 25.73it/s, now=None]frame_index:  14%|█▍        | 1048/7429 [00:41<04:07, 25.76it/s, now=None]frame_index:  14%|█▍        | 1051/7429 [00:42<04:07, 25.76it/s, now=None]frame_index:  14%|█▍        | 1054/7429 [00:42<04:07, 25.75it/s, now=None]frame_index:  14%|█▍        | 1057/7429 [00:42<04:06, 25.81it/s, now=None]frame_index:  14%|█▍        | 1060/7429 [00:42<04:06, 25.85it/s, now=None]frame_index:  14%|█▍        | 1063/7429 [00:42<04:13, 25.08it/s, now=None]frame_index:  14%|█▍        | 1066/7429 [00:42<04:23, 24.13it/s, now=None]frame_index:  14%|█▍        | 1069/7429 [00:42<04:19, 24.48it/s, now=None]frame_index:  14%|█▍        | 1072/7429 [00:42<04:15, 24.91it/s, now=None]frame_index:  14%|█▍        | 1075/7429 [00:43<04:12, 25.17it/s, now=None]frame_index:  15%|█▍        | 1078/7429 [00:43<04:09, 25.41it/s, now=None]frame_index:  15%|█▍        | 1081/7429 [00:43<05:24, 19.55it/s, now=None]frame_index:  15%|█▍        | 1084/7429 [00:43<05:06, 20.67it/s, now=None]frame_index:  15%|█▍        | 1087/7429 [00:43<04:49, 21.93it/s, now=None]frame_index:  15%|█▍        | 1090/7429 [00:43<04:36, 22.95it/s, now=None]frame_index:  15%|█▍        | 1093/7429 [00:43<04:26, 23.81it/s, now=None]frame_index:  15%|█▍        | 1096/7429 [00:43<04:18, 24.46it/s, now=None]frame_index:  15%|█▍        | 1099/7429 [00:44<04:13, 24.96it/s, now=None]frame_index:  15%|█▍        | 1102/7429 [00:44<04:10, 25.31it/s, now=None]frame_index:  15%|█▍        | 1105/7429 [00:44<04:29, 23.44it/s, now=None]frame_index:  15%|█▍        | 1108/7429 [00:44<04:22, 24.05it/s, now=None]frame_index:  15%|█▍        | 1111/7429 [00:44<04:16, 24.61it/s, now=None]frame_index:  15%|█▍        | 1114/7429 [00:44<04:12, 25.02it/s, now=None]frame_index:  15%|█▌        | 1117/7429 [00:44<04:09, 25.26it/s, now=None]frame_index:  15%|█▌        | 1120/7429 [00:44<04:07, 25.50it/s, now=None]frame_index:  15%|█▌        | 1123/7429 [00:45<04:05, 25.66it/s, now=None]frame_index:  15%|█▌        | 1126/7429 [00:45<04:04, 25.77it/s, now=None]frame_index:  15%|█▌        | 1129/7429 [00:45<04:06, 25.54it/s, now=None]frame_index:  15%|█▌        | 1132/7429 [00:45<04:06, 25.55it/s, now=None]frame_index:  15%|█▌        | 1135/7429 [00:45<04:05, 25.61it/s, now=None]frame_index:  15%|█▌        | 1138/7429 [00:45<04:05, 25.66it/s, now=None]frame_index:  15%|█▌        | 1141/7429 [00:45<04:04, 25.71it/s, now=None]frame_index:  15%|█▌        | 1144/7429 [00:45<04:03, 25.80it/s, now=None]frame_index:  15%|█▌        | 1147/7429 [00:45<04:03, 25.81it/s, now=None]frame_index:  15%|█▌        | 1150/7429 [00:46<04:02, 25.91it/s, now=None]frame_index:  16%|█▌        | 1153/7429 [00:46<04:02, 25.89it/s, now=None]frame_index:  16%|█▌        | 1156/7429 [00:46<04:02, 25.85it/s, now=None]frame_index:  16%|█▌        | 1159/7429 [00:46<04:02, 25.84it/s, now=None]frame_index:  16%|█▌        | 1162/7429 [00:46<04:02, 25.86it/s, now=None]frame_index:  16%|█▌        | 1165/7429 [00:46<04:02, 25.85it/s, now=None]frame_index:  16%|█▌        | 1168/7429 [00:46<04:02, 25.80it/s, now=None]frame_index:  16%|█▌        | 1171/7429 [00:46<04:02, 25.83it/s, now=None]frame_index:  16%|█▌        | 1174/7429 [00:47<04:01, 25.85it/s, now=None]frame_index:  16%|█▌        | 1177/7429 [00:47<04:02, 25.81it/s, now=None]frame_index:  16%|█▌        | 1180/7429 [00:47<04:02, 25.81it/s, now=None]frame_index:  16%|█▌        | 1183/7429 [00:47<04:01, 25.82it/s, now=None]frame_index:  16%|█▌        | 1186/7429 [00:47<04:01, 25.87it/s, now=None]frame_index:  16%|█▌        | 1189/7429 [00:47<04:01, 25.85it/s, now=None]frame_index:  16%|█▌        | 1192/7429 [00:47<04:30, 23.08it/s, now=None]frame_index:  16%|█▌        | 1195/7429 [00:47<04:21, 23.86it/s, now=None]frame_index:  16%|█▌        | 1198/7429 [00:47<04:14, 24.47it/s, now=None]frame_index:  16%|█▌        | 1201/7429 [00:48<04:10, 24.86it/s, now=None]frame_index:  16%|█▌        | 1204/7429 [00:48<04:07, 25.14it/s, now=None]frame_index:  16%|█▌        | 1207/7429 [00:48<04:05, 25.30it/s, now=None]frame_index:  16%|█▋        | 1210/7429 [00:48<04:03, 25.54it/s, now=None]frame_index:  16%|█▋        | 1213/7429 [00:48<04:02, 25.67it/s, now=None]frame_index:  16%|█▋        | 1216/7429 [00:48<04:00, 25.79it/s, now=None]frame_index:  16%|█▋        | 1219/7429 [00:48<04:00, 25.87it/s, now=None]frame_index:  16%|█▋        | 1222/7429 [00:48<03:59, 25.93it/s, now=None]frame_index:  16%|█▋        | 1225/7429 [00:49<04:20, 23.83it/s, now=None]frame_index:  17%|█▋        | 1228/7429 [00:49<04:14, 24.33it/s, now=None]frame_index:  17%|█▋        | 1231/7429 [00:49<04:10, 24.74it/s, now=None]frame_index:  17%|█▋        | 1234/7429 [00:49<04:06, 25.12it/s, now=None]frame_index:  17%|█▋        | 1237/7429 [00:49<04:04, 25.36it/s, now=None]frame_index:  17%|█▋        | 1240/7429 [00:49<04:06, 25.08it/s, now=None]frame_index:  17%|█▋        | 1243/7429 [00:49<04:04, 25.25it/s, now=None]frame_index:  17%|█▋        | 1246/7429 [00:49<04:03, 25.43it/s, now=None]frame_index:  17%|█▋        | 1249/7429 [00:50<04:01, 25.58it/s, now=None]frame_index:  17%|█▋        | 1252/7429 [00:50<04:00, 25.71it/s, now=None]frame_index:  17%|█▋        | 1255/7429 [00:50<04:03, 25.34it/s, now=None]frame_index:  17%|█▋        | 1258/7429 [00:50<04:05, 25.12it/s, now=None]frame_index:  17%|█▋        | 1261/7429 [00:50<04:05, 25.12it/s, now=None]frame_index:  17%|█▋        | 1264/7429 [00:50<04:04, 25.22it/s, now=None]frame_index:  17%|█▋        | 1267/7429 [00:50<04:02, 25.39it/s, now=None]frame_index:  17%|█▋        | 1270/7429 [00:50<04:02, 25.39it/s, now=None]frame_index:  17%|█▋        | 1273/7429 [00:50<04:01, 25.51it/s, now=None]frame_index:  17%|█▋        | 1276/7429 [00:51<04:00, 25.61it/s, now=None]frame_index:  17%|█▋        | 1279/7429 [00:51<03:59, 25.64it/s, now=None]frame_index:  17%|█▋        | 1282/7429 [00:51<04:00, 25.54it/s, now=None]frame_index:  17%|█▋        | 1285/7429 [00:51<03:59, 25.65it/s, now=None]frame_index:  17%|█▋        | 1288/7429 [00:51<03:58, 25.72it/s, now=None]frame_index:  17%|█▋        | 1291/7429 [00:51<03:57, 25.80it/s, now=None]frame_index:  17%|█▋        | 1294/7429 [00:51<03:57, 25.79it/s, now=None]frame_index:  17%|█▋        | 1297/7429 [00:51<03:57, 25.85it/s, now=None]frame_index:  17%|█▋        | 1300/7429 [00:52<03:56, 25.88it/s, now=None]frame_index:  18%|█▊        | 1303/7429 [00:52<03:56, 25.90it/s, now=None]frame_index:  18%|█▊        | 1306/7429 [00:52<03:56, 25.89it/s, now=None]frame_index:  18%|█▊        | 1309/7429 [00:52<03:56, 25.87it/s, now=None]frame_index:  18%|█▊        | 1312/7429 [00:52<03:56, 25.89it/s, now=None]frame_index:  18%|█▊        | 1315/7429 [00:52<03:56, 25.90it/s, now=None]frame_index:  18%|█▊        | 1318/7429 [00:52<03:55, 25.94it/s, now=None]frame_index:  18%|█▊        | 1321/7429 [00:52<03:55, 25.94it/s, now=None]frame_index:  18%|█▊        | 1324/7429 [00:52<03:54, 25.98it/s, now=None]frame_index:  18%|█▊        | 1327/7429 [00:53<03:54, 26.04it/s, now=None]frame_index:  18%|█▊        | 1330/7429 [00:53<03:54, 26.04it/s, now=None]frame_index:  18%|█▊        | 1333/7429 [00:53<03:54, 25.98it/s, now=None]frame_index:  18%|█▊        | 1336/7429 [00:53<03:54, 26.01it/s, now=None]frame_index:  18%|█▊        | 1339/7429 [00:53<03:54, 26.01it/s, now=None]frame_index:  18%|█▊        | 1342/7429 [00:53<03:53, 26.05it/s, now=None]frame_index:  18%|█▊        | 1345/7429 [00:53<04:18, 23.49it/s, now=None]frame_index:  18%|█▊        | 1348/7429 [00:53<04:12, 24.12it/s, now=None]frame_index:  18%|█▊        | 1351/7429 [00:54<04:06, 24.61it/s, now=None]frame_index:  18%|█▊        | 1354/7429 [00:54<04:03, 24.98it/s, now=None]frame_index:  18%|█▊        | 1357/7429 [00:54<04:00, 25.25it/s, now=None]frame_index:  18%|█▊        | 1360/7429 [00:54<03:58, 25.44it/s, now=None]frame_index:  18%|█▊        | 1363/7429 [00:54<03:56, 25.60it/s, now=None]frame_index:  18%|█▊        | 1366/7429 [00:54<03:55, 25.71it/s, now=None]frame_index:  18%|█▊        | 1369/7429 [00:54<03:55, 25.75it/s, now=None]frame_index:  18%|█▊        | 1372/7429 [00:54<03:54, 25.78it/s, now=None]frame_index:  19%|█▊        | 1375/7429 [00:54<03:54, 25.82it/s, now=None]frame_index:  19%|█▊        | 1378/7429 [00:55<03:54, 25.85it/s, now=None]frame_index:  19%|█▊        | 1381/7429 [00:55<03:53, 25.85it/s, now=None]frame_index:  19%|█▊        | 1384/7429 [00:55<03:54, 25.82it/s, now=None]frame_index:  19%|█▊        | 1387/7429 [00:55<03:53, 25.84it/s, now=None]frame_index:  19%|█▊        | 1390/7429 [00:55<03:53, 25.84it/s, now=None]frame_index:  19%|█▉        | 1393/7429 [00:55<03:53, 25.83it/s, now=None]frame_index:  19%|█▉        | 1396/7429 [00:55<03:53, 25.80it/s, now=None]frame_index:  19%|█▉        | 1399/7429 [00:55<03:53, 25.79it/s, now=None]frame_index:  19%|█▉        | 1402/7429 [00:55<03:53, 25.80it/s, now=None]frame_index:  19%|█▉        | 1405/7429 [00:56<03:53, 25.81it/s, now=None]frame_index:  19%|█▉        | 1408/7429 [00:56<03:52, 25.85it/s, now=None]frame_index:  19%|█▉        | 1411/7429 [00:56<03:53, 25.81it/s, now=None]frame_index:  19%|█▉        | 1414/7429 [00:56<03:52, 25.84it/s, now=None]frame_index:  19%|█▉        | 1417/7429 [00:56<03:52, 25.85it/s, now=None]frame_index:  19%|█▉        | 1420/7429 [00:56<03:52, 25.87it/s, now=None]frame_index:  19%|█▉        | 1423/7429 [00:56<03:53, 25.77it/s, now=None]frame_index:  19%|█▉        | 1426/7429 [00:56<03:52, 25.80it/s, now=None]frame_index:  19%|█▉        | 1429/7429 [00:57<03:52, 25.85it/s, now=None]frame_index:  19%|█▉        | 1432/7429 [00:57<03:51, 25.86it/s, now=None]frame_index:  19%|█▉        | 1435/7429 [00:57<03:51, 25.89it/s, now=None]frame_index:  19%|█▉        | 1438/7429 [00:57<03:51, 25.91it/s, now=None]frame_index:  19%|█▉        | 1441/7429 [00:57<03:51, 25.90it/s, now=None]frame_index:  19%|█▉        | 1444/7429 [00:57<03:51, 25.87it/s, now=None]frame_index:  19%|█▉        | 1447/7429 [00:57<03:50, 25.90it/s, now=None]frame_index:  20%|█▉        | 1450/7429 [00:57<03:50, 25.89it/s, now=None]frame_index:  20%|█▉        | 1453/7429 [00:57<03:50, 25.95it/s, now=None]frame_index:  20%|█▉        | 1456/7429 [00:58<03:50, 25.94it/s, now=None]frame_index:  20%|█▉        | 1459/7429 [00:58<03:49, 25.97it/s, now=None]frame_index:  20%|█▉        | 1462/7429 [00:58<03:49, 25.99it/s, now=None]frame_index:  20%|█▉        | 1465/7429 [00:58<04:11, 23.71it/s, now=None]frame_index:  20%|█▉        | 1468/7429 [00:58<04:05, 24.25it/s, now=None]frame_index:  20%|█▉        | 1471/7429 [00:58<04:01, 24.66it/s, now=None]frame_index:  20%|█▉        | 1474/7429 [00:58<03:58, 25.00it/s, now=None]frame_index:  20%|█▉        | 1477/7429 [00:58<03:55, 25.26it/s, now=None]frame_index:  20%|█▉        | 1480/7429 [00:59<03:53, 25.44it/s, now=None]frame_index:  20%|█▉        | 1483/7429 [00:59<03:52, 25.55it/s, now=None]frame_index:  20%|██        | 1486/7429 [00:59<03:51, 25.63it/s, now=None]frame_index:  20%|██        | 1489/7429 [00:59<03:51, 25.70it/s, now=None]frame_index:  20%|██        | 1492/7429 [00:59<03:50, 25.75it/s, now=None]frame_index:  20%|██        | 1495/7429 [00:59<03:50, 25.79it/s, now=None]frame_index:  20%|██        | 1498/7429 [00:59<03:49, 25.82it/s, now=None]frame_index:  20%|██        | 1501/7429 [00:59<03:49, 25.84it/s, now=None]frame_index:  20%|██        | 1504/7429 [00:59<03:49, 25.87it/s, now=None]frame_index:  20%|██        | 1507/7429 [01:00<03:48, 25.86it/s, now=None]frame_index:  20%|██        | 1510/7429 [01:00<03:49, 25.84it/s, now=None]frame_index:  20%|██        | 1513/7429 [01:00<03:48, 25.87it/s, now=None]frame_index:  20%|██        | 1516/7429 [01:00<03:48, 25.91it/s, now=None]frame_index:  20%|██        | 1519/7429 [01:00<03:48, 25.85it/s, now=None]frame_index:  20%|██        | 1522/7429 [01:00<03:48, 25.84it/s, now=None]frame_index:  21%|██        | 1525/7429 [01:00<03:48, 25.83it/s, now=None]frame_index:  21%|██        | 1528/7429 [01:00<03:48, 25.85it/s, now=None]frame_index:  21%|██        | 1531/7429 [01:01<03:47, 25.88it/s, now=None]frame_index:  21%|██        | 1534/7429 [01:01<03:47, 25.87it/s, now=None]frame_index:  21%|██        | 1537/7429 [01:01<03:50, 25.51it/s, now=None]frame_index:  21%|██        | 1540/7429 [01:01<03:50, 25.54it/s, now=None]frame_index:  21%|██        | 1543/7429 [01:01<03:49, 25.63it/s, now=None]frame_index:  21%|██        | 1546/7429 [01:01<03:49, 25.66it/s, now=None]frame_index:  21%|██        | 1549/7429 [01:01<03:48, 25.72it/s, now=None]frame_index:  21%|██        | 1552/7429 [01:01<03:47, 25.78it/s, now=None]frame_index:  21%|██        | 1555/7429 [01:01<03:48, 25.68it/s, now=None]frame_index:  21%|██        | 1558/7429 [01:02<03:48, 25.75it/s, now=None]frame_index:  21%|██        | 1561/7429 [01:02<03:47, 25.77it/s, now=None]frame_index:  21%|██        | 1564/7429 [01:02<03:47, 25.79it/s, now=None]frame_index:  21%|██        | 1567/7429 [01:02<03:46, 25.83it/s, now=None]frame_index:  21%|██        | 1570/7429 [01:02<03:46, 25.86it/s, now=None]frame_index:  21%|██        | 1573/7429 [01:02<03:45, 25.94it/s, now=None]frame_index:  21%|██        | 1576/7429 [01:02<03:45, 25.97it/s, now=None]frame_index:  21%|██▏       | 1579/7429 [01:02<03:45, 25.99it/s, now=None]frame_index:  21%|██▏       | 1582/7429 [01:02<03:44, 26.03it/s, now=None]frame_index:  21%|██▏       | 1585/7429 [01:03<04:05, 23.79it/s, now=None]frame_index:  21%|██▏       | 1588/7429 [01:03<04:00, 24.28it/s, now=None]frame_index:  21%|██▏       | 1591/7429 [01:03<03:56, 24.71it/s, now=None]frame_index:  21%|██▏       | 1594/7429 [01:03<03:53, 25.03it/s, now=None]frame_index:  21%|██▏       | 1597/7429 [01:03<03:50, 25.25it/s, now=None]frame_index:  22%|██▏       | 1600/7429 [01:03<03:49, 25.44it/s, now=None]frame_index:  22%|██▏       | 1603/7429 [01:03<03:48, 25.54it/s, now=None]frame_index:  22%|██▏       | 1606/7429 [01:03<03:46, 25.66it/s, now=None]frame_index:  22%|██▏       | 1609/7429 [01:04<03:46, 25.69it/s, now=None]frame_index:  22%|██▏       | 1612/7429 [01:04<03:45, 25.77it/s, now=None]frame_index:  22%|██▏       | 1615/7429 [01:04<03:45, 25.81it/s, now=None]frame_index:  22%|██▏       | 1618/7429 [01:04<03:44, 25.85it/s, now=None]frame_index:  22%|██▏       | 1621/7429 [01:04<03:44, 25.85it/s, now=None]frame_index:  22%|██▏       | 1624/7429 [01:04<03:45, 25.77it/s, now=None]frame_index:  22%|██▏       | 1627/7429 [01:04<03:44, 25.83it/s, now=None]frame_index:  22%|██▏       | 1630/7429 [01:04<03:44, 25.87it/s, now=None]frame_index:  22%|██▏       | 1633/7429 [01:04<03:43, 25.88it/s, now=None]frame_index:  22%|██▏       | 1636/7429 [01:05<03:43, 25.88it/s, now=None]frame_index:  22%|██▏       | 1639/7429 [01:05<03:43, 25.90it/s, now=None]frame_index:  22%|██▏       | 1642/7429 [01:05<03:43, 25.92it/s, now=None]frame_index:  22%|██▏       | 1645/7429 [01:05<03:43, 25.91it/s, now=None]frame_index:  22%|██▏       | 1648/7429 [01:05<03:43, 25.87it/s, now=None]frame_index:  22%|██▏       | 1651/7429 [01:05<03:43, 25.86it/s, now=None]frame_index:  22%|██▏       | 1654/7429 [01:05<03:43, 25.86it/s, now=None]frame_index:  22%|██▏       | 1657/7429 [01:05<03:43, 25.84it/s, now=None]frame_index:  22%|██▏       | 1660/7429 [01:06<03:43, 25.85it/s, now=None]frame_index:  22%|██▏       | 1663/7429 [01:06<03:43, 25.84it/s, now=None]frame_index:  22%|██▏       | 1666/7429 [01:06<03:43, 25.84it/s, now=None]frame_index:  22%|██▏       | 1669/7429 [01:06<03:42, 25.85it/s, now=None]frame_index:  23%|██▎       | 1672/7429 [01:06<03:42, 25.89it/s, now=None]frame_index:  23%|██▎       | 1675/7429 [01:06<03:42, 25.91it/s, now=None]frame_index:  23%|██▎       | 1678/7429 [01:06<03:41, 25.91it/s, now=None]frame_index:  23%|██▎       | 1681/7429 [01:06<03:41, 25.97it/s, now=None]frame_index:  23%|██▎       | 1684/7429 [01:06<03:41, 25.98it/s, now=None]frame_index:  23%|██▎       | 1687/7429 [01:07<03:41, 25.97it/s, now=None]frame_index:  23%|██▎       | 1690/7429 [01:07<03:40, 25.97it/s, now=None]frame_index:  23%|██▎       | 1693/7429 [01:07<03:40, 25.97it/s, now=None]frame_index:  23%|██▎       | 1696/7429 [01:07<03:40, 25.99it/s, now=None]frame_index:  23%|██▎       | 1699/7429 [01:07<03:40, 25.98it/s, now=None]frame_index:  23%|██▎       | 1702/7429 [01:07<03:40, 26.01it/s, now=None]frame_index:  23%|██▎       | 1705/7429 [01:07<04:02, 23.57it/s, now=None]frame_index:  23%|██▎       | 1708/7429 [01:07<03:56, 24.15it/s, now=None]frame_index:  23%|██▎       | 1711/7429 [01:08<03:51, 24.67it/s, now=None]frame_index:  23%|██▎       | 1714/7429 [01:08<03:48, 25.02it/s, now=None]frame_index:  23%|██▎       | 1717/7429 [01:08<03:46, 25.26it/s, now=None]frame_index:  23%|██▎       | 1720/7429 [01:08<03:44, 25.41it/s, now=None]frame_index:  23%|██▎       | 1723/7429 [01:08<03:43, 25.57it/s, now=None]frame_index:  23%|██▎       | 1726/7429 [01:08<03:42, 25.66it/s, now=None]frame_index:  23%|██▎       | 1729/7429 [01:08<03:41, 25.70it/s, now=None]frame_index:  23%|██▎       | 1732/7429 [01:08<03:41, 25.72it/s, now=None]frame_index:  23%|██▎       | 1735/7429 [01:08<03:40, 25.82it/s, now=None]frame_index:  23%|██▎       | 1738/7429 [01:09<03:40, 25.86it/s, now=None]frame_index:  23%|██▎       | 1741/7429 [01:09<03:41, 25.73it/s, now=None]frame_index:  23%|██▎       | 1744/7429 [01:09<03:54, 24.24it/s, now=None]frame_index:  24%|██▎       | 1747/7429 [01:09<03:45, 25.16it/s, now=None]frame_index:  24%|██▎       | 1750/7429 [01:09<03:39, 25.82it/s, now=None]frame_index:  24%|██▎       | 1753/7429 [01:09<03:43, 25.38it/s, now=None]frame_index:  24%|██▎       | 1756/7429 [01:09<03:44, 25.26it/s, now=None]frame_index:  24%|██▎       | 1759/7429 [01:09<03:45, 25.18it/s, now=None]frame_index:  24%|██▎       | 1762/7429 [01:10<03:46, 25.07it/s, now=None]frame_index:  24%|██▍       | 1765/7429 [01:10<03:45, 25.14it/s, now=None]frame_index:  24%|██▍       | 1768/7429 [01:10<03:47, 24.92it/s, now=None]frame_index:  24%|██▍       | 1771/7429 [01:10<03:49, 24.67it/s, now=None]frame_index:  24%|██▍       | 1774/7429 [01:10<03:47, 24.87it/s, now=None]frame_index:  24%|██▍       | 1777/7429 [01:10<03:46, 25.01it/s, now=None]frame_index:  24%|██▍       | 1780/7429 [01:10<03:46, 24.92it/s, now=None]frame_index:  24%|██▍       | 1783/7429 [01:10<03:45, 25.04it/s, now=None]frame_index:  24%|██▍       | 1786/7429 [01:11<03:51, 24.33it/s, now=None]frame_index:  24%|██▍       | 1789/7429 [01:11<03:48, 24.68it/s, now=None]frame_index:  24%|██▍       | 1792/7429 [01:11<03:45, 25.01it/s, now=None]frame_index:  24%|██▍       | 1795/7429 [01:11<03:43, 25.25it/s, now=None]frame_index:  24%|██▍       | 1798/7429 [01:11<03:41, 25.41it/s, now=None]frame_index:  24%|██▍       | 1801/7429 [01:11<03:40, 25.51it/s, now=None]frame_index:  24%|██▍       | 1804/7429 [01:11<03:39, 25.58it/s, now=None]frame_index:  24%|██▍       | 1807/7429 [01:11<03:39, 25.61it/s, now=None]frame_index:  24%|██▍       | 1810/7429 [01:11<03:39, 25.65it/s, now=None]frame_index:  24%|██▍       | 1813/7429 [01:12<03:38, 25.71it/s, now=None]frame_index:  24%|██▍       | 1816/7429 [01:12<03:38, 25.73it/s, now=None]frame_index:  24%|██▍       | 1819/7429 [01:12<03:41, 25.34it/s, now=None]frame_index:  25%|██▍       | 1822/7429 [01:12<03:40, 25.47it/s, now=None]frame_index:  25%|██▍       | 1825/7429 [01:12<03:40, 25.45it/s, now=None]frame_index:  25%|██▍       | 1828/7429 [01:12<03:39, 25.53it/s, now=None]frame_index:  25%|██▍       | 1831/7429 [01:12<03:38, 25.60it/s, now=None]frame_index:  25%|██▍       | 1834/7429 [01:12<03:37, 25.67it/s, now=None]frame_index:  25%|██▍       | 1837/7429 [01:13<03:37, 25.74it/s, now=None]frame_index:  25%|██▍       | 1840/7429 [01:13<03:37, 25.69it/s, now=None]frame_index:  25%|██▍       | 1843/7429 [01:13<03:37, 25.69it/s, now=None]frame_index:  25%|██▍       | 1846/7429 [01:13<03:37, 25.69it/s, now=None]frame_index:  25%|██▍       | 1849/7429 [01:13<03:36, 25.78it/s, now=None]frame_index:  25%|██▍       | 1852/7429 [01:13<03:35, 25.85it/s, now=None]frame_index:  25%|██▍       | 1855/7429 [01:13<03:35, 25.85it/s, now=None]frame_index:  25%|██▌       | 1858/7429 [01:13<03:36, 25.76it/s, now=None]frame_index:  25%|██▌       | 1861/7429 [01:13<03:36, 25.77it/s, now=None]frame_index:  25%|██▌       | 1864/7429 [01:14<03:35, 25.80it/s, now=None]frame_index:  25%|██▌       | 1867/7429 [01:14<03:35, 25.85it/s, now=None]frame_index:  25%|██▌       | 1870/7429 [01:14<03:35, 25.83it/s, now=None]frame_index:  25%|██▌       | 1873/7429 [01:14<03:57, 23.40it/s, now=None]frame_index:  25%|██▌       | 1876/7429 [01:14<03:50, 24.11it/s, now=None]frame_index:  25%|██▌       | 1879/7429 [01:14<03:45, 24.64it/s, now=None]frame_index:  25%|██▌       | 1882/7429 [01:14<03:42, 24.95it/s, now=None]frame_index:  25%|██▌       | 1885/7429 [01:14<03:39, 25.22it/s, now=None]frame_index:  25%|██▌       | 1888/7429 [01:15<03:38, 25.40it/s, now=None]frame_index:  25%|██▌       | 1891/7429 [01:15<03:36, 25.54it/s, now=None]frame_index:  25%|██▌       | 1894/7429 [01:15<03:35, 25.65it/s, now=None]frame_index:  26%|██▌       | 1897/7429 [01:15<03:35, 25.71it/s, now=None]frame_index:  26%|██▌       | 1900/7429 [01:15<03:34, 25.73it/s, now=None]frame_index:  26%|██▌       | 1903/7429 [01:15<03:34, 25.72it/s, now=None]frame_index:  26%|██▌       | 1906/7429 [01:15<03:35, 25.65it/s, now=None]frame_index:  26%|██▌       | 1909/7429 [01:15<03:34, 25.71it/s, now=None]frame_index:  26%|██▌       | 1912/7429 [01:15<03:34, 25.75it/s, now=None]frame_index:  26%|██▌       | 1915/7429 [01:16<03:33, 25.79it/s, now=None]frame_index:  26%|██▌       | 1918/7429 [01:16<03:33, 25.81it/s, now=None]frame_index:  26%|██▌       | 1921/7429 [01:16<03:33, 25.83it/s, now=None]frame_index:  26%|██▌       | 1924/7429 [01:16<03:32, 25.86it/s, now=None]frame_index:  26%|██▌       | 1927/7429 [01:16<03:33, 25.83it/s, now=None]frame_index:  26%|██▌       | 1930/7429 [01:16<03:33, 25.81it/s, now=None]frame_index:  26%|██▌       | 1933/7429 [01:16<03:33, 25.79it/s, now=None]frame_index:  26%|██▌       | 1936/7429 [01:16<03:32, 25.80it/s, now=None]frame_index:  26%|██▌       | 1939/7429 [01:16<03:32, 25.80it/s, now=None]frame_index:  26%|██▌       | 1942/7429 [01:17<03:32, 25.82it/s, now=None]frame_index:  26%|██▌       | 1945/7429 [01:17<03:32, 25.79it/s, now=None]frame_index:  26%|██▌       | 1948/7429 [01:17<03:32, 25.82it/s, now=None]frame_index:  26%|██▋       | 1951/7429 [01:17<03:31, 25.85it/s, now=None]frame_index:  26%|██▋       | 1954/7429 [01:17<03:31, 25.86it/s, now=None]frame_index:  26%|██▋       | 1957/7429 [01:17<03:31, 25.86it/s, now=None]frame_index:  26%|██▋       | 1960/7429 [01:17<03:31, 25.85it/s, now=None]frame_index:  26%|██▋       | 1963/7429 [01:17<03:31, 25.87it/s, now=None]frame_index:  26%|██▋       | 1966/7429 [01:18<03:31, 25.89it/s, now=None]frame_index:  27%|██▋       | 1969/7429 [01:18<03:31, 25.86it/s, now=None]frame_index:  27%|██▋       | 1972/7429 [01:18<03:32, 25.72it/s, now=None]frame_index:  27%|██▋       | 1975/7429 [01:18<03:31, 25.74it/s, now=None]frame_index:  27%|██▋       | 1978/7429 [01:18<03:30, 25.84it/s, now=None]frame_index:  27%|██▋       | 1981/7429 [01:18<03:30, 25.88it/s, now=None]frame_index:  27%|██▋       | 1984/7429 [01:18<03:30, 25.90it/s, now=None]frame_index:  27%|██▋       | 1987/7429 [01:18<03:29, 25.94it/s, now=None]frame_index:  27%|██▋       | 1990/7429 [01:18<03:29, 25.96it/s, now=None]frame_index:  27%|██▋       | 1993/7429 [01:19<03:49, 23.73it/s, now=None]frame_index:  27%|██▋       | 1996/7429 [01:19<03:43, 24.27it/s, now=None]frame_index:  27%|██▋       | 1999/7429 [01:19<03:39, 24.70it/s, now=None]frame_index:  27%|██▋       | 2002/7429 [01:19<03:36, 25.04it/s, now=None]frame_index:  27%|██▋       | 2005/7429 [01:19<03:34, 25.25it/s, now=None]frame_index:  27%|██▋       | 2008/7429 [01:19<03:36, 25.05it/s, now=None]frame_index:  27%|██▋       | 2011/7429 [01:19<03:34, 25.26it/s, now=None]frame_index:  27%|██▋       | 2014/7429 [01:19<03:33, 25.38it/s, now=None]frame_index:  27%|██▋       | 2017/7429 [01:20<03:32, 25.45it/s, now=None]frame_index:  27%|██▋       | 2020/7429 [01:20<03:31, 25.59it/s, now=None]frame_index:  27%|██▋       | 2023/7429 [01:20<03:31, 25.60it/s, now=None]frame_index:  27%|██▋       | 2026/7429 [01:20<03:30, 25.65it/s, now=None]frame_index:  27%|██▋       | 2029/7429 [01:20<03:30, 25.65it/s, now=None]frame_index:  27%|██▋       | 2032/7429 [01:20<03:30, 25.60it/s, now=None]frame_index:  27%|██▋       | 2035/7429 [01:20<03:30, 25.58it/s, now=None]frame_index:  27%|██▋       | 2038/7429 [01:20<03:30, 25.64it/s, now=None]frame_index:  27%|██▋       | 2041/7429 [01:20<03:29, 25.67it/s, now=None]frame_index:  28%|██▊       | 2044/7429 [01:21<03:29, 25.71it/s, now=None]frame_index:  28%|██▊       | 2047/7429 [01:21<03:29, 25.75it/s, now=None]frame_index:  28%|██▊       | 2050/7429 [01:21<03:28, 25.75it/s, now=None]frame_index:  28%|██▊       | 2053/7429 [01:21<03:28, 25.77it/s, now=None]frame_index:  28%|██▊       | 2056/7429 [01:21<03:28, 25.76it/s, now=None]frame_index:  28%|██▊       | 2059/7429 [01:21<03:28, 25.76it/s, now=None]frame_index:  28%|██▊       | 2062/7429 [01:21<03:28, 25.69it/s, now=None]frame_index:  28%|██▊       | 2065/7429 [01:21<03:29, 25.66it/s, now=None]frame_index:  28%|██▊       | 2068/7429 [01:22<03:29, 25.64it/s, now=None]frame_index:  28%|██▊       | 2071/7429 [01:22<03:28, 25.70it/s, now=None]frame_index:  28%|██▊       | 2074/7429 [01:22<03:28, 25.69it/s, now=None]frame_index:  28%|██▊       | 2077/7429 [01:22<03:28, 25.70it/s, now=None]frame_index:  28%|██▊       | 2080/7429 [01:22<03:28, 25.70it/s, now=None]frame_index:  28%|██▊       | 2083/7429 [01:22<03:27, 25.71it/s, now=None]frame_index:  28%|██▊       | 2086/7429 [01:22<03:28, 25.67it/s, now=None]frame_index:  28%|██▊       | 2089/7429 [01:22<03:27, 25.71it/s, now=None]frame_index:  28%|██▊       | 2092/7429 [01:22<03:26, 25.80it/s, now=None]frame_index:  28%|██▊       | 2095/7429 [01:23<03:26, 25.82it/s, now=None]frame_index:  28%|██▊       | 2098/7429 [01:23<03:26, 25.79it/s, now=None]frame_index:  28%|██▊       | 2101/7429 [01:23<03:28, 25.52it/s, now=None]frame_index:  28%|██▊       | 2104/7429 [01:23<03:28, 25.55it/s, now=None]frame_index:  28%|██▊       | 2107/7429 [01:23<03:27, 25.59it/s, now=None]frame_index:  28%|██▊       | 2110/7429 [01:23<03:27, 25.58it/s, now=None]frame_index:  28%|██▊       | 2113/7429 [01:23<03:46, 23.46it/s, now=None]frame_index:  28%|██▊       | 2116/7429 [01:23<03:40, 24.11it/s, now=None]frame_index:  29%|██▊       | 2119/7429 [01:24<03:36, 24.55it/s, now=None]frame_index:  29%|██▊       | 2122/7429 [01:24<03:32, 24.93it/s, now=None]frame_index:  29%|██▊       | 2125/7429 [01:24<03:30, 25.19it/s, now=None]frame_index:  29%|██▊       | 2128/7429 [01:24<03:29, 25.33it/s, now=None]frame_index:  29%|██▊       | 2131/7429 [01:24<03:27, 25.48it/s, now=None]frame_index:  29%|██▊       | 2134/7429 [01:24<03:26, 25.60it/s, now=None]frame_index:  29%|██▉       | 2137/7429 [01:24<03:26, 25.57it/s, now=None]frame_index:  29%|██▉       | 2140/7429 [01:24<03:26, 25.66it/s, now=None]frame_index:  29%|██▉       | 2143/7429 [01:24<03:25, 25.68it/s, now=None]frame_index:  29%|██▉       | 2146/7429 [01:25<03:25, 25.70it/s, now=None]frame_index:  29%|██▉       | 2149/7429 [01:25<03:25, 25.71it/s, now=None]frame_index:  29%|██▉       | 2152/7429 [01:25<03:25, 25.73it/s, now=None]frame_index:  29%|██▉       | 2155/7429 [01:25<03:24, 25.73it/s, now=None]frame_index:  29%|██▉       | 2158/7429 [01:25<03:24, 25.75it/s, now=None]frame_index:  29%|██▉       | 2161/7429 [01:25<03:24, 25.70it/s, now=None]frame_index:  29%|██▉       | 2164/7429 [01:25<03:25, 25.68it/s, now=None]frame_index:  29%|██▉       | 2167/7429 [01:25<03:24, 25.67it/s, now=None]frame_index:  29%|██▉       | 2170/7429 [01:26<03:24, 25.66it/s, now=None]frame_index:  29%|██▉       | 2173/7429 [01:26<03:24, 25.72it/s, now=None]frame_index:  29%|██▉       | 2176/7429 [01:26<03:24, 25.68it/s, now=None]frame_index:  29%|██▉       | 2179/7429 [01:26<03:24, 25.71it/s, now=None]frame_index:  29%|██▉       | 2182/7429 [01:26<03:23, 25.73it/s, now=None]frame_index:  29%|██▉       | 2185/7429 [01:26<03:23, 25.74it/s, now=None]frame_index:  29%|██▉       | 2188/7429 [01:26<03:23, 25.74it/s, now=None]frame_index:  29%|██▉       | 2191/7429 [01:26<03:23, 25.74it/s, now=None]frame_index:  30%|██▉       | 2194/7429 [01:26<03:23, 25.74it/s, now=None]frame_index:  30%|██▉       | 2197/7429 [01:27<03:22, 25.78it/s, now=None]frame_index:  30%|██▉       | 2200/7429 [01:27<03:22, 25.86it/s, now=None]frame_index:  30%|██▉       | 2203/7429 [01:27<03:22, 25.87it/s, now=None]frame_index:  30%|██▉       | 2206/7429 [01:27<03:27, 25.12it/s, now=None]frame_index:  30%|██▉       | 2209/7429 [01:27<03:28, 25.01it/s, now=None]frame_index:  30%|██▉       | 2212/7429 [01:27<03:26, 25.21it/s, now=None]frame_index:  30%|██▉       | 2215/7429 [01:27<03:25, 25.42it/s, now=None]frame_index:  30%|██▉       | 2218/7429 [01:27<03:23, 25.55it/s, now=None]frame_index:  30%|██▉       | 2221/7429 [01:28<03:22, 25.68it/s, now=None]frame_index:  30%|██▉       | 2224/7429 [01:28<03:21, 25.79it/s, now=None]frame_index:  30%|██▉       | 2227/7429 [01:28<03:21, 25.84it/s, now=None]frame_index:  30%|███       | 2230/7429 [01:28<03:21, 25.84it/s, now=None]frame_index:  30%|███       | 2233/7429 [01:28<03:40, 23.59it/s, now=None]frame_index:  30%|███       | 2236/7429 [01:28<03:34, 24.19it/s, now=None]frame_index:  30%|███       | 2239/7429 [01:28<03:31, 24.59it/s, now=None]frame_index:  30%|███       | 2242/7429 [01:28<03:27, 24.96it/s, now=None]frame_index:  30%|███       | 2245/7429 [01:29<03:25, 25.21it/s, now=None]frame_index:  30%|███       | 2248/7429 [01:29<03:24, 25.39it/s, now=None]frame_index:  30%|███       | 2251/7429 [01:29<03:23, 25.49it/s, now=None]frame_index:  30%|███       | 2254/7429 [01:29<03:22, 25.55it/s, now=None]frame_index:  30%|███       | 2257/7429 [01:29<03:21, 25.68it/s, now=None]frame_index:  30%|███       | 2260/7429 [01:29<03:20, 25.73it/s, now=None]frame_index:  30%|███       | 2263/7429 [01:29<03:20, 25.72it/s, now=None]frame_index:  31%|███       | 2266/7429 [01:29<03:20, 25.71it/s, now=None]frame_index:  31%|███       | 2269/7429 [01:29<03:20, 25.72it/s, now=None]frame_index:  31%|███       | 2272/7429 [01:30<03:20, 25.74it/s, now=None]frame_index:  31%|███       | 2275/7429 [01:30<03:20, 25.69it/s, now=None]frame_index:  31%|███       | 2278/7429 [01:30<03:20, 25.69it/s, now=None]frame_index:  31%|███       | 2281/7429 [01:30<03:20, 25.72it/s, now=None]frame_index:  31%|███       | 2284/7429 [01:30<03:20, 25.71it/s, now=None]frame_index:  31%|███       | 2287/7429 [01:30<03:19, 25.73it/s, now=None]frame_index:  31%|███       | 2290/7429 [01:30<03:19, 25.71it/s, now=None]frame_index:  31%|███       | 2293/7429 [01:30<03:19, 25.74it/s, now=None]frame_index:  31%|███       | 2296/7429 [01:30<03:19, 25.74it/s, now=None]frame_index:  31%|███       | 2299/7429 [01:31<03:18, 25.78it/s, now=None]frame_index:  31%|███       | 2302/7429 [01:31<03:19, 25.75it/s, now=None]frame_index:  31%|███       | 2305/7429 [01:31<03:19, 25.73it/s, now=None]frame_index:  31%|███       | 2308/7429 [01:31<03:18, 25.75it/s, now=None]frame_index:  31%|███       | 2311/7429 [01:31<03:18, 25.77it/s, now=None]frame_index:  31%|███       | 2314/7429 [01:31<03:18, 25.80it/s, now=None]frame_index:  31%|███       | 2317/7429 [01:31<03:17, 25.82it/s, now=None]frame_index:  31%|███       | 2320/7429 [01:31<03:18, 25.80it/s, now=None]frame_index:  31%|███▏      | 2323/7429 [01:32<03:17, 25.79it/s, now=None]frame_index:  31%|███▏      | 2326/7429 [01:32<03:17, 25.77it/s, now=None]frame_index:  31%|███▏      | 2329/7429 [01:32<03:17, 25.81it/s, now=None]frame_index:  31%|███▏      | 2332/7429 [01:32<03:17, 25.85it/s, now=None]frame_index:  31%|███▏      | 2335/7429 [01:32<03:16, 25.87it/s, now=None]frame_index:  31%|███▏      | 2338/7429 [01:32<03:17, 25.84it/s, now=None]frame_index:  32%|███▏      | 2341/7429 [01:32<03:16, 25.87it/s, now=None]frame_index:  32%|███▏      | 2344/7429 [01:32<03:16, 25.89it/s, now=None]frame_index:  32%|███▏      | 2347/7429 [01:32<03:16, 25.90it/s, now=None]frame_index:  32%|███▏      | 2350/7429 [01:33<03:16, 25.91it/s, now=None]frame_index:  32%|███▏      | 2353/7429 [01:33<03:35, 23.51it/s, now=None]frame_index:  32%|███▏      | 2356/7429 [01:33<03:29, 24.19it/s, now=None]frame_index:  32%|███▏      | 2359/7429 [01:33<03:25, 24.64it/s, now=None]frame_index:  32%|███▏      | 2362/7429 [01:33<03:22, 25.00it/s, now=None]frame_index:  32%|███▏      | 2365/7429 [01:33<03:20, 25.20it/s, now=None]frame_index:  32%|███▏      | 2368/7429 [01:33<03:19, 25.37it/s, now=None]frame_index:  32%|███▏      | 2371/7429 [01:33<03:18, 25.54it/s, now=None]frame_index:  32%|███▏      | 2374/7429 [01:34<03:17, 25.66it/s, now=None]frame_index:  32%|███▏      | 2377/7429 [01:34<03:16, 25.69it/s, now=None]frame_index:  32%|███▏      | 2380/7429 [01:34<03:18, 25.50it/s, now=None]frame_index:  32%|███▏      | 2383/7429 [01:34<03:17, 25.60it/s, now=None]frame_index:  32%|███▏      | 2386/7429 [01:34<03:16, 25.69it/s, now=None]frame_index:  32%|███▏      | 2389/7429 [01:34<03:15, 25.76it/s, now=None]frame_index:  32%|███▏      | 2392/7429 [01:34<03:15, 25.77it/s, now=None]frame_index:  32%|███▏      | 2395/7429 [01:34<03:15, 25.74it/s, now=None]frame_index:  32%|███▏      | 2398/7429 [01:34<03:15, 25.80it/s, now=None]frame_index:  32%|███▏      | 2401/7429 [01:35<03:14, 25.82it/s, now=None]frame_index:  32%|███▏      | 2404/7429 [01:35<03:14, 25.80it/s, now=None]frame_index:  32%|███▏      | 2407/7429 [01:35<03:14, 25.77it/s, now=None]frame_index:  32%|███▏      | 2410/7429 [01:35<03:14, 25.78it/s, now=None]frame_index:  32%|███▏      | 2413/7429 [01:35<03:14, 25.74it/s, now=None]frame_index:  33%|███▎      | 2416/7429 [01:35<03:14, 25.81it/s, now=None]frame_index:  33%|███▎      | 2419/7429 [01:35<03:14, 25.78it/s, now=None]frame_index:  33%|███▎      | 2422/7429 [01:35<03:14, 25.77it/s, now=None]frame_index:  33%|███▎      | 2425/7429 [01:36<03:13, 25.81it/s, now=None]frame_index:  33%|███▎      | 2428/7429 [01:36<03:13, 25.81it/s, now=None]frame_index:  33%|███▎      | 2431/7429 [01:36<03:13, 25.81it/s, now=None]frame_index:  33%|███▎      | 2434/7429 [01:36<03:13, 25.85it/s, now=None]frame_index:  33%|███▎      | 2437/7429 [01:36<03:13, 25.85it/s, now=None]frame_index:  33%|███▎      | 2440/7429 [01:36<03:13, 25.84it/s, now=None]frame_index:  33%|███▎      | 2443/7429 [01:36<03:13, 25.81it/s, now=None]frame_index:  33%|███▎      | 2446/7429 [01:36<03:12, 25.83it/s, now=None]frame_index:  33%|███▎      | 2449/7429 [01:36<03:12, 25.86it/s, now=None]frame_index:  33%|███▎      | 2452/7429 [01:37<03:12, 25.82it/s, now=None]frame_index:  33%|███▎      | 2455/7429 [01:37<03:12, 25.86it/s, now=None]frame_index:  33%|███▎      | 2458/7429 [01:37<03:11, 25.92it/s, now=None]frame_index:  33%|███▎      | 2461/7429 [01:37<03:11, 25.91it/s, now=None]frame_index:  33%|███▎      | 2464/7429 [01:37<03:11, 25.92it/s, now=None]frame_index:  33%|███▎      | 2467/7429 [01:37<03:11, 25.96it/s, now=None]frame_index:  33%|███▎      | 2470/7429 [01:37<03:11, 25.90it/s, now=None]frame_index:  33%|███▎      | 2473/7429 [01:37<03:29, 23.66it/s, now=None]frame_index:  33%|███▎      | 2476/7429 [01:38<03:24, 24.24it/s, now=None]frame_index:  33%|███▎      | 2479/7429 [01:38<03:20, 24.67it/s, now=None]frame_index:  33%|███▎      | 2482/7429 [01:38<03:29, 23.61it/s, now=None]frame_index:  33%|███▎      | 2485/7429 [01:38<03:24, 24.22it/s, now=None]frame_index:  33%|███▎      | 2488/7429 [01:38<03:20, 24.67it/s, now=None]frame_index:  34%|███▎      | 2491/7429 [01:38<03:17, 25.06it/s, now=None]frame_index:  34%|███▎      | 2494/7429 [01:38<03:15, 25.25it/s, now=None]frame_index:  34%|███▎      | 2497/7429 [01:38<03:14, 25.39it/s, now=None]frame_index:  34%|███▎      | 2500/7429 [01:38<03:13, 25.52it/s, now=None]frame_index:  34%|███▎      | 2503/7429 [01:39<03:12, 25.62it/s, now=None]frame_index:  34%|███▎      | 2506/7429 [01:39<03:11, 25.69it/s, now=None]frame_index:  34%|███▍      | 2509/7429 [01:39<03:11, 25.73it/s, now=None]frame_index:  34%|███▍      | 2512/7429 [01:39<03:10, 25.77it/s, now=None]frame_index:  34%|███▍      | 2515/7429 [01:39<03:10, 25.75it/s, now=None]frame_index:  34%|███▍      | 2518/7429 [01:39<03:10, 25.72it/s, now=None]frame_index:  34%|███▍      | 2521/7429 [01:39<03:10, 25.77it/s, now=None]frame_index:  34%|███▍      | 2524/7429 [01:39<03:10, 25.81it/s, now=None]frame_index:  34%|███▍      | 2527/7429 [01:40<03:09, 25.82it/s, now=None]frame_index:  34%|███▍      | 2530/7429 [01:40<03:09, 25.83it/s, now=None]frame_index:  34%|███▍      | 2533/7429 [01:40<03:09, 25.81it/s, now=None]frame_index:  34%|███▍      | 2536/7429 [01:40<03:09, 25.79it/s, now=None]frame_index:  34%|███▍      | 2539/7429 [01:40<03:10, 25.65it/s, now=None]frame_index:  34%|███▍      | 2542/7429 [01:40<03:11, 25.54it/s, now=None]frame_index:  34%|███▍      | 2545/7429 [01:40<03:12, 25.40it/s, now=None]frame_index:  34%|███▍      | 2548/7429 [01:40<03:12, 25.38it/s, now=None]frame_index:  34%|███▍      | 2551/7429 [01:40<03:12, 25.39it/s, now=None]frame_index:  34%|███▍      | 2554/7429 [01:41<03:10, 25.54it/s, now=None]frame_index:  34%|███▍      | 2557/7429 [01:41<03:10, 25.62it/s, now=None]frame_index:  34%|███▍      | 2560/7429 [01:41<03:09, 25.67it/s, now=None]frame_index:  34%|███▍      | 2563/7429 [01:41<03:09, 25.69it/s, now=None]frame_index:  35%|███▍      | 2566/7429 [01:41<03:09, 25.70it/s, now=None]frame_index:  35%|███▍      | 2569/7429 [01:41<03:08, 25.73it/s, now=None]frame_index:  35%|███▍      | 2572/7429 [01:41<03:08, 25.75it/s, now=None]frame_index:  35%|███▍      | 2575/7429 [01:41<03:08, 25.78it/s, now=None]frame_index:  35%|███▍      | 2578/7429 [01:42<03:07, 25.83it/s, now=None]frame_index:  35%|███▍      | 2581/7429 [01:42<03:07, 25.86it/s, now=None]frame_index:  35%|███▍      | 2584/7429 [01:42<03:07, 25.90it/s, now=None]frame_index:  35%|███▍      | 2587/7429 [01:42<03:07, 25.83it/s, now=None]frame_index:  35%|███▍      | 2590/7429 [01:42<03:07, 25.75it/s, now=None]frame_index:  35%|███▍      | 2593/7429 [01:42<03:27, 23.33it/s, now=None]frame_index:  35%|███▍      | 2596/7429 [01:42<03:21, 24.03it/s, now=None]frame_index:  35%|███▍      | 2599/7429 [01:42<03:17, 24.51it/s, now=None]frame_index:  35%|███▌      | 2602/7429 [01:42<03:13, 24.89it/s, now=None]frame_index:  35%|███▌      | 2605/7429 [01:43<03:12, 25.10it/s, now=None]frame_index:  35%|███▌      | 2608/7429 [01:43<03:10, 25.35it/s, now=None]frame_index:  35%|███▌      | 2611/7429 [01:43<03:08, 25.50it/s, now=None]frame_index:  35%|███▌      | 2614/7429 [01:43<03:07, 25.61it/s, now=None]frame_index:  35%|███▌      | 2617/7429 [01:43<03:07, 25.63it/s, now=None]frame_index:  35%|███▌      | 2620/7429 [01:43<03:07, 25.68it/s, now=None]frame_index:  35%|███▌      | 2623/7429 [01:43<03:06, 25.72it/s, now=None]frame_index:  35%|███▌      | 2626/7429 [01:43<03:06, 25.74it/s, now=None]frame_index:  35%|███▌      | 2629/7429 [01:44<03:06, 25.78it/s, now=None]frame_index:  35%|███▌      | 2632/7429 [01:44<03:06, 25.78it/s, now=None]frame_index:  35%|███▌      | 2635/7429 [01:44<03:05, 25.80it/s, now=None]frame_index:  36%|███▌      | 2638/7429 [01:44<03:05, 25.80it/s, now=None]frame_index:  36%|███▌      | 2641/7429 [01:44<03:05, 25.81it/s, now=None]frame_index:  36%|███▌      | 2644/7429 [01:44<03:05, 25.83it/s, now=None]frame_index:  36%|███▌      | 2647/7429 [01:44<03:05, 25.72it/s, now=None]frame_index:  36%|███▌      | 2650/7429 [01:44<03:06, 25.62it/s, now=None]frame_index:  36%|███▌      | 2653/7429 [01:44<03:06, 25.66it/s, now=None]frame_index:  36%|███▌      | 2656/7429 [01:45<03:05, 25.69it/s, now=None]frame_index:  36%|███▌      | 2659/7429 [01:45<03:05, 25.71it/s, now=None]frame_index:  36%|███▌      | 2662/7429 [01:45<03:07, 25.48it/s, now=None]frame_index:  36%|███▌      | 2665/7429 [01:45<03:06, 25.56it/s, now=None]frame_index:  36%|███▌      | 2668/7429 [01:45<03:05, 25.65it/s, now=None]frame_index:  36%|███▌      | 2671/7429 [01:45<03:05, 25.63it/s, now=None]frame_index:  36%|███▌      | 2674/7429 [01:45<03:04, 25.71it/s, now=None]frame_index:  36%|███▌      | 2677/7429 [01:45<03:04, 25.70it/s, now=None]frame_index:  36%|███▌      | 2680/7429 [01:46<03:04, 25.74it/s, now=None]frame_index:  36%|███▌      | 2683/7429 [01:46<03:03, 25.82it/s, now=None]frame_index:  36%|███▌      | 2686/7429 [01:46<03:03, 25.83it/s, now=None]frame_index:  36%|███▌      | 2689/7429 [01:46<03:03, 25.84it/s, now=None]frame_index:  36%|███▌      | 2692/7429 [01:46<03:03, 25.83it/s, now=None]frame_index:  36%|███▋      | 2695/7429 [01:46<03:02, 25.91it/s, now=None]frame_index:  36%|███▋      | 2698/7429 [01:46<03:02, 25.90it/s, now=None]frame_index:  36%|███▋      | 2701/7429 [01:46<03:02, 25.92it/s, now=None]frame_index:  36%|███▋      | 2704/7429 [01:46<03:02, 25.93it/s, now=None]frame_index:  36%|███▋      | 2707/7429 [01:47<03:01, 25.95it/s, now=None]frame_index:  36%|███▋      | 2710/7429 [01:47<03:02, 25.88it/s, now=None]frame_index:  37%|███▋      | 2713/7429 [01:47<03:19, 23.62it/s, now=None]frame_index:  37%|███▋      | 2716/7429 [01:47<03:14, 24.23it/s, now=None]frame_index:  37%|███▋      | 2719/7429 [01:47<03:11, 24.64it/s, now=None]frame_index:  37%|███▋      | 2722/7429 [01:47<03:08, 24.98it/s, now=None]frame_index:  37%|███▋      | 2725/7429 [01:47<03:06, 25.18it/s, now=None]frame_index:  37%|███▋      | 2728/7429 [01:47<03:05, 25.38it/s, now=None]frame_index:  37%|███▋      | 2731/7429 [01:48<03:04, 25.48it/s, now=None]frame_index:  37%|███▋      | 2734/7429 [01:48<03:04, 25.50it/s, now=None]frame_index:  37%|███▋      | 2737/7429 [01:48<03:03, 25.62it/s, now=None]frame_index:  37%|███▋      | 2740/7429 [01:48<03:02, 25.64it/s, now=None]frame_index:  37%|███▋      | 2743/7429 [01:48<03:02, 25.73it/s, now=None]frame_index:  37%|███▋      | 2746/7429 [01:48<03:02, 25.71it/s, now=None]frame_index:  37%|███▋      | 2749/7429 [01:48<03:01, 25.77it/s, now=None]frame_index:  37%|███▋      | 2752/7429 [01:48<03:01, 25.76it/s, now=None]frame_index:  37%|███▋      | 2755/7429 [01:48<03:01, 25.75it/s, now=None]frame_index:  37%|███▋      | 2758/7429 [01:49<03:01, 25.71it/s, now=None]frame_index:  37%|███▋      | 2761/7429 [01:49<03:01, 25.75it/s, now=None]frame_index:  37%|███▋      | 2764/7429 [01:49<03:00, 25.79it/s, now=None]frame_index:  37%|███▋      | 2767/7429 [01:49<03:00, 25.78it/s, now=None]frame_index:  37%|███▋      | 2770/7429 [01:49<03:00, 25.78it/s, now=None]frame_index:  37%|███▋      | 2773/7429 [01:49<03:00, 25.76it/s, now=None]frame_index:  37%|███▋      | 2776/7429 [01:49<03:04, 25.24it/s, now=None]frame_index:  37%|███▋      | 2779/7429 [01:49<03:03, 25.38it/s, now=None]frame_index:  37%|███▋      | 2782/7429 [01:50<03:02, 25.52it/s, now=None]frame_index:  37%|███▋      | 2785/7429 [01:50<03:01, 25.60it/s, now=None]frame_index:  38%|███▊      | 2788/7429 [01:50<03:01, 25.64it/s, now=None]frame_index:  38%|███▊      | 2791/7429 [01:50<03:00, 25.69it/s, now=None]frame_index:  38%|███▊      | 2794/7429 [01:50<03:00, 25.68it/s, now=None]frame_index:  38%|███▊      | 2797/7429 [01:50<03:00, 25.65it/s, now=None]frame_index:  38%|███▊      | 2800/7429 [01:50<02:59, 25.72it/s, now=None]frame_index:  38%|███▊      | 2803/7429 [01:50<03:02, 25.40it/s, now=None]frame_index:  38%|███▊      | 2806/7429 [01:50<03:01, 25.44it/s, now=None]frame_index:  38%|███▊      | 2809/7429 [01:51<03:02, 25.31it/s, now=None]frame_index:  38%|███▊      | 2812/7429 [01:51<03:01, 25.50it/s, now=None]frame_index:  38%|███▊      | 2815/7429 [01:51<03:00, 25.62it/s, now=None]frame_index:  38%|███▊      | 2818/7429 [01:51<02:59, 25.73it/s, now=None]frame_index:  38%|███▊      | 2821/7429 [01:51<02:58, 25.78it/s, now=None]frame_index:  38%|███▊      | 2824/7429 [01:51<02:58, 25.81it/s, now=None]frame_index:  38%|███▊      | 2827/7429 [01:51<02:58, 25.84it/s, now=None]frame_index:  38%|███▊      | 2830/7429 [01:51<03:07, 24.50it/s, now=None]frame_index:  38%|███▊      | 2833/7429 [01:52<03:25, 22.37it/s, now=None]frame_index:  38%|███▊      | 2836/7429 [01:52<03:18, 23.18it/s, now=None]frame_index:  38%|███▊      | 2839/7429 [01:52<03:12, 23.89it/s, now=None]frame_index:  38%|███▊      | 2842/7429 [01:52<03:07, 24.45it/s, now=None]frame_index:  38%|███▊      | 2845/7429 [01:52<03:04, 24.81it/s, now=None]frame_index:  38%|███▊      | 2848/7429 [01:52<03:02, 25.06it/s, now=None]frame_index:  38%|███▊      | 2851/7429 [01:52<03:01, 25.28it/s, now=None]frame_index:  38%|███▊      | 2854/7429 [01:52<02:59, 25.44it/s, now=None]frame_index:  38%|███▊      | 2857/7429 [01:53<02:58, 25.58it/s, now=None]frame_index:  38%|███▊      | 2860/7429 [01:53<02:58, 25.58it/s, now=None]frame_index:  39%|███▊      | 2863/7429 [01:53<02:58, 25.55it/s, now=None]frame_index:  39%|███▊      | 2866/7429 [01:53<02:57, 25.64it/s, now=None]frame_index:  39%|███▊      | 2869/7429 [01:53<02:57, 25.66it/s, now=None]frame_index:  39%|███▊      | 2872/7429 [01:53<02:57, 25.71it/s, now=None]frame_index:  39%|███▊      | 2875/7429 [01:53<02:57, 25.72it/s, now=None]frame_index:  39%|███▊      | 2878/7429 [01:53<02:56, 25.72it/s, now=None]frame_index:  39%|███▉      | 2881/7429 [01:53<02:57, 25.65it/s, now=None]frame_index:  39%|███▉      | 2884/7429 [01:54<02:56, 25.71it/s, now=None]frame_index:  39%|███▉      | 2887/7429 [01:54<02:56, 25.67it/s, now=None]frame_index:  39%|███▉      | 2890/7429 [01:54<02:56, 25.70it/s, now=None]frame_index:  39%|███▉      | 2893/7429 [01:54<02:56, 25.75it/s, now=None]frame_index:  39%|███▉      | 2896/7429 [01:54<02:55, 25.78it/s, now=None]frame_index:  39%|███▉      | 2899/7429 [01:54<02:55, 25.76it/s, now=None]frame_index:  39%|███▉      | 2902/7429 [01:54<02:55, 25.76it/s, now=None]frame_index:  39%|███▉      | 2905/7429 [01:54<02:55, 25.77it/s, now=None]frame_index:  39%|███▉      | 2908/7429 [01:54<02:55, 25.76it/s, now=None]frame_index:  39%|███▉      | 2911/7429 [01:55<02:55, 25.80it/s, now=None]frame_index:  39%|███▉      | 2914/7429 [01:55<02:57, 25.51it/s, now=None]frame_index:  39%|███▉      | 2917/7429 [01:55<02:56, 25.62it/s, now=None]frame_index:  39%|███▉      | 2920/7429 [01:55<02:55, 25.71it/s, now=None]frame_index:  39%|███▉      | 2923/7429 [01:55<02:55, 25.74it/s, now=None]frame_index:  39%|███▉      | 2926/7429 [01:55<02:54, 25.78it/s, now=None]frame_index:  39%|███▉      | 2929/7429 [01:55<02:54, 25.78it/s, now=None]frame_index:  39%|███▉      | 2932/7429 [01:55<02:54, 25.82it/s, now=None]frame_index:  40%|███▉      | 2935/7429 [01:56<02:54, 25.80it/s, now=None]frame_index:  40%|███▉      | 2938/7429 [01:56<02:53, 25.84it/s, now=None]frame_index:  40%|███▉      | 2941/7429 [01:56<03:00, 24.80it/s, now=None]frame_index:  40%|███▉      | 2944/7429 [01:56<03:00, 24.85it/s, now=None]frame_index:  40%|███▉      | 2947/7429 [01:56<02:58, 25.17it/s, now=None]frame_index:  40%|███▉      | 2950/7429 [01:56<02:56, 25.35it/s, now=None]frame_index:  40%|███▉      | 2953/7429 [01:56<03:12, 23.24it/s, now=None]frame_index:  40%|███▉      | 2956/7429 [01:56<03:07, 23.89it/s, now=None]frame_index:  40%|███▉      | 2959/7429 [01:57<03:03, 24.41it/s, now=None]frame_index:  40%|███▉      | 2962/7429 [01:57<02:59, 24.83it/s, now=None]frame_index:  40%|███▉      | 2965/7429 [01:57<02:57, 25.13it/s, now=None]frame_index:  40%|███▉      | 2968/7429 [01:57<02:56, 25.35it/s, now=None]frame_index:  40%|███▉      | 2971/7429 [01:57<02:55, 25.46it/s, now=None]frame_index:  40%|████      | 2974/7429 [01:57<02:54, 25.54it/s, now=None]frame_index:  40%|████      | 2977/7429 [01:57<02:53, 25.61it/s, now=None]frame_index:  40%|████      | 2980/7429 [01:57<02:53, 25.64it/s, now=None]frame_index:  40%|████      | 2983/7429 [01:57<02:52, 25.70it/s, now=None]frame_index:  40%|████      | 2986/7429 [01:58<02:52, 25.69it/s, now=None]frame_index:  40%|████      | 2989/7429 [01:58<02:52, 25.68it/s, now=None]frame_index:  40%|████      | 2992/7429 [01:58<02:52, 25.71it/s, now=None]frame_index:  40%|████      | 2995/7429 [01:58<02:52, 25.72it/s, now=None]frame_index:  40%|████      | 2998/7429 [01:58<02:52, 25.69it/s, now=None]frame_index:  40%|████      | 3001/7429 [01:58<02:54, 25.33it/s, now=None]frame_index:  40%|████      | 3004/7429 [01:58<02:54, 25.34it/s, now=None]frame_index:  40%|████      | 3007/7429 [01:58<02:53, 25.44it/s, now=None]frame_index:  41%|████      | 3010/7429 [01:59<02:52, 25.56it/s, now=None]frame_index:  41%|████      | 3013/7429 [01:59<02:52, 25.61it/s, now=None]frame_index:  41%|████      | 3016/7429 [01:59<02:52, 25.63it/s, now=None]frame_index:  41%|████      | 3019/7429 [01:59<02:52, 25.63it/s, now=None]frame_index:  41%|████      | 3022/7429 [01:59<02:51, 25.68it/s, now=None]frame_index:  41%|████      | 3025/7429 [01:59<02:51, 25.73it/s, now=None]frame_index:  41%|████      | 3028/7429 [01:59<02:51, 25.72it/s, now=None]frame_index:  41%|████      | 3031/7429 [01:59<02:50, 25.73it/s, now=None]frame_index:  41%|████      | 3034/7429 [01:59<02:50, 25.76it/s, now=None]frame_index:  41%|████      | 3037/7429 [02:00<02:50, 25.76it/s, now=None]frame_index:  41%|████      | 3040/7429 [02:00<02:50, 25.81it/s, now=None]frame_index:  41%|████      | 3043/7429 [02:00<02:50, 25.78it/s, now=None]frame_index:  41%|████      | 3046/7429 [02:00<02:49, 25.79it/s, now=None]frame_index:  41%|████      | 3049/7429 [02:00<02:50, 25.76it/s, now=None]frame_index:  41%|████      | 3052/7429 [02:00<02:49, 25.85it/s, now=None]frame_index:  41%|████      | 3055/7429 [02:00<02:49, 25.86it/s, now=None]frame_index:  41%|████      | 3058/7429 [02:00<02:48, 25.87it/s, now=None]frame_index:  41%|████      | 3061/7429 [02:00<02:49, 25.78it/s, now=None]frame_index:  41%|████      | 3064/7429 [02:01<02:48, 25.86it/s, now=None]frame_index:  41%|████▏     | 3067/7429 [02:01<02:48, 25.82it/s, now=None]frame_index:  41%|████▏     | 3070/7429 [02:01<02:49, 25.79it/s, now=None]frame_index:  41%|████▏     | 3073/7429 [02:01<03:05, 23.45it/s, now=None]frame_index:  41%|████▏     | 3076/7429 [02:01<03:00, 24.09it/s, now=None]frame_index:  41%|████▏     | 3079/7429 [02:01<02:57, 24.56it/s, now=None]frame_index:  41%|████▏     | 3082/7429 [02:01<02:54, 24.92it/s, now=None]frame_index:  42%|████▏     | 3085/7429 [02:01<02:52, 25.15it/s, now=None]frame_index:  42%|████▏     | 3088/7429 [02:02<02:51, 25.34it/s, now=None]frame_index:  42%|████▏     | 3091/7429 [02:02<02:50, 25.46it/s, now=None]frame_index:  42%|████▏     | 3094/7429 [02:02<02:49, 25.59it/s, now=None]frame_index:  42%|████▏     | 3097/7429 [02:02<02:48, 25.64it/s, now=None]frame_index:  42%|████▏     | 3100/7429 [02:02<02:48, 25.68it/s, now=None]frame_index:  42%|████▏     | 3103/7429 [02:02<02:48, 25.69it/s, now=None]frame_index:  42%|████▏     | 3106/7429 [02:02<02:48, 25.69it/s, now=None]frame_index:  42%|████▏     | 3109/7429 [02:02<02:47, 25.72it/s, now=None]frame_index:  42%|████▏     | 3112/7429 [02:03<02:47, 25.74it/s, now=None]frame_index:  42%|████▏     | 3115/7429 [02:03<02:47, 25.77it/s, now=None]frame_index:  42%|████▏     | 3118/7429 [02:03<02:47, 25.74it/s, now=None]frame_index:  42%|████▏     | 3121/7429 [02:03<02:47, 25.76it/s, now=None]frame_index:  42%|████▏     | 3124/7429 [02:03<02:47, 25.74it/s, now=None]frame_index:  42%|████▏     | 3127/7429 [02:03<02:47, 25.75it/s, now=None]frame_index:  42%|████▏     | 3130/7429 [02:03<02:46, 25.76it/s, now=None]frame_index:  42%|████▏     | 3133/7429 [02:03<02:46, 25.73it/s, now=None]frame_index:  42%|████▏     | 3136/7429 [02:03<02:46, 25.74it/s, now=None]frame_index:  42%|████▏     | 3139/7429 [02:04<02:46, 25.75it/s, now=None]frame_index:  42%|████▏     | 3142/7429 [02:04<02:46, 25.77it/s, now=None]frame_index:  42%|████▏     | 3145/7429 [02:04<02:46, 25.76it/s, now=None]frame_index:  42%|████▏     | 3148/7429 [02:04<02:46, 25.78it/s, now=None]frame_index:  42%|████▏     | 3151/7429 [02:04<02:45, 25.78it/s, now=None]frame_index:  42%|████▏     | 3154/7429 [02:04<02:45, 25.76it/s, now=None]frame_index:  42%|████▏     | 3157/7429 [02:04<02:45, 25.79it/s, now=None]frame_index:  43%|████▎     | 3160/7429 [02:04<02:45, 25.78it/s, now=None]frame_index:  43%|████▎     | 3163/7429 [02:04<02:45, 25.76it/s, now=None]frame_index:  43%|████▎     | 3166/7429 [02:05<02:45, 25.79it/s, now=None]frame_index:  43%|████▎     | 3169/7429 [02:05<02:45, 25.78it/s, now=None]frame_index:  43%|████▎     | 3172/7429 [02:05<02:44, 25.80it/s, now=None]frame_index:  43%|████▎     | 3175/7429 [02:05<02:44, 25.83it/s, now=None]frame_index:  43%|████▎     | 3178/7429 [02:05<02:44, 25.85it/s, now=None]frame_index:  43%|████▎     | 3181/7429 [02:05<02:43, 25.91it/s, now=None]frame_index:  43%|████▎     | 3184/7429 [02:05<02:43, 25.92it/s, now=None]frame_index:  43%|████▎     | 3187/7429 [02:05<02:43, 25.92it/s, now=None]frame_index:  43%|████▎     | 3190/7429 [02:06<02:43, 25.89it/s, now=None]frame_index:  43%|████▎     | 3193/7429 [02:06<02:58, 23.70it/s, now=None]frame_index:  43%|████▎     | 3196/7429 [02:06<02:54, 24.31it/s, now=None]frame_index:  43%|████▎     | 3199/7429 [02:06<02:51, 24.74it/s, now=None]frame_index:  43%|████▎     | 3202/7429 [02:06<02:48, 25.03it/s, now=None]frame_index:  43%|████▎     | 3205/7429 [02:06<02:47, 25.29it/s, now=None]frame_index:  43%|████▎     | 3208/7429 [02:06<02:45, 25.43it/s, now=None]frame_index:  43%|████▎     | 3211/7429 [02:06<02:45, 25.56it/s, now=None]frame_index:  43%|████▎     | 3214/7429 [02:06<02:44, 25.56it/s, now=None]frame_index:  43%|████▎     | 3217/7429 [02:07<02:44, 25.65it/s, now=None]frame_index:  43%|████▎     | 3220/7429 [02:07<02:44, 25.52it/s, now=None]frame_index:  43%|████▎     | 3223/7429 [02:07<02:44, 25.54it/s, now=None]frame_index:  43%|████▎     | 3226/7429 [02:07<02:44, 25.62it/s, now=None]frame_index:  43%|████▎     | 3229/7429 [02:07<02:43, 25.65it/s, now=None]frame_index:  44%|████▎     | 3232/7429 [02:07<02:43, 25.64it/s, now=None]frame_index:  44%|████▎     | 3235/7429 [02:07<02:43, 25.67it/s, now=None]frame_index:  44%|████▎     | 3238/7429 [02:07<02:43, 25.70it/s, now=None]frame_index:  44%|████▎     | 3241/7429 [02:08<02:42, 25.70it/s, now=None]frame_index:  44%|████▎     | 3244/7429 [02:08<02:42, 25.73it/s, now=None]frame_index:  44%|████▎     | 3247/7429 [02:08<02:42, 25.71it/s, now=None]frame_index:  44%|████▎     | 3250/7429 [02:08<02:42, 25.76it/s, now=None]frame_index:  44%|████▍     | 3253/7429 [02:08<02:42, 25.71it/s, now=None]frame_index:  44%|████▍     | 3256/7429 [02:08<02:41, 25.76it/s, now=None]frame_index:  44%|████▍     | 3259/7429 [02:08<02:42, 25.72it/s, now=None]frame_index:  44%|████▍     | 3262/7429 [02:08<02:42, 25.72it/s, now=None]frame_index:  44%|████▍     | 3265/7429 [02:08<02:40, 25.87it/s, now=None]frame_index:  44%|████▍     | 3268/7429 [02:09<02:38, 26.27it/s, now=None]frame_index:  44%|████▍     | 3271/7429 [02:09<02:37, 26.44it/s, now=None]frame_index:  44%|████▍     | 3274/7429 [02:09<02:52, 24.14it/s, now=None]frame_index:  44%|████▍     | 3277/7429 [02:09<02:50, 24.32it/s, now=None]frame_index:  44%|████▍     | 3280/7429 [02:09<02:49, 24.48it/s, now=None]frame_index:  44%|████▍     | 3283/7429 [02:09<02:48, 24.62it/s, now=None]frame_index:  44%|████▍     | 3286/7429 [02:09<02:49, 24.45it/s, now=None]frame_index:  44%|████▍     | 3289/7429 [02:09<02:47, 24.65it/s, now=None]frame_index:  44%|████▍     | 3292/7429 [02:10<02:45, 25.00it/s, now=None]frame_index:  44%|████▍     | 3295/7429 [02:10<02:43, 25.22it/s, now=None]frame_index:  44%|████▍     | 3298/7429 [02:10<02:42, 25.37it/s, now=None]frame_index:  44%|████▍     | 3301/7429 [02:10<02:42, 25.42it/s, now=None]frame_index:  44%|████▍     | 3304/7429 [02:10<02:42, 25.35it/s, now=None]frame_index:  45%|████▍     | 3307/7429 [02:10<02:42, 25.32it/s, now=None]frame_index:  45%|████▍     | 3310/7429 [02:10<02:42, 25.28it/s, now=None]frame_index:  45%|████▍     | 3313/7429 [02:10<02:42, 25.26it/s, now=None]frame_index:  45%|████▍     | 3316/7429 [02:11<02:46, 24.76it/s, now=None]frame_index:  45%|████▍     | 3319/7429 [02:11<02:43, 25.06it/s, now=None]frame_index:  45%|████▍     | 3322/7429 [02:11<02:43, 25.08it/s, now=None]frame_index:  45%|████▍     | 3325/7429 [02:11<02:42, 25.25it/s, now=None]frame_index:  45%|████▍     | 3328/7429 [02:11<02:41, 25.39it/s, now=None]frame_index:  45%|████▍     | 3331/7429 [02:11<02:40, 25.50it/s, now=None]frame_index:  45%|████▍     | 3334/7429 [02:11<02:40, 25.58it/s, now=None]frame_index:  45%|████▍     | 3337/7429 [02:11<02:39, 25.61it/s, now=None]frame_index:  45%|████▍     | 3340/7429 [02:11<02:39, 25.63it/s, now=None]frame_index:  45%|████▍     | 3343/7429 [02:12<02:39, 25.68it/s, now=None]frame_index:  45%|████▌     | 3346/7429 [02:12<02:39, 25.65it/s, now=None]frame_index:  45%|████▌     | 3349/7429 [02:12<02:40, 25.45it/s, now=None]frame_index:  45%|████▌     | 3352/7429 [02:12<02:40, 25.38it/s, now=None]frame_index:  45%|████▌     | 3355/7429 [02:12<02:39, 25.51it/s, now=None]frame_index:  45%|████▌     | 3358/7429 [02:12<02:39, 25.54it/s, now=None]frame_index:  45%|████▌     | 3361/7429 [02:12<02:39, 25.56it/s, now=None]frame_index:  45%|████▌     | 3364/7429 [02:12<02:39, 25.56it/s, now=None]frame_index:  45%|████▌     | 3367/7429 [02:13<02:38, 25.57it/s, now=None]frame_index:  45%|████▌     | 3370/7429 [02:13<02:38, 25.66it/s, now=None]frame_index:  45%|████▌     | 3373/7429 [02:13<02:38, 25.61it/s, now=None]frame_index:  45%|████▌     | 3376/7429 [02:13<02:38, 25.65it/s, now=None]frame_index:  45%|████▌     | 3379/7429 [02:13<02:37, 25.74it/s, now=None]frame_index:  46%|████▌     | 3382/7429 [02:13<02:36, 25.81it/s, now=None]frame_index:  46%|████▌     | 3385/7429 [02:13<02:36, 25.86it/s, now=None]frame_index:  46%|████▌     | 3388/7429 [02:13<02:36, 25.89it/s, now=None]frame_index:  46%|████▌     | 3391/7429 [02:13<02:52, 23.40it/s, now=None]frame_index:  46%|████▌     | 3394/7429 [02:14<02:48, 24.00it/s, now=None]frame_index:  46%|████▌     | 3397/7429 [02:14<02:44, 24.50it/s, now=None]frame_index:  46%|████▌     | 3400/7429 [02:14<02:41, 24.88it/s, now=None]frame_index:  46%|████▌     | 3403/7429 [02:14<02:40, 25.12it/s, now=None]frame_index:  46%|████▌     | 3406/7429 [02:14<02:38, 25.32it/s, now=None]frame_index:  46%|████▌     | 3409/7429 [02:14<02:37, 25.45it/s, now=None]frame_index:  46%|████▌     | 3412/7429 [02:14<02:37, 25.57it/s, now=None]frame_index:  46%|████▌     | 3415/7429 [02:14<02:36, 25.62it/s, now=None]frame_index:  46%|████▌     | 3418/7429 [02:15<02:36, 25.65it/s, now=None]frame_index:  46%|████▌     | 3421/7429 [02:15<02:36, 25.67it/s, now=None]frame_index:  46%|████▌     | 3424/7429 [02:15<02:36, 25.67it/s, now=None]frame_index:  46%|████▌     | 3427/7429 [02:15<02:35, 25.70it/s, now=None]frame_index:  46%|████▌     | 3430/7429 [02:15<02:35, 25.71it/s, now=None]frame_index:  46%|████▌     | 3433/7429 [02:15<02:35, 25.69it/s, now=None]frame_index:  46%|████▋     | 3436/7429 [02:15<02:35, 25.68it/s, now=None]frame_index:  46%|████▋     | 3439/7429 [02:15<02:35, 25.69it/s, now=None]frame_index:  46%|████▋     | 3442/7429 [02:15<02:34, 25.72it/s, now=None]frame_index:  46%|████▋     | 3445/7429 [02:16<02:34, 25.75it/s, now=None]frame_index:  46%|████▋     | 3448/7429 [02:16<02:34, 25.71it/s, now=None]frame_index:  46%|████▋     | 3451/7429 [02:16<02:34, 25.71it/s, now=None]frame_index:  46%|████▋     | 3454/7429 [02:16<02:34, 25.70it/s, now=None]frame_index:  47%|████▋     | 3457/7429 [02:16<02:34, 25.66it/s, now=None]frame_index:  47%|████▋     | 3460/7429 [02:16<02:34, 25.68it/s, now=None]frame_index:  47%|████▋     | 3463/7429 [02:16<02:34, 25.62it/s, now=None]frame_index:  47%|████▋     | 3466/7429 [02:16<02:34, 25.67it/s, now=None]frame_index:  47%|████▋     | 3469/7429 [02:17<02:33, 25.73it/s, now=None]frame_index:  47%|████▋     | 3472/7429 [02:17<02:33, 25.77it/s, now=None]frame_index:  47%|████▋     | 3475/7429 [02:17<02:33, 25.76it/s, now=None]frame_index:  47%|████▋     | 3478/7429 [02:17<02:33, 25.75it/s, now=None]frame_index:  47%|████▋     | 3481/7429 [02:17<02:33, 25.76it/s, now=None]frame_index:  47%|████▋     | 3484/7429 [02:17<02:32, 25.82it/s, now=None]frame_index:  47%|████▋     | 3487/7429 [02:17<02:32, 25.77it/s, now=None]frame_index:  47%|████▋     | 3490/7429 [02:17<02:32, 25.75it/s, now=None]frame_index:  47%|████▋     | 3493/7429 [02:17<02:32, 25.81it/s, now=None]frame_index:  47%|████▋     | 3496/7429 [02:18<02:32, 25.83it/s, now=None]frame_index:  47%|████▋     | 3499/7429 [02:18<02:31, 25.86it/s, now=None]frame_index:  47%|████▋     | 3502/7429 [02:18<02:35, 25.30it/s, now=None]frame_index:  47%|████▋     | 3505/7429 [02:18<02:35, 25.21it/s, now=None]frame_index:  47%|████▋     | 3508/7429 [02:18<02:34, 25.41it/s, now=None]frame_index:  47%|████▋     | 3511/7429 [02:18<02:47, 23.35it/s, now=None]frame_index:  47%|████▋     | 3514/7429 [02:18<02:43, 23.90it/s, now=None]frame_index:  47%|████▋     | 3517/7429 [02:18<02:40, 24.42it/s, now=None]frame_index:  47%|████▋     | 3520/7429 [02:19<02:37, 24.79it/s, now=None]frame_index:  47%|████▋     | 3523/7429 [02:19<02:35, 25.07it/s, now=None]frame_index:  47%|████▋     | 3526/7429 [02:19<02:34, 25.24it/s, now=None]frame_index:  48%|████▊     | 3529/7429 [02:19<02:33, 25.38it/s, now=None]frame_index:  48%|████▊     | 3532/7429 [02:19<02:32, 25.49it/s, now=None]frame_index:  48%|████▊     | 3535/7429 [02:19<02:32, 25.59it/s, now=None]frame_index:  48%|████▊     | 3538/7429 [02:19<02:32, 25.52it/s, now=None]frame_index:  48%|████▊     | 3541/7429 [02:19<02:34, 25.22it/s, now=None]frame_index:  48%|████▊     | 3544/7429 [02:19<02:33, 25.32it/s, now=None]frame_index:  48%|████▊     | 3547/7429 [02:20<02:32, 25.47it/s, now=None]frame_index:  48%|████▊     | 3550/7429 [02:20<02:32, 25.49it/s, now=None]frame_index:  48%|████▊     | 3553/7429 [02:20<02:31, 25.56it/s, now=None]frame_index:  48%|████▊     | 3556/7429 [02:20<02:31, 25.59it/s, now=None]frame_index:  48%|████▊     | 3559/7429 [02:20<02:31, 25.56it/s, now=None]frame_index:  48%|████▊     | 3562/7429 [02:20<02:30, 25.62it/s, now=None]frame_index:  48%|████▊     | 3565/7429 [02:20<02:30, 25.65it/s, now=None]frame_index:  48%|████▊     | 3568/7429 [02:20<02:30, 25.69it/s, now=None]frame_index:  48%|████▊     | 3571/7429 [02:21<02:30, 25.71it/s, now=None]frame_index:  48%|████▊     | 3574/7429 [02:21<02:29, 25.74it/s, now=None]frame_index:  48%|████▊     | 3577/7429 [02:21<02:29, 25.72it/s, now=None]frame_index:  48%|████▊     | 3580/7429 [02:21<02:29, 25.73it/s, now=None]frame_index:  48%|████▊     | 3583/7429 [02:21<02:29, 25.73it/s, now=None]frame_index:  48%|████▊     | 3586/7429 [02:21<02:29, 25.73it/s, now=None]frame_index:  48%|████▊     | 3589/7429 [02:21<02:33, 24.99it/s, now=None]frame_index:  48%|████▊     | 3592/7429 [02:21<02:33, 25.00it/s, now=None]frame_index:  48%|████▊     | 3595/7429 [02:21<02:32, 25.19it/s, now=None]frame_index:  48%|████▊     | 3598/7429 [02:22<02:31, 25.33it/s, now=None]frame_index:  48%|████▊     | 3601/7429 [02:22<02:30, 25.49it/s, now=None]frame_index:  49%|████▊     | 3604/7429 [02:22<02:29, 25.51it/s, now=None]frame_index:  49%|████▊     | 3607/7429 [02:22<02:29, 25.50it/s, now=None]frame_index:  49%|████▊     | 3610/7429 [02:22<02:30, 25.35it/s, now=None]frame_index:  49%|████▊     | 3613/7429 [02:22<02:30, 25.27it/s, now=None]frame_index:  49%|████▊     | 3616/7429 [02:22<02:29, 25.43it/s, now=None]frame_index:  49%|████▊     | 3619/7429 [02:22<02:29, 25.56it/s, now=None]frame_index:  49%|████▉     | 3622/7429 [02:23<02:28, 25.64it/s, now=None]frame_index:  49%|████▉     | 3625/7429 [02:23<02:27, 25.72it/s, now=None]frame_index:  49%|████▉     | 3628/7429 [02:23<02:29, 25.46it/s, now=None]frame_index:  49%|████▉     | 3631/7429 [02:23<02:46, 22.86it/s, now=None]frame_index:  49%|████▉     | 3634/7429 [02:23<02:41, 23.52it/s, now=None]frame_index:  49%|████▉     | 3637/7429 [02:23<02:37, 24.14it/s, now=None]frame_index:  49%|████▉     | 3640/7429 [02:23<02:34, 24.57it/s, now=None]frame_index:  49%|████▉     | 3643/7429 [02:23<02:31, 24.92it/s, now=None]frame_index:  49%|████▉     | 3646/7429 [02:24<02:30, 25.19it/s, now=None]frame_index:  49%|████▉     | 3649/7429 [02:24<02:29, 25.28it/s, now=None]frame_index:  49%|████▉     | 3652/7429 [02:24<02:29, 25.30it/s, now=None]frame_index:  49%|████▉     | 3655/7429 [02:24<02:28, 25.39it/s, now=None]frame_index:  49%|████▉     | 3658/7429 [02:24<02:27, 25.50it/s, now=None]frame_index:  49%|████▉     | 3661/7429 [02:24<02:28, 25.30it/s, now=None]frame_index:  49%|████▉     | 3664/7429 [02:24<02:29, 25.15it/s, now=None]frame_index:  49%|████▉     | 3667/7429 [02:24<02:30, 25.01it/s, now=None]frame_index:  49%|████▉     | 3670/7429 [02:24<02:29, 25.10it/s, now=None]frame_index:  49%|████▉     | 3673/7429 [02:25<02:28, 25.27it/s, now=None]frame_index:  49%|████▉     | 3676/7429 [02:25<02:30, 24.96it/s, now=None]frame_index:  50%|████▉     | 3679/7429 [02:25<02:29, 25.12it/s, now=None]frame_index:  50%|████▉     | 3682/7429 [02:25<02:28, 25.27it/s, now=None]frame_index:  50%|████▉     | 3685/7429 [02:25<02:27, 25.40it/s, now=None]frame_index:  50%|████▉     | 3688/7429 [02:25<02:26, 25.52it/s, now=None]frame_index:  50%|████▉     | 3691/7429 [02:25<02:26, 25.58it/s, now=None]frame_index:  50%|████▉     | 3694/7429 [02:25<02:25, 25.64it/s, now=None]frame_index:  50%|████▉     | 3697/7429 [02:26<02:26, 25.56it/s, now=None]frame_index:  50%|████▉     | 3700/7429 [02:26<02:25, 25.64it/s, now=None]frame_index:  50%|████▉     | 3703/7429 [02:26<02:26, 25.50it/s, now=None]frame_index:  50%|████▉     | 3706/7429 [02:26<02:25, 25.58it/s, now=None]frame_index:  50%|████▉     | 3709/7429 [02:26<02:25, 25.61it/s, now=None]frame_index:  50%|████▉     | 3712/7429 [02:26<02:24, 25.68it/s, now=None]frame_index:  50%|█████     | 3715/7429 [02:26<02:24, 25.70it/s, now=None]frame_index:  50%|█████     | 3718/7429 [02:26<02:24, 25.68it/s, now=None]frame_index:  50%|█████     | 3721/7429 [02:26<02:24, 25.68it/s, now=None]frame_index:  50%|█████     | 3724/7429 [02:27<02:24, 25.70it/s, now=None]frame_index:  50%|█████     | 3727/7429 [02:27<02:24, 25.71it/s, now=None]frame_index:  50%|█████     | 3730/7429 [02:27<02:23, 25.75it/s, now=None]frame_index:  50%|█████     | 3733/7429 [02:27<02:23, 25.80it/s, now=None]frame_index:  50%|█████     | 3736/7429 [02:27<02:22, 25.85it/s, now=None]frame_index:  50%|█████     | 3739/7429 [02:27<02:22, 25.88it/s, now=None]frame_index:  50%|█████     | 3742/7429 [02:27<02:22, 25.85it/s, now=None]frame_index:  50%|█████     | 3745/7429 [02:27<02:22, 25.87it/s, now=None]frame_index:  50%|█████     | 3748/7429 [02:28<02:22, 25.90it/s, now=None]frame_index:  50%|█████     | 3751/7429 [02:28<02:35, 23.70it/s, now=None]frame_index:  51%|█████     | 3754/7429 [02:28<02:32, 24.15it/s, now=None]frame_index:  51%|█████     | 3757/7429 [02:28<02:29, 24.61it/s, now=None]frame_index:  51%|█████     | 3760/7429 [02:28<02:27, 24.84it/s, now=None]frame_index:  51%|█████     | 3763/7429 [02:28<02:26, 25.05it/s, now=None]frame_index:  51%|█████     | 3766/7429 [02:28<02:25, 25.18it/s, now=None]frame_index:  51%|█████     | 3769/7429 [02:28<02:24, 25.33it/s, now=None]frame_index:  51%|█████     | 3772/7429 [02:28<02:23, 25.43it/s, now=None]frame_index:  51%|█████     | 3775/7429 [02:29<02:22, 25.57it/s, now=None]frame_index:  51%|█████     | 3778/7429 [02:29<02:23, 25.40it/s, now=None]frame_index:  51%|█████     | 3781/7429 [02:29<02:37, 23.16it/s, now=None]frame_index:  51%|█████     | 3784/7429 [02:29<02:36, 23.28it/s, now=None]frame_index:  51%|█████     | 3787/7429 [02:29<02:33, 23.66it/s, now=None]frame_index:  51%|█████     | 3790/7429 [02:29<02:31, 24.00it/s, now=None]frame_index:  51%|█████     | 3793/7429 [02:29<02:30, 24.22it/s, now=None]frame_index:  51%|█████     | 3796/7429 [02:29<02:27, 24.65it/s, now=None]frame_index:  51%|█████     | 3799/7429 [02:30<02:25, 24.96it/s, now=None]frame_index:  51%|█████     | 3802/7429 [02:30<02:24, 25.15it/s, now=None]frame_index:  51%|█████     | 3805/7429 [02:30<02:23, 25.33it/s, now=None]frame_index:  51%|█████▏    | 3808/7429 [02:30<02:22, 25.44it/s, now=None]frame_index:  51%|█████▏    | 3811/7429 [02:30<02:21, 25.53it/s, now=None]frame_index:  51%|█████▏    | 3814/7429 [02:30<02:21, 25.55it/s, now=None]frame_index:  51%|█████▏    | 3817/7429 [02:30<02:21, 25.58it/s, now=None]frame_index:  51%|█████▏    | 3820/7429 [02:30<02:20, 25.64it/s, now=None]frame_index:  51%|█████▏    | 3823/7429 [02:31<02:20, 25.67it/s, now=None]frame_index:  52%|█████▏    | 3826/7429 [02:31<02:20, 25.69it/s, now=None]frame_index:  52%|█████▏    | 3829/7429 [02:31<02:20, 25.70it/s, now=None]frame_index:  52%|█████▏    | 3832/7429 [02:31<02:19, 25.76it/s, now=None]frame_index:  52%|█████▏    | 3835/7429 [02:31<02:19, 25.81it/s, now=None]frame_index:  52%|█████▏    | 3838/7429 [02:31<02:18, 25.84it/s, now=None]frame_index:  52%|█████▏    | 3841/7429 [02:31<02:18, 25.85it/s, now=None]frame_index:  52%|█████▏    | 3844/7429 [02:31<02:18, 25.82it/s, now=None]frame_index:  52%|█████▏    | 3847/7429 [02:31<02:18, 25.80it/s, now=None]frame_index:  52%|█████▏    | 3850/7429 [02:32<02:18, 25.77it/s, now=None]frame_index:  52%|█████▏    | 3853/7429 [02:32<02:18, 25.74it/s, now=None]frame_index:  52%|█████▏    | 3856/7429 [02:32<02:18, 25.75it/s, now=None]frame_index:  52%|█████▏    | 3859/7429 [02:32<02:18, 25.79it/s, now=None]frame_index:  52%|█████▏    | 3862/7429 [02:32<02:17, 25.86it/s, now=None]frame_index:  52%|█████▏    | 3865/7429 [02:32<02:17, 25.88it/s, now=None]frame_index:  52%|█████▏    | 3868/7429 [02:32<02:17, 25.90it/s, now=None]frame_index:  52%|█████▏    | 3871/7429 [02:32<02:31, 23.42it/s, now=None]frame_index:  52%|█████▏    | 3874/7429 [02:33<02:29, 23.74it/s, now=None]frame_index:  52%|█████▏    | 3877/7429 [02:33<02:26, 24.26it/s, now=None]frame_index:  52%|█████▏    | 3880/7429 [02:33<02:24, 24.52it/s, now=None]frame_index:  52%|█████▏    | 3883/7429 [02:33<02:23, 24.68it/s, now=None]frame_index:  52%|█████▏    | 3886/7429 [02:33<02:22, 24.84it/s, now=None]frame_index:  52%|█████▏    | 3889/7429 [02:33<02:21, 25.11it/s, now=None]frame_index:  52%|█████▏    | 3892/7429 [02:33<02:19, 25.27it/s, now=None]frame_index:  52%|█████▏    | 3895/7429 [02:33<02:18, 25.45it/s, now=None]frame_index:  52%|█████▏    | 3898/7429 [02:33<02:18, 25.56it/s, now=None]frame_index:  53%|█████▎    | 3901/7429 [02:34<02:17, 25.61it/s, now=None]frame_index:  53%|█████▎    | 3904/7429 [02:34<02:17, 25.60it/s, now=None]frame_index:  53%|█████▎    | 3907/7429 [02:34<02:17, 25.67it/s, now=None]frame_index:  53%|█████▎    | 3910/7429 [02:34<02:16, 25.74it/s, now=None]frame_index:  53%|█████▎    | 3913/7429 [02:34<02:16, 25.73it/s, now=None]frame_index:  53%|█████▎    | 3916/7429 [02:34<02:16, 25.73it/s, now=None]frame_index:  53%|█████▎    | 3919/7429 [02:34<02:16, 25.71it/s, now=None]frame_index:  53%|█████▎    | 3922/7429 [02:34<02:16, 25.75it/s, now=None]frame_index:  53%|█████▎    | 3925/7429 [02:35<02:16, 25.72it/s, now=None]frame_index:  53%|█████▎    | 3928/7429 [02:35<02:15, 25.75it/s, now=None]frame_index:  53%|█████▎    | 3931/7429 [02:35<02:16, 25.69it/s, now=None]frame_index:  53%|█████▎    | 3934/7429 [02:35<02:16, 25.62it/s, now=None]frame_index:  53%|█████▎    | 3937/7429 [02:35<02:16, 25.52it/s, now=None]frame_index:  53%|█████▎    | 3940/7429 [02:35<02:17, 25.34it/s, now=None]frame_index:  53%|█████▎    | 3943/7429 [02:35<02:17, 25.35it/s, now=None]frame_index:  53%|█████▎    | 3946/7429 [02:35<02:16, 25.46it/s, now=None]frame_index:  53%|█████▎    | 3949/7429 [02:35<02:16, 25.57it/s, now=None]frame_index:  53%|█████▎    | 3952/7429 [02:36<02:16, 25.45it/s, now=None]frame_index:  53%|█████▎    | 3955/7429 [02:36<02:17, 25.31it/s, now=None]frame_index:  53%|█████▎    | 3958/7429 [02:36<02:17, 25.23it/s, now=None]frame_index:  53%|█████▎    | 3961/7429 [02:36<02:16, 25.39it/s, now=None]frame_index:  53%|█████▎    | 3964/7429 [02:36<02:16, 25.48it/s, now=None]frame_index:  53%|█████▎    | 3967/7429 [02:36<02:15, 25.57it/s, now=None]frame_index:  53%|█████▎    | 3970/7429 [02:36<02:15, 25.62it/s, now=None]frame_index:  53%|█████▎    | 3973/7429 [02:36<02:14, 25.61it/s, now=None]frame_index:  54%|█████▎    | 3976/7429 [02:37<02:14, 25.72it/s, now=None]frame_index:  54%|█████▎    | 3979/7429 [02:37<02:13, 25.80it/s, now=None]frame_index:  54%|█████▎    | 3982/7429 [02:37<02:13, 25.83it/s, now=None]frame_index:  54%|█████▎    | 3985/7429 [02:37<02:13, 25.87it/s, now=None]frame_index:  54%|█████▎    | 3988/7429 [02:37<02:12, 25.90it/s, now=None]frame_index:  54%|█████▎    | 3991/7429 [02:37<02:24, 23.73it/s, now=None]frame_index:  54%|█████▍    | 3994/7429 [02:37<02:21, 24.21it/s, now=None]frame_index:  54%|█████▍    | 3997/7429 [02:37<02:19, 24.66it/s, now=None]frame_index:  54%|█████▍    | 4000/7429 [02:38<02:17, 24.98it/s, now=None]frame_index:  54%|█████▍    | 4003/7429 [02:38<02:15, 25.23it/s, now=None]frame_index:  54%|█████▍    | 4006/7429 [02:38<02:14, 25.39it/s, now=None]frame_index:  54%|█████▍    | 4009/7429 [02:38<02:14, 25.49it/s, now=None]frame_index:  54%|█████▍    | 4012/7429 [02:38<02:13, 25.58it/s, now=None]frame_index:  54%|█████▍    | 4015/7429 [02:38<02:13, 25.64it/s, now=None]frame_index:  54%|█████▍    | 4018/7429 [02:38<02:13, 25.63it/s, now=None]frame_index:  54%|█████▍    | 4021/7429 [02:38<02:13, 25.53it/s, now=None]frame_index:  54%|█████▍    | 4024/7429 [02:38<02:17, 24.80it/s, now=None]frame_index:  54%|█████▍    | 4027/7429 [02:39<02:17, 24.80it/s, now=None]frame_index:  54%|█████▍    | 4030/7429 [02:39<02:15, 25.01it/s, now=None]frame_index:  54%|█████▍    | 4033/7429 [02:39<02:14, 25.17it/s, now=None]frame_index:  54%|█████▍    | 4036/7429 [02:39<02:14, 25.32it/s, now=None]frame_index:  54%|█████▍    | 4039/7429 [02:39<02:13, 25.33it/s, now=None]frame_index:  54%|█████▍    | 4042/7429 [02:39<02:13, 25.45it/s, now=None]frame_index:  54%|█████▍    | 4045/7429 [02:39<02:12, 25.53it/s, now=None]frame_index:  54%|█████▍    | 4048/7429 [02:39<02:12, 25.57it/s, now=None]frame_index:  55%|█████▍    | 4051/7429 [02:40<02:11, 25.63it/s, now=None]frame_index:  55%|█████▍    | 4054/7429 [02:40<02:11, 25.70it/s, now=None]frame_index:  55%|█████▍    | 4057/7429 [02:40<02:10, 25.74it/s, now=None]frame_index:  55%|█████▍    | 4060/7429 [02:40<02:11, 25.56it/s, now=None]frame_index:  55%|█████▍    | 4063/7429 [02:40<02:12, 25.35it/s, now=None]frame_index:  55%|█████▍    | 4066/7429 [02:40<02:12, 25.31it/s, now=None]frame_index:  55%|█████▍    | 4069/7429 [02:40<02:12, 25.34it/s, now=None]frame_index:  55%|█████▍    | 4072/7429 [02:40<02:12, 25.37it/s, now=None]frame_index:  55%|█████▍    | 4075/7429 [02:40<02:12, 25.37it/s, now=None]frame_index:  55%|█████▍    | 4078/7429 [02:41<02:11, 25.52it/s, now=None]frame_index:  55%|█████▍    | 4081/7429 [02:41<02:10, 25.61it/s, now=None]frame_index:  55%|█████▍    | 4084/7429 [02:41<02:10, 25.67it/s, now=None]frame_index:  55%|█████▌    | 4087/7429 [02:41<02:09, 25.75it/s, now=None]frame_index:  55%|█████▌    | 4090/7429 [02:41<02:09, 25.84it/s, now=None]frame_index:  55%|█████▌    | 4093/7429 [02:41<02:08, 25.89it/s, now=None]frame_index:  55%|█████▌    | 4096/7429 [02:41<02:08, 25.89it/s, now=None]frame_index:  55%|█████▌    | 4099/7429 [02:41<02:08, 25.96it/s, now=None]frame_index:  55%|█████▌    | 4102/7429 [02:42<02:07, 26.03it/s, now=None]frame_index:  55%|█████▌    | 4105/7429 [02:42<02:07, 26.03it/s, now=None]frame_index:  55%|█████▌    | 4108/7429 [02:42<02:07, 26.04it/s, now=None]frame_index:  55%|█████▌    | 4111/7429 [02:42<02:20, 23.65it/s, now=None]frame_index:  55%|█████▌    | 4114/7429 [02:42<02:17, 24.19it/s, now=None]frame_index:  55%|█████▌    | 4117/7429 [02:42<02:14, 24.70it/s, now=None]frame_index:  55%|█████▌    | 4120/7429 [02:42<02:12, 25.05it/s, now=None]frame_index:  55%|█████▌    | 4123/7429 [02:42<02:10, 25.30it/s, now=None]frame_index:  56%|█████▌    | 4126/7429 [02:42<02:12, 24.96it/s, now=None]frame_index:  56%|█████▌    | 4129/7429 [02:43<02:21, 23.33it/s, now=None]frame_index:  56%|█████▌    | 4132/7429 [02:43<02:17, 24.04it/s, now=None]frame_index:  56%|█████▌    | 4135/7429 [02:43<02:13, 24.58it/s, now=None]frame_index:  56%|█████▌    | 4138/7429 [02:43<02:11, 24.98it/s, now=None]frame_index:  56%|█████▌    | 4141/7429 [02:43<02:10, 25.26it/s, now=None]frame_index:  56%|█████▌    | 4144/7429 [02:43<02:09, 25.45it/s, now=None]frame_index:  56%|█████▌    | 4147/7429 [02:43<02:08, 25.58it/s, now=None]frame_index:  56%|█████▌    | 4150/7429 [02:43<02:07, 25.65it/s, now=None]frame_index:  56%|█████▌    | 4153/7429 [02:44<02:07, 25.70it/s, now=None]frame_index:  56%|█████▌    | 4156/7429 [02:44<02:07, 25.73it/s, now=None]frame_index:  56%|█████▌    | 4159/7429 [02:44<02:06, 25.75it/s, now=None]frame_index:  56%|█████▌    | 4162/7429 [02:44<02:06, 25.80it/s, now=None]frame_index:  56%|█████▌    | 4165/7429 [02:44<02:06, 25.83it/s, now=None]frame_index:  56%|█████▌    | 4168/7429 [02:44<02:06, 25.86it/s, now=None]frame_index:  56%|█████▌    | 4171/7429 [02:44<02:06, 25.77it/s, now=None]frame_index:  56%|█████▌    | 4174/7429 [02:44<02:06, 25.67it/s, now=None]frame_index:  56%|█████▌    | 4177/7429 [02:44<02:06, 25.73it/s, now=None]frame_index:  56%|█████▋    | 4180/7429 [02:45<02:06, 25.74it/s, now=None]frame_index:  56%|█████▋    | 4183/7429 [02:45<02:07, 25.37it/s, now=None]frame_index:  56%|█████▋    | 4186/7429 [02:45<02:18, 23.47it/s, now=None]frame_index:  56%|█████▋    | 4189/7429 [02:45<02:14, 24.10it/s, now=None]frame_index:  56%|█████▋    | 4192/7429 [02:45<02:11, 24.58it/s, now=None]frame_index:  56%|█████▋    | 4195/7429 [02:45<02:09, 24.96it/s, now=None]frame_index:  57%|█████▋    | 4198/7429 [02:45<02:07, 25.24it/s, now=None]frame_index:  57%|█████▋    | 4201/7429 [02:45<02:08, 25.21it/s, now=None]frame_index:  57%|█████▋    | 4204/7429 [02:46<02:07, 25.32it/s, now=None]frame_index:  57%|█████▋    | 4207/7429 [02:46<02:06, 25.42it/s, now=None]frame_index:  57%|█████▋    | 4210/7429 [02:46<02:06, 25.46it/s, now=None]frame_index:  57%|█████▋    | 4213/7429 [02:46<02:05, 25.63it/s, now=None]frame_index:  57%|█████▋    | 4216/7429 [02:46<02:07, 25.23it/s, now=None]frame_index:  57%|█████▋    | 4219/7429 [02:46<02:09, 24.87it/s, now=None]frame_index:  57%|█████▋    | 4222/7429 [02:46<02:08, 24.93it/s, now=None]frame_index:  57%|█████▋    | 4225/7429 [02:46<02:07, 25.18it/s, now=None]frame_index:  57%|█████▋    | 4228/7429 [02:47<02:06, 25.40it/s, now=None]frame_index:  57%|█████▋    | 4231/7429 [02:47<02:16, 23.43it/s, now=None]frame_index:  57%|█████▋    | 4234/7429 [02:47<02:13, 24.00it/s, now=None]frame_index:  57%|█████▋    | 4237/7429 [02:47<02:10, 24.48it/s, now=None]frame_index:  57%|█████▋    | 4240/7429 [02:47<02:08, 24.86it/s, now=None]frame_index:  57%|█████▋    | 4243/7429 [02:47<02:06, 25.13it/s, now=None]frame_index:  57%|█████▋    | 4246/7429 [02:47<02:05, 25.31it/s, now=None]frame_index:  57%|█████▋    | 4249/7429 [02:47<02:04, 25.46it/s, now=None]frame_index:  57%|█████▋    | 4252/7429 [02:47<02:04, 25.59it/s, now=None]frame_index:  57%|█████▋    | 4255/7429 [02:48<02:03, 25.69it/s, now=None]frame_index:  57%|█████▋    | 4258/7429 [02:48<02:03, 25.73it/s, now=None]frame_index:  57%|█████▋    | 4261/7429 [02:48<02:03, 25.69it/s, now=None]frame_index:  57%|█████▋    | 4264/7429 [02:48<02:02, 25.77it/s, now=None]frame_index:  57%|█████▋    | 4267/7429 [02:48<02:02, 25.83it/s, now=None]frame_index:  57%|█████▋    | 4270/7429 [02:48<02:02, 25.83it/s, now=None]frame_index:  58%|█████▊    | 4273/7429 [02:48<02:02, 25.86it/s, now=None]frame_index:  58%|█████▊    | 4276/7429 [02:48<02:01, 25.85it/s, now=None]frame_index:  58%|█████▊    | 4279/7429 [02:49<02:01, 25.85it/s, now=None]frame_index:  58%|█████▊    | 4282/7429 [02:49<02:01, 25.87it/s, now=None]frame_index:  58%|█████▊    | 4285/7429 [02:49<02:01, 25.85it/s, now=None]frame_index:  58%|█████▊    | 4288/7429 [02:49<02:01, 25.86it/s, now=None]frame_index:  58%|█████▊    | 4291/7429 [02:49<02:01, 25.85it/s, now=None]frame_index:  58%|█████▊    | 4294/7429 [02:49<02:01, 25.87it/s, now=None]frame_index:  58%|█████▊    | 4297/7429 [02:49<02:01, 25.87it/s, now=None]frame_index:  58%|█████▊    | 4300/7429 [02:49<02:02, 25.51it/s, now=None]frame_index:  58%|█████▊    | 4303/7429 [02:49<02:02, 25.56it/s, now=None]frame_index:  58%|█████▊    | 4306/7429 [02:50<02:01, 25.65it/s, now=None]frame_index:  58%|█████▊    | 4309/7429 [02:50<02:01, 25.69it/s, now=None]frame_index:  58%|█████▊    | 4312/7429 [02:50<02:01, 25.74it/s, now=None]frame_index:  58%|█████▊    | 4315/7429 [02:50<02:00, 25.81it/s, now=None]frame_index:  58%|█████▊    | 4318/7429 [02:50<02:00, 25.78it/s, now=None]frame_index:  58%|█████▊    | 4321/7429 [02:50<02:00, 25.80it/s, now=None]frame_index:  58%|█████▊    | 4324/7429 [02:50<02:00, 25.77it/s, now=None]frame_index:  58%|█████▊    | 4327/7429 [02:50<02:00, 25.80it/s, now=None]frame_index:  58%|█████▊    | 4330/7429 [02:51<01:59, 25.83it/s, now=None]frame_index:  58%|█████▊    | 4333/7429 [02:51<01:59, 25.90it/s, now=None]frame_index:  58%|█████▊    | 4336/7429 [02:51<01:59, 25.88it/s, now=None]frame_index:  58%|█████▊    | 4339/7429 [02:51<01:59, 25.88it/s, now=None]frame_index:  58%|█████▊    | 4342/7429 [02:51<01:59, 25.92it/s, now=None]frame_index:  58%|█████▊    | 4345/7429 [02:51<01:58, 25.98it/s, now=None]frame_index:  59%|█████▊    | 4348/7429 [02:51<01:58, 26.01it/s, now=None]frame_index:  59%|█████▊    | 4351/7429 [02:51<02:09, 23.71it/s, now=None]frame_index:  59%|█████▊    | 4354/7429 [02:51<02:06, 24.25it/s, now=None]frame_index:  59%|█████▊    | 4357/7429 [02:52<02:04, 24.74it/s, now=None]frame_index:  59%|█████▊    | 4360/7429 [02:52<02:02, 25.08it/s, now=None]frame_index:  59%|█████▊    | 4363/7429 [02:52<02:01, 25.34it/s, now=None]frame_index:  59%|█████▉    | 4366/7429 [02:52<02:00, 25.51it/s, now=None]frame_index:  59%|█████▉    | 4369/7429 [02:52<01:59, 25.66it/s, now=None]frame_index:  59%|█████▉    | 4372/7429 [02:52<01:58, 25.76it/s, now=None]frame_index:  59%|█████▉    | 4375/7429 [02:52<01:58, 25.81it/s, now=None]frame_index:  59%|█████▉    | 4378/7429 [02:52<01:58, 25.84it/s, now=None]frame_index:  59%|█████▉    | 4381/7429 [02:53<01:57, 25.88it/s, now=None]frame_index:  59%|█████▉    | 4384/7429 [02:53<01:57, 25.87it/s, now=None]frame_index:  59%|█████▉    | 4387/7429 [02:53<01:57, 25.85it/s, now=None]frame_index:  59%|█████▉    | 4390/7429 [02:53<01:57, 25.86it/s, now=None]frame_index:  59%|█████▉    | 4393/7429 [02:53<01:57, 25.89it/s, now=None]frame_index:  59%|█████▉    | 4396/7429 [02:53<01:56, 25.93it/s, now=None]frame_index:  59%|█████▉    | 4399/7429 [02:53<01:56, 25.92it/s, now=None]frame_index:  59%|█████▉    | 4402/7429 [02:53<01:56, 25.90it/s, now=None]frame_index:  59%|█████▉    | 4405/7429 [02:53<01:56, 25.91it/s, now=None]frame_index:  59%|█████▉    | 4408/7429 [02:54<01:56, 25.91it/s, now=None]frame_index:  59%|█████▉    | 4411/7429 [02:54<01:56, 25.90it/s, now=None]frame_index:  59%|█████▉    | 4414/7429 [02:54<01:56, 25.90it/s, now=None]frame_index:  59%|█████▉    | 4417/7429 [02:54<01:56, 25.90it/s, now=None]frame_index:  59%|█████▉    | 4420/7429 [02:54<01:56, 25.92it/s, now=None]frame_index:  60%|█████▉    | 4423/7429 [02:54<01:55, 25.94it/s, now=None]frame_index:  60%|█████▉    | 4426/7429 [02:54<01:55, 25.92it/s, now=None]frame_index:  60%|█████▉    | 4429/7429 [02:54<01:55, 25.93it/s, now=None]frame_index:  60%|█████▉    | 4432/7429 [02:54<01:55, 25.93it/s, now=None]frame_index:  60%|█████▉    | 4435/7429 [02:55<01:55, 25.98it/s, now=None]frame_index:  60%|█████▉    | 4438/7429 [02:55<01:55, 25.98it/s, now=None]frame_index:  60%|█████▉    | 4441/7429 [02:55<01:55, 25.98it/s, now=None]frame_index:  60%|█████▉    | 4444/7429 [02:55<01:54, 25.97it/s, now=None]frame_index:  60%|█████▉    | 4447/7429 [02:55<01:54, 25.95it/s, now=None]frame_index:  60%|█████▉    | 4450/7429 [02:55<01:54, 25.96it/s, now=None]frame_index:  60%|█████▉    | 4453/7429 [02:55<01:54, 26.01it/s, now=None]frame_index:  60%|█████▉    | 4456/7429 [02:55<01:54, 26.02it/s, now=None]frame_index:  60%|██████    | 4459/7429 [02:56<01:54, 25.97it/s, now=None]frame_index:  60%|██████    | 4462/7429 [02:56<01:54, 26.01it/s, now=None]frame_index:  60%|██████    | 4465/7429 [02:56<01:54, 25.78it/s, now=None]frame_index:  60%|██████    | 4468/7429 [02:56<01:54, 25.88it/s, now=None]frame_index:  60%|██████    | 4471/7429 [02:56<02:04, 23.73it/s, now=None]frame_index:  60%|██████    | 4474/7429 [02:56<02:01, 24.28it/s, now=None]frame_index:  60%|██████    | 4477/7429 [02:56<01:59, 24.71it/s, now=None]frame_index:  60%|██████    | 4480/7429 [02:56<01:57, 25.04it/s, now=None]frame_index:  60%|██████    | 4483/7429 [02:56<01:56, 25.29it/s, now=None]frame_index:  60%|██████    | 4486/7429 [02:57<01:55, 25.47it/s, now=None]frame_index:  60%|██████    | 4489/7429 [02:57<01:54, 25.61it/s, now=None]frame_index:  60%|██████    | 4492/7429 [02:57<01:54, 25.69it/s, now=None]frame_index:  61%|██████    | 4495/7429 [02:57<01:53, 25.76it/s, now=None]frame_index:  61%|██████    | 4498/7429 [02:57<01:53, 25.79it/s, now=None]frame_index:  61%|██████    | 4501/7429 [02:57<01:53, 25.82it/s, now=None]frame_index:  61%|██████    | 4504/7429 [02:57<01:53, 25.84it/s, now=None]frame_index:  61%|██████    | 4507/7429 [02:57<01:53, 25.85it/s, now=None]frame_index:  61%|██████    | 4510/7429 [02:58<01:52, 25.88it/s, now=None]frame_index:  61%|██████    | 4513/7429 [02:58<01:52, 25.91it/s, now=None]frame_index:  61%|██████    | 4516/7429 [02:58<01:52, 25.90it/s, now=None]frame_index:  61%|██████    | 4519/7429 [02:58<01:52, 25.87it/s, now=None]frame_index:  61%|██████    | 4522/7429 [02:58<01:53, 25.67it/s, now=None]frame_index:  61%|██████    | 4525/7429 [02:58<01:52, 25.71it/s, now=None]frame_index:  61%|██████    | 4528/7429 [02:58<01:52, 25.73it/s, now=None]frame_index:  61%|██████    | 4531/7429 [02:58<01:52, 25.76it/s, now=None]frame_index:  61%|██████    | 4534/7429 [02:58<01:52, 25.80it/s, now=None]frame_index:  61%|██████    | 4537/7429 [02:59<01:51, 25.83it/s, now=None]frame_index:  61%|██████    | 4540/7429 [02:59<01:51, 25.84it/s, now=None]frame_index:  61%|██████    | 4543/7429 [02:59<01:51, 25.86it/s, now=None]frame_index:  61%|██████    | 4546/7429 [02:59<01:51, 25.89it/s, now=None]frame_index:  61%|██████    | 4549/7429 [02:59<01:51, 25.90it/s, now=None]frame_index:  61%|██████▏   | 4552/7429 [02:59<01:50, 25.92it/s, now=None]frame_index:  61%|██████▏   | 4555/7429 [02:59<01:51, 25.88it/s, now=None]frame_index:  61%|██████▏   | 4558/7429 [02:59<01:50, 25.90it/s, now=None]frame_index:  61%|██████▏   | 4561/7429 [02:59<01:50, 25.93it/s, now=None]frame_index:  61%|██████▏   | 4564/7429 [03:00<01:50, 25.96it/s, now=None]frame_index:  61%|██████▏   | 4567/7429 [03:00<01:50, 25.97it/s, now=None]frame_index:  62%|██████▏   | 4570/7429 [03:00<01:50, 25.97it/s, now=None]frame_index:  62%|██████▏   | 4573/7429 [03:00<01:49, 25.98it/s, now=None]frame_index:  62%|██████▏   | 4576/7429 [03:00<01:50, 25.92it/s, now=None]frame_index:  62%|██████▏   | 4579/7429 [03:00<01:54, 24.97it/s, now=None]frame_index:  62%|██████▏   | 4582/7429 [03:00<01:52, 25.20it/s, now=None]frame_index:  62%|██████▏   | 4585/7429 [03:00<01:51, 25.43it/s, now=None]frame_index:  62%|██████▏   | 4588/7429 [03:01<01:50, 25.61it/s, now=None]frame_index:  62%|██████▏   | 4591/7429 [03:01<02:01, 23.33it/s, now=None]frame_index:  62%|██████▏   | 4594/7429 [03:01<01:58, 23.95it/s, now=None]frame_index:  62%|██████▏   | 4597/7429 [03:01<01:55, 24.53it/s, now=None]frame_index:  62%|██████▏   | 4600/7429 [03:01<01:53, 24.95it/s, now=None]frame_index:  62%|██████▏   | 4603/7429 [03:01<01:51, 25.25it/s, now=None]frame_index:  62%|██████▏   | 4606/7429 [03:01<01:50, 25.44it/s, now=None]frame_index:  62%|██████▏   | 4609/7429 [03:01<01:50, 25.56it/s, now=None]frame_index:  62%|██████▏   | 4612/7429 [03:02<01:49, 25.68it/s, now=None]frame_index:  62%|██████▏   | 4615/7429 [03:02<01:49, 25.76it/s, now=None]frame_index:  62%|██████▏   | 4618/7429 [03:02<01:48, 25.82it/s, now=None]frame_index:  62%|██████▏   | 4621/7429 [03:02<01:49, 25.76it/s, now=None]frame_index:  62%|██████▏   | 4624/7429 [03:02<01:48, 25.81it/s, now=None]frame_index:  62%|██████▏   | 4627/7429 [03:02<01:48, 25.84it/s, now=None]frame_index:  62%|██████▏   | 4630/7429 [03:02<01:48, 25.88it/s, now=None]frame_index:  62%|██████▏   | 4633/7429 [03:02<01:48, 25.89it/s, now=None]frame_index:  62%|██████▏   | 4636/7429 [03:02<01:47, 25.88it/s, now=None]frame_index:  62%|██████▏   | 4639/7429 [03:03<01:47, 25.89it/s, now=None]frame_index:  62%|██████▏   | 4642/7429 [03:03<01:47, 25.86it/s, now=None]frame_index:  63%|██████▎   | 4645/7429 [03:03<01:47, 25.81it/s, now=None]frame_index:  63%|██████▎   | 4648/7429 [03:03<01:47, 25.85it/s, now=None]frame_index:  63%|██████▎   | 4651/7429 [03:03<01:47, 25.89it/s, now=None]frame_index:  63%|██████▎   | 4654/7429 [03:03<01:47, 25.91it/s, now=None]frame_index:  63%|██████▎   | 4657/7429 [03:03<01:47, 25.91it/s, now=None]frame_index:  63%|██████▎   | 4660/7429 [03:03<01:46, 25.90it/s, now=None]frame_index:  63%|██████▎   | 4663/7429 [03:03<01:46, 25.90it/s, now=None]frame_index:  63%|██████▎   | 4666/7429 [03:04<01:46, 25.87it/s, now=None]frame_index:  63%|██████▎   | 4669/7429 [03:04<01:46, 25.88it/s, now=None]frame_index:  63%|██████▎   | 4672/7429 [03:04<01:46, 25.89it/s, now=None]frame_index:  63%|██████▎   | 4675/7429 [03:04<01:46, 25.92it/s, now=None]frame_index:  63%|██████▎   | 4678/7429 [03:04<01:46, 25.95it/s, now=None]frame_index:  63%|██████▎   | 4681/7429 [03:04<01:45, 25.96it/s, now=None]frame_index:  63%|██████▎   | 4684/7429 [03:04<01:45, 25.95it/s, now=None]frame_index:  63%|██████▎   | 4687/7429 [03:04<01:45, 25.95it/s, now=None]frame_index:  63%|██████▎   | 4690/7429 [03:05<01:45, 25.97it/s, now=None]frame_index:  63%|██████▎   | 4693/7429 [03:05<01:45, 26.02it/s, now=None]frame_index:  63%|██████▎   | 4696/7429 [03:05<01:45, 26.02it/s, now=None]frame_index:  63%|██████▎   | 4699/7429 [03:05<01:44, 26.05it/s, now=None]frame_index:  63%|██████▎   | 4702/7429 [03:05<01:44, 26.07it/s, now=None]frame_index:  63%|██████▎   | 4705/7429 [03:05<01:44, 26.09it/s, now=None]frame_index:  63%|██████▎   | 4708/7429 [03:05<01:44, 26.09it/s, now=None]frame_index:  63%|██████▎   | 4711/7429 [03:05<01:54, 23.83it/s, now=None]frame_index:  63%|██████▎   | 4714/7429 [03:05<01:51, 24.32it/s, now=None]frame_index:  63%|██████▎   | 4717/7429 [03:06<01:49, 24.81it/s, now=None]frame_index:  64%|██████▎   | 4720/7429 [03:06<01:47, 25.14it/s, now=None]frame_index:  64%|██████▎   | 4723/7429 [03:06<01:46, 25.36it/s, now=None]frame_index:  64%|██████▎   | 4726/7429 [03:06<01:45, 25.55it/s, now=None]frame_index:  64%|██████▎   | 4729/7429 [03:06<01:45, 25.65it/s, now=None]frame_index:  64%|██████▎   | 4732/7429 [03:06<01:45, 25.64it/s, now=None]frame_index:  64%|██████▎   | 4735/7429 [03:06<01:44, 25.70it/s, now=None]frame_index:  64%|██████▍   | 4738/7429 [03:06<01:44, 25.77it/s, now=None]frame_index:  64%|██████▍   | 4741/7429 [03:07<01:44, 25.81it/s, now=None]frame_index:  64%|██████▍   | 4744/7429 [03:07<01:43, 25.86it/s, now=None]frame_index:  64%|██████▍   | 4747/7429 [03:07<01:44, 25.56it/s, now=None]frame_index:  64%|██████▍   | 4750/7429 [03:07<01:44, 25.66it/s, now=None]frame_index:  64%|██████▍   | 4753/7429 [03:07<01:43, 25.73it/s, now=None]frame_index:  64%|██████▍   | 4756/7429 [03:07<01:43, 25.80it/s, now=None]frame_index:  64%|██████▍   | 4759/7429 [03:07<01:43, 25.85it/s, now=None]frame_index:  64%|██████▍   | 4762/7429 [03:07<01:43, 25.87it/s, now=None]frame_index:  64%|██████▍   | 4765/7429 [03:07<01:43, 25.85it/s, now=None]frame_index:  64%|██████▍   | 4768/7429 [03:08<01:42, 25.87it/s, now=None]frame_index:  64%|██████▍   | 4771/7429 [03:08<01:43, 25.79it/s, now=None]frame_index:  64%|██████▍   | 4774/7429 [03:08<01:42, 25.80it/s, now=None]frame_index:  64%|██████▍   | 4777/7429 [03:08<01:43, 25.73it/s, now=None]frame_index:  64%|██████▍   | 4780/7429 [03:08<01:43, 25.68it/s, now=None]frame_index:  64%|██████▍   | 4783/7429 [03:08<01:43, 25.54it/s, now=None]frame_index:  64%|██████▍   | 4786/7429 [03:08<01:43, 25.52it/s, now=None]frame_index:  64%|██████▍   | 4789/7429 [03:08<01:43, 25.63it/s, now=None]frame_index:  65%|██████▍   | 4792/7429 [03:09<01:43, 25.55it/s, now=None]frame_index:  65%|██████▍   | 4795/7429 [03:09<01:42, 25.66it/s, now=None]frame_index:  65%|██████▍   | 4798/7429 [03:09<01:47, 24.49it/s, now=None]frame_index:  65%|██████▍   | 4801/7429 [03:09<01:48, 24.23it/s, now=None]frame_index:  65%|██████▍   | 4804/7429 [03:09<02:03, 21.33it/s, now=None]frame_index:  65%|██████▍   | 4807/7429 [03:09<01:57, 22.38it/s, now=None]frame_index:  65%|██████▍   | 4810/7429 [03:09<01:53, 23.09it/s, now=None]frame_index:  65%|██████▍   | 4813/7429 [03:09<01:49, 23.88it/s, now=None]frame_index:  65%|██████▍   | 4816/7429 [03:10<01:47, 24.39it/s, now=None]frame_index:  65%|██████▍   | 4819/7429 [03:10<01:45, 24.73it/s, now=None]frame_index:  65%|██████▍   | 4822/7429 [03:10<01:44, 24.99it/s, now=None]frame_index:  65%|██████▍   | 4825/7429 [03:10<01:43, 25.18it/s, now=None]frame_index:  65%|██████▍   | 4828/7429 [03:10<01:43, 25.18it/s, now=None]frame_index:  65%|██████▌   | 4831/7429 [03:10<01:55, 22.51it/s, now=None]frame_index:  65%|██████▌   | 4834/7429 [03:10<01:53, 22.92it/s, now=None]frame_index:  65%|██████▌   | 4837/7429 [03:10<01:50, 23.51it/s, now=None]frame_index:  65%|██████▌   | 4840/7429 [03:11<01:48, 23.97it/s, now=None]frame_index:  65%|██████▌   | 4843/7429 [03:11<01:45, 24.50it/s, now=None]frame_index:  65%|██████▌   | 4846/7429 [03:11<01:43, 24.89it/s, now=None]frame_index:  65%|██████▌   | 4849/7429 [03:11<01:42, 25.19it/s, now=None]frame_index:  65%|██████▌   | 4852/7429 [03:11<01:43, 25.01it/s, now=None]frame_index:  65%|██████▌   | 4855/7429 [03:11<01:41, 25.26it/s, now=None]frame_index:  65%|██████▌   | 4858/7429 [03:11<01:41, 25.34it/s, now=None]frame_index:  65%|██████▌   | 4861/7429 [03:11<01:40, 25.49it/s, now=None]frame_index:  65%|██████▌   | 4864/7429 [03:11<01:40, 25.44it/s, now=None]frame_index:  66%|██████▌   | 4867/7429 [03:12<01:41, 25.15it/s, now=None]frame_index:  66%|██████▌   | 4870/7429 [03:12<01:41, 25.19it/s, now=None]frame_index:  66%|██████▌   | 4873/7429 [03:12<01:40, 25.40it/s, now=None]frame_index:  66%|██████▌   | 4876/7429 [03:12<01:39, 25.54it/s, now=None]frame_index:  66%|██████▌   | 4879/7429 [03:12<01:44, 24.39it/s, now=None]frame_index:  66%|██████▌   | 4882/7429 [03:12<01:41, 25.13it/s, now=None]frame_index:  66%|██████▌   | 4885/7429 [03:12<01:38, 25.89it/s, now=None]frame_index:  66%|██████▌   | 4888/7429 [03:12<01:40, 25.20it/s, now=None]frame_index:  66%|██████▌   | 4891/7429 [03:13<01:41, 25.02it/s, now=None]frame_index:  66%|██████▌   | 4894/7429 [03:13<01:41, 25.04it/s, now=None]frame_index:  66%|██████▌   | 4897/7429 [03:13<01:42, 24.72it/s, now=None]frame_index:  66%|██████▌   | 4900/7429 [03:13<01:42, 24.77it/s, now=None]frame_index:  66%|██████▌   | 4903/7429 [03:13<01:41, 24.93it/s, now=None]frame_index:  66%|██████▌   | 4906/7429 [03:13<01:40, 25.02it/s, now=None]frame_index:  66%|██████▌   | 4909/7429 [03:13<01:39, 25.26it/s, now=None]frame_index:  66%|██████▌   | 4912/7429 [03:13<01:39, 25.40it/s, now=None]frame_index:  66%|██████▌   | 4915/7429 [03:14<01:38, 25.51it/s, now=None]frame_index:  66%|██████▌   | 4918/7429 [03:14<01:38, 25.61it/s, now=None]frame_index:  66%|██████▌   | 4921/7429 [03:14<01:37, 25.68it/s, now=None]frame_index:  66%|██████▋   | 4924/7429 [03:14<01:37, 25.71it/s, now=None]frame_index:  66%|██████▋   | 4927/7429 [03:14<01:37, 25.75it/s, now=None]frame_index:  66%|██████▋   | 4930/7429 [03:14<01:36, 25.78it/s, now=None]frame_index:  66%|██████▋   | 4933/7429 [03:14<01:36, 25.80it/s, now=None]frame_index:  66%|██████▋   | 4936/7429 [03:14<01:36, 25.82it/s, now=None]frame_index:  66%|██████▋   | 4939/7429 [03:14<01:36, 25.83it/s, now=None]frame_index:  67%|██████▋   | 4942/7429 [03:15<01:36, 25.84it/s, now=None]frame_index:  67%|██████▋   | 4945/7429 [03:15<01:36, 25.87it/s, now=None]frame_index:  67%|██████▋   | 4948/7429 [03:15<01:35, 25.87it/s, now=None]frame_index:  67%|██████▋   | 4951/7429 [03:15<01:35, 25.88it/s, now=None]frame_index:  67%|██████▋   | 4954/7429 [03:15<01:35, 25.85it/s, now=None]frame_index:  67%|██████▋   | 4957/7429 [03:15<01:35, 25.87it/s, now=None]frame_index:  67%|██████▋   | 4960/7429 [03:15<01:35, 25.89it/s, now=None]frame_index:  67%|██████▋   | 4963/7429 [03:15<01:35, 25.88it/s, now=None]frame_index:  67%|██████▋   | 4966/7429 [03:15<01:35, 25.90it/s, now=None]frame_index:  67%|██████▋   | 4969/7429 [03:16<01:34, 25.90it/s, now=None]frame_index:  67%|██████▋   | 4972/7429 [03:16<01:34, 25.92it/s, now=None]frame_index:  67%|██████▋   | 4975/7429 [03:16<01:34, 25.93it/s, now=None]frame_index:  67%|██████▋   | 4978/7429 [03:16<01:34, 25.93it/s, now=None]frame_index:  67%|██████▋   | 4981/7429 [03:16<01:34, 25.90it/s, now=None]frame_index:  67%|██████▋   | 4984/7429 [03:16<01:34, 25.93it/s, now=None]frame_index:  67%|██████▋   | 4987/7429 [03:16<01:34, 25.95it/s, now=None]frame_index:  67%|██████▋   | 4990/7429 [03:16<01:33, 25.97it/s, now=None]frame_index:  67%|██████▋   | 4993/7429 [03:17<01:33, 25.97it/s, now=None]frame_index:  67%|██████▋   | 4996/7429 [03:17<01:33, 26.00it/s, now=None]frame_index:  67%|██████▋   | 4999/7429 [03:17<01:33, 26.04it/s, now=None]frame_index:  67%|██████▋   | 5002/7429 [03:17<01:33, 26.05it/s, now=None]frame_index:  67%|██████▋   | 5005/7429 [03:17<01:33, 25.99it/s, now=None]frame_index:  67%|██████▋   | 5008/7429 [03:17<01:43, 23.44it/s, now=None]frame_index:  67%|██████▋   | 5011/7429 [03:17<01:40, 24.11it/s, now=None]frame_index:  67%|██████▋   | 5014/7429 [03:17<01:38, 24.64it/s, now=None]frame_index:  68%|██████▊   | 5017/7429 [03:17<01:36, 25.02it/s, now=None]frame_index:  68%|██████▊   | 5020/7429 [03:18<01:35, 25.28it/s, now=None]frame_index:  68%|██████▊   | 5023/7429 [03:18<01:35, 25.29it/s, now=None]frame_index:  68%|██████▊   | 5026/7429 [03:18<01:41, 23.73it/s, now=None]frame_index:  68%|██████▊   | 5029/7429 [03:18<01:38, 24.31it/s, now=None]frame_index:  68%|██████▊   | 5032/7429 [03:18<01:37, 24.67it/s, now=None]frame_index:  68%|██████▊   | 5035/7429 [03:18<01:35, 24.94it/s, now=None]frame_index:  68%|██████▊   | 5038/7429 [03:18<01:35, 25.10it/s, now=None]frame_index:  68%|██████▊   | 5041/7429 [03:18<01:34, 25.22it/s, now=None]frame_index:  68%|██████▊   | 5044/7429 [03:19<01:34, 25.29it/s, now=None]frame_index:  68%|██████▊   | 5047/7429 [03:19<01:34, 25.34it/s, now=None]frame_index:  68%|██████▊   | 5050/7429 [03:19<01:34, 25.29it/s, now=None]frame_index:  68%|██████▊   | 5053/7429 [03:19<01:33, 25.38it/s, now=None]frame_index:  68%|██████▊   | 5056/7429 [03:19<01:32, 25.52it/s, now=None]frame_index:  68%|██████▊   | 5059/7429 [03:19<01:33, 25.40it/s, now=None]frame_index:  68%|██████▊   | 5062/7429 [03:19<01:32, 25.54it/s, now=None]frame_index:  68%|██████▊   | 5065/7429 [03:19<01:34, 25.04it/s, now=None]frame_index:  68%|██████▊   | 5068/7429 [03:20<01:33, 25.23it/s, now=None]frame_index:  68%|██████▊   | 5071/7429 [03:20<01:32, 25.42it/s, now=None]frame_index:  68%|██████▊   | 5074/7429 [03:20<01:34, 24.80it/s, now=None]frame_index:  68%|██████▊   | 5077/7429 [03:20<01:47, 21.81it/s, now=None]frame_index:  68%|██████▊   | 5080/7429 [03:20<01:49, 21.37it/s, now=None]frame_index:  68%|██████▊   | 5083/7429 [03:20<01:44, 22.47it/s, now=None]frame_index:  68%|██████▊   | 5086/7429 [03:20<01:40, 23.21it/s, now=None]frame_index:  69%|██████▊   | 5089/7429 [03:20<01:37, 23.91it/s, now=None]frame_index:  69%|██████▊   | 5092/7429 [03:21<01:35, 24.43it/s, now=None]frame_index:  69%|██████▊   | 5095/7429 [03:21<01:33, 24.87it/s, now=None]frame_index:  69%|██████▊   | 5098/7429 [03:21<01:56, 20.06it/s, now=None]frame_index:  69%|██████▊   | 5101/7429 [03:21<01:48, 21.37it/s, now=None]frame_index:  69%|██████▊   | 5104/7429 [03:21<01:44, 22.20it/s, now=None]frame_index:  69%|██████▊   | 5107/7429 [03:21<01:42, 22.73it/s, now=None]frame_index:  69%|██████▉   | 5110/7429 [03:21<01:40, 23.07it/s, now=None]frame_index:  69%|██████▉   | 5113/7429 [03:22<01:37, 23.80it/s, now=None]frame_index:  69%|██████▉   | 5116/7429 [03:22<01:34, 24.41it/s, now=None]frame_index:  69%|██████▉   | 5119/7429 [03:22<01:33, 24.82it/s, now=None]frame_index:  69%|██████▉   | 5122/7429 [03:22<01:31, 25.11it/s, now=None]frame_index:  69%|██████▉   | 5125/7429 [03:22<01:30, 25.32it/s, now=None]frame_index:  69%|██████▉   | 5128/7429 [03:22<01:38, 23.38it/s, now=None]frame_index:  69%|██████▉   | 5131/7429 [03:22<01:37, 23.66it/s, now=None]frame_index:  69%|██████▉   | 5134/7429 [03:22<01:34, 24.19it/s, now=None]frame_index:  69%|██████▉   | 5137/7429 [03:22<01:33, 24.64it/s, now=None]frame_index:  69%|██████▉   | 5140/7429 [03:23<01:31, 24.97it/s, now=None]frame_index:  69%|██████▉   | 5143/7429 [03:23<01:31, 25.09it/s, now=None]frame_index:  69%|██████▉   | 5146/7429 [03:23<01:30, 25.12it/s, now=None]frame_index:  69%|██████▉   | 5149/7429 [03:23<01:30, 25.19it/s, now=None]frame_index:  69%|██████▉   | 5152/7429 [03:23<01:29, 25.35it/s, now=None]frame_index:  69%|██████▉   | 5155/7429 [03:23<01:29, 25.52it/s, now=None]frame_index:  69%|██████▉   | 5158/7429 [03:23<01:28, 25.55it/s, now=None]frame_index:  69%|██████▉   | 5161/7429 [03:23<01:28, 25.60it/s, now=None]frame_index:  70%|██████▉   | 5164/7429 [03:24<01:28, 25.65it/s, now=None]frame_index:  70%|██████▉   | 5167/7429 [03:24<01:29, 25.35it/s, now=None]frame_index:  70%|██████▉   | 5170/7429 [03:24<01:28, 25.52it/s, now=None]frame_index:  70%|██████▉   | 5173/7429 [03:24<01:28, 25.44it/s, now=None]frame_index:  70%|██████▉   | 5176/7429 [03:24<01:30, 24.90it/s, now=None]frame_index:  70%|██████▉   | 5179/7429 [03:24<01:31, 24.50it/s, now=None]frame_index:  70%|██████▉   | 5182/7429 [03:24<01:31, 24.65it/s, now=None]frame_index:  70%|██████▉   | 5185/7429 [03:24<01:30, 24.82it/s, now=None]frame_index:  70%|██████▉   | 5188/7429 [03:24<01:29, 25.03it/s, now=None]frame_index:  70%|██████▉   | 5191/7429 [03:25<01:29, 25.10it/s, now=None]frame_index:  70%|██████▉   | 5194/7429 [03:25<01:29, 25.04it/s, now=None]frame_index:  70%|██████▉   | 5197/7429 [03:25<01:28, 25.20it/s, now=None]frame_index:  70%|██████▉   | 5200/7429 [03:25<01:28, 25.32it/s, now=None]frame_index:  70%|███████   | 5203/7429 [03:25<01:27, 25.33it/s, now=None]frame_index:  70%|███████   | 5206/7429 [03:25<01:27, 25.41it/s, now=None]frame_index:  70%|███████   | 5209/7429 [03:25<01:28, 25.06it/s, now=None]frame_index:  70%|███████   | 5212/7429 [03:25<01:28, 25.19it/s, now=None]frame_index:  70%|███████   | 5215/7429 [03:26<01:29, 24.61it/s, now=None]frame_index:  70%|███████   | 5218/7429 [03:26<01:29, 24.63it/s, now=None]frame_index:  70%|███████   | 5221/7429 [03:26<01:29, 24.70it/s, now=None]frame_index:  70%|███████   | 5224/7429 [03:26<01:28, 24.94it/s, now=None]frame_index:  70%|███████   | 5227/7429 [03:26<01:27, 25.19it/s, now=None]frame_index:  70%|███████   | 5230/7429 [03:26<01:26, 25.40it/s, now=None]frame_index:  70%|███████   | 5233/7429 [03:26<01:25, 25.57it/s, now=None]frame_index:  70%|███████   | 5236/7429 [03:26<01:25, 25.72it/s, now=None]frame_index:  71%|███████   | 5239/7429 [03:27<01:24, 25.82it/s, now=None]frame_index:  71%|███████   | 5242/7429 [03:27<01:24, 25.88it/s, now=None]frame_index:  71%|███████   | 5245/7429 [03:27<01:24, 25.89it/s, now=None]frame_index:  71%|███████   | 5248/7429 [03:27<01:32, 23.51it/s, now=None]frame_index:  71%|███████   | 5251/7429 [03:27<01:30, 24.18it/s, now=None]frame_index:  71%|███████   | 5254/7429 [03:27<01:28, 24.70it/s, now=None]frame_index:  71%|███████   | 5257/7429 [03:27<01:26, 25.05it/s, now=None]frame_index:  71%|███████   | 5260/7429 [03:27<01:25, 25.31it/s, now=None]frame_index:  71%|███████   | 5263/7429 [03:27<01:25, 25.48it/s, now=None]frame_index:  71%|███████   | 5266/7429 [03:28<01:24, 25.62it/s, now=None]frame_index:  71%|███████   | 5269/7429 [03:28<01:24, 25.68it/s, now=None]frame_index:  71%|███████   | 5272/7429 [03:28<01:23, 25.75it/s, now=None]frame_index:  71%|███████   | 5275/7429 [03:28<01:23, 25.80it/s, now=None]frame_index:  71%|███████   | 5278/7429 [03:28<01:23, 25.85it/s, now=None]frame_index:  71%|███████   | 5281/7429 [03:28<01:23, 25.85it/s, now=None]frame_index:  71%|███████   | 5284/7429 [03:28<01:22, 25.88it/s, now=None]frame_index:  71%|███████   | 5287/7429 [03:28<01:22, 25.91it/s, now=None]frame_index:  71%|███████   | 5290/7429 [03:29<01:22, 25.91it/s, now=None]frame_index:  71%|███████   | 5293/7429 [03:29<01:22, 25.89it/s, now=None]frame_index:  71%|███████▏  | 5296/7429 [03:29<01:23, 25.60it/s, now=None]frame_index:  71%|███████▏  | 5299/7429 [03:29<01:23, 25.65it/s, now=None]frame_index:  71%|███████▏  | 5302/7429 [03:29<01:22, 25.69it/s, now=None]frame_index:  71%|███████▏  | 5305/7429 [03:29<01:22, 25.74it/s, now=None]frame_index:  71%|███████▏  | 5308/7429 [03:29<01:22, 25.77it/s, now=None]frame_index:  71%|███████▏  | 5311/7429 [03:29<01:22, 25.81it/s, now=None]frame_index:  72%|███████▏  | 5314/7429 [03:29<01:21, 25.82it/s, now=None]frame_index:  72%|███████▏  | 5317/7429 [03:30<01:21, 25.85it/s, now=None]frame_index:  72%|███████▏  | 5320/7429 [03:30<01:21, 25.86it/s, now=None]frame_index:  72%|███████▏  | 5323/7429 [03:30<01:21, 25.86it/s, now=None]frame_index:  72%|███████▏  | 5326/7429 [03:30<01:21, 25.89it/s, now=None]frame_index:  72%|███████▏  | 5329/7429 [03:30<01:21, 25.91it/s, now=None]frame_index:  72%|███████▏  | 5332/7429 [03:30<01:20, 25.91it/s, now=None]frame_index:  72%|███████▏  | 5335/7429 [03:30<01:20, 25.91it/s, now=None]frame_index:  72%|███████▏  | 5338/7429 [03:30<01:20, 25.93it/s, now=None]frame_index:  72%|███████▏  | 5341/7429 [03:30<01:20, 25.94it/s, now=None]frame_index:  72%|███████▏  | 5344/7429 [03:31<01:20, 25.95it/s, now=None]frame_index:  72%|███████▏  | 5347/7429 [03:31<01:20, 25.95it/s, now=None]frame_index:  72%|███████▏  | 5350/7429 [03:31<01:20, 25.98it/s, now=None]frame_index:  72%|███████▏  | 5353/7429 [03:31<01:19, 25.98it/s, now=None]frame_index:  72%|███████▏  | 5356/7429 [03:31<01:19, 26.02it/s, now=None]frame_index:  72%|███████▏  | 5359/7429 [03:31<01:19, 26.02it/s, now=None]frame_index:  72%|███████▏  | 5362/7429 [03:31<01:19, 26.05it/s, now=None]frame_index:  72%|███████▏  | 5365/7429 [03:31<01:19, 26.03it/s, now=None]frame_index:  72%|███████▏  | 5368/7429 [03:32<01:26, 23.74it/s, now=None]frame_index:  72%|███████▏  | 5371/7429 [03:32<01:24, 24.34it/s, now=None]frame_index:  72%|███████▏  | 5374/7429 [03:32<01:22, 24.80it/s, now=None]frame_index:  72%|███████▏  | 5377/7429 [03:32<01:21, 25.13it/s, now=None]frame_index:  72%|███████▏  | 5380/7429 [03:32<01:20, 25.37it/s, now=None]frame_index:  72%|███████▏  | 5383/7429 [03:32<01:20, 25.51it/s, now=None]frame_index:  72%|███████▏  | 5386/7429 [03:32<01:19, 25.61it/s, now=None]frame_index:  73%|███████▎  | 5389/7429 [03:32<01:19, 25.72it/s, now=None]frame_index:  73%|███████▎  | 5392/7429 [03:32<01:18, 25.79it/s, now=None]frame_index:  73%|███████▎  | 5395/7429 [03:33<01:18, 25.84it/s, now=None]frame_index:  73%|███████▎  | 5398/7429 [03:33<01:18, 25.84it/s, now=None]frame_index:  73%|███████▎  | 5401/7429 [03:33<01:18, 25.86it/s, now=None]frame_index:  73%|███████▎  | 5404/7429 [03:33<01:18, 25.86it/s, now=None]frame_index:  73%|███████▎  | 5407/7429 [03:33<01:18, 25.86it/s, now=None]frame_index:  73%|███████▎  | 5410/7429 [03:33<01:17, 25.89it/s, now=None]frame_index:  73%|███████▎  | 5413/7429 [03:33<01:17, 25.86it/s, now=None]frame_index:  73%|███████▎  | 5416/7429 [03:33<01:17, 25.88it/s, now=None]frame_index:  73%|███████▎  | 5419/7429 [03:34<01:17, 25.86it/s, now=None]frame_index:  73%|███████▎  | 5422/7429 [03:34<01:17, 25.89it/s, now=None]frame_index:  73%|███████▎  | 5425/7429 [03:34<01:18, 25.50it/s, now=None]frame_index:  73%|███████▎  | 5428/7429 [03:34<01:18, 25.59it/s, now=None]frame_index:  73%|███████▎  | 5431/7429 [03:34<01:17, 25.69it/s, now=None]frame_index:  73%|███████▎  | 5434/7429 [03:34<01:17, 25.74it/s, now=None]frame_index:  73%|███████▎  | 5437/7429 [03:34<01:17, 25.79it/s, now=None]frame_index:  73%|███████▎  | 5440/7429 [03:34<01:17, 25.78it/s, now=None]frame_index:  73%|███████▎  | 5443/7429 [03:34<01:16, 25.80it/s, now=None]frame_index:  73%|███████▎  | 5446/7429 [03:35<01:16, 25.81it/s, now=None]frame_index:  73%|███████▎  | 5449/7429 [03:35<01:16, 25.84it/s, now=None]frame_index:  73%|███████▎  | 5452/7429 [03:35<01:16, 25.85it/s, now=None]frame_index:  73%|███████▎  | 5455/7429 [03:35<01:16, 25.88it/s, now=None]frame_index:  73%|███████▎  | 5458/7429 [03:35<01:16, 25.91it/s, now=None]frame_index:  74%|███████▎  | 5461/7429 [03:35<01:15, 25.93it/s, now=None]frame_index:  74%|███████▎  | 5464/7429 [03:35<01:15, 25.90it/s, now=None]frame_index:  74%|███████▎  | 5467/7429 [03:35<01:15, 25.92it/s, now=None]frame_index:  74%|███████▎  | 5470/7429 [03:36<01:15, 25.95it/s, now=None]frame_index:  74%|███████▎  | 5473/7429 [03:36<01:15, 25.99it/s, now=None]frame_index:  74%|███████▎  | 5476/7429 [03:36<01:15, 26.01it/s, now=None]frame_index:  74%|███████▍  | 5479/7429 [03:36<01:14, 26.03it/s, now=None]frame_index:  74%|███████▍  | 5482/7429 [03:36<01:14, 26.04it/s, now=None]frame_index:  74%|███████▍  | 5485/7429 [03:36<01:14, 26.01it/s, now=None]frame_index:  74%|███████▍  | 5488/7429 [03:36<01:22, 23.51it/s, now=None]frame_index:  74%|███████▍  | 5491/7429 [03:36<01:20, 24.17it/s, now=None]frame_index:  74%|███████▍  | 5494/7429 [03:36<01:18, 24.67it/s, now=None]frame_index:  74%|███████▍  | 5497/7429 [03:37<01:17, 25.05it/s, now=None]frame_index:  74%|███████▍  | 5500/7429 [03:37<01:16, 25.31it/s, now=None]frame_index:  74%|███████▍  | 5503/7429 [03:37<01:15, 25.47it/s, now=None]frame_index:  74%|███████▍  | 5506/7429 [03:37<01:15, 25.60it/s, now=None]frame_index:  74%|███████▍  | 5509/7429 [03:37<01:14, 25.69it/s, now=None]frame_index:  74%|███████▍  | 5512/7429 [03:37<01:14, 25.79it/s, now=None]frame_index:  74%|███████▍  | 5515/7429 [03:37<01:14, 25.82it/s, now=None]frame_index:  74%|███████▍  | 5518/7429 [03:37<01:13, 25.85it/s, now=None]frame_index:  74%|███████▍  | 5521/7429 [03:38<01:13, 25.86it/s, now=None]frame_index:  74%|███████▍  | 5524/7429 [03:38<01:13, 25.87it/s, now=None]frame_index:  74%|███████▍  | 5527/7429 [03:38<01:13, 25.88it/s, now=None]frame_index:  74%|███████▍  | 5530/7429 [03:38<01:13, 25.89it/s, now=None]frame_index:  74%|███████▍  | 5533/7429 [03:38<01:13, 25.92it/s, now=None]frame_index:  75%|███████▍  | 5536/7429 [03:38<01:13, 25.91it/s, now=None]frame_index:  75%|███████▍  | 5539/7429 [03:38<01:12, 25.91it/s, now=None]frame_index:  75%|███████▍  | 5542/7429 [03:38<01:12, 25.89it/s, now=None]frame_index:  75%|███████▍  | 5545/7429 [03:38<01:12, 25.91it/s, now=None]frame_index:  75%|███████▍  | 5548/7429 [03:39<01:12, 25.90it/s, now=None]frame_index:  75%|███████▍  | 5551/7429 [03:39<01:12, 25.91it/s, now=None]frame_index:  75%|███████▍  | 5554/7429 [03:39<01:12, 25.92it/s, now=None]frame_index:  75%|███████▍  | 5557/7429 [03:39<01:12, 25.93it/s, now=None]frame_index:  75%|███████▍  | 5560/7429 [03:39<01:12, 25.91it/s, now=None]frame_index:  75%|███████▍  | 5563/7429 [03:39<01:12, 25.89it/s, now=None]frame_index:  75%|███████▍  | 5566/7429 [03:39<01:11, 25.90it/s, now=None]frame_index:  75%|███████▍  | 5569/7429 [03:39<01:11, 25.93it/s, now=None]frame_index:  75%|███████▌  | 5572/7429 [03:39<01:11, 25.94it/s, now=None]frame_index:  75%|███████▌  | 5575/7429 [03:40<01:11, 25.95it/s, now=None]frame_index:  75%|███████▌  | 5578/7429 [03:40<01:11, 25.86it/s, now=None]frame_index:  75%|███████▌  | 5581/7429 [03:40<01:12, 25.33it/s, now=None]frame_index:  75%|███████▌  | 5584/7429 [03:40<01:12, 25.40it/s, now=None]frame_index:  75%|███████▌  | 5587/7429 [03:40<01:12, 25.46it/s, now=None]frame_index:  75%|███████▌  | 5590/7429 [03:40<01:12, 25.49it/s, now=None]frame_index:  75%|███████▌  | 5593/7429 [03:40<01:12, 25.47it/s, now=None]frame_index:  75%|███████▌  | 5596/7429 [03:40<01:11, 25.51it/s, now=None]frame_index:  75%|███████▌  | 5599/7429 [03:41<01:11, 25.59it/s, now=None]frame_index:  75%|███████▌  | 5602/7429 [03:41<01:11, 25.72it/s, now=None]frame_index:  75%|███████▌  | 5605/7429 [03:41<01:10, 25.77it/s, now=None]frame_index:  75%|███████▌  | 5608/7429 [03:41<01:17, 23.64it/s, now=None]frame_index:  76%|███████▌  | 5611/7429 [03:41<01:14, 24.28it/s, now=None]frame_index:  76%|███████▌  | 5614/7429 [03:41<01:13, 24.75it/s, now=None]frame_index:  76%|███████▌  | 5617/7429 [03:41<01:12, 25.07it/s, now=None]frame_index:  76%|███████▌  | 5620/7429 [03:41<01:11, 25.28it/s, now=None]frame_index:  76%|███████▌  | 5623/7429 [03:42<01:10, 25.49it/s, now=None]frame_index:  76%|███████▌  | 5626/7429 [03:42<01:10, 25.63it/s, now=None]frame_index:  76%|███████▌  | 5629/7429 [03:42<01:10, 25.70it/s, now=None]frame_index:  76%|███████▌  | 5632/7429 [03:42<01:09, 25.74it/s, now=None]frame_index:  76%|███████▌  | 5635/7429 [03:42<01:09, 25.79it/s, now=None]frame_index:  76%|███████▌  | 5638/7429 [03:42<01:09, 25.81it/s, now=None]frame_index:  76%|███████▌  | 5641/7429 [03:42<01:09, 25.83it/s, now=None]frame_index:  76%|███████▌  | 5644/7429 [03:42<01:09, 25.84it/s, now=None]frame_index:  76%|███████▌  | 5647/7429 [03:42<01:08, 25.86it/s, now=None]frame_index:  76%|███████▌  | 5650/7429 [03:43<01:08, 25.83it/s, now=None]frame_index:  76%|███████▌  | 5653/7429 [03:43<01:08, 25.84it/s, now=None]frame_index:  76%|███████▌  | 5656/7429 [03:43<01:13, 23.96it/s, now=None]frame_index:  76%|███████▌  | 5659/7429 [03:43<01:12, 24.49it/s, now=None]frame_index:  76%|███████▌  | 5662/7429 [03:43<01:10, 24.89it/s, now=None]frame_index:  76%|███████▋  | 5665/7429 [03:43<01:10, 25.15it/s, now=None]frame_index:  76%|███████▋  | 5668/7429 [03:43<01:09, 25.34it/s, now=None]frame_index:  76%|███████▋  | 5671/7429 [03:43<01:09, 25.45it/s, now=None]frame_index:  76%|███████▋  | 5674/7429 [03:44<01:08, 25.50it/s, now=None]frame_index:  76%|███████▋  | 5677/7429 [03:44<01:08, 25.62it/s, now=None]frame_index:  76%|███████▋  | 5680/7429 [03:44<01:08, 25.69it/s, now=None]frame_index:  76%|███████▋  | 5683/7429 [03:44<01:07, 25.72it/s, now=None]frame_index:  77%|███████▋  | 5686/7429 [03:44<01:07, 25.79it/s, now=None]frame_index:  77%|███████▋  | 5689/7429 [03:44<01:09, 25.13it/s, now=None]frame_index:  77%|███████▋  | 5692/7429 [03:44<01:08, 25.36it/s, now=None]frame_index:  77%|███████▋  | 5695/7429 [03:44<01:07, 25.54it/s, now=None]frame_index:  77%|███████▋  | 5698/7429 [03:44<01:07, 25.63it/s, now=None]frame_index:  77%|███████▋  | 5701/7429 [03:45<01:07, 25.71it/s, now=None]frame_index:  77%|███████▋  | 5704/7429 [03:45<01:06, 25.76it/s, now=None]frame_index:  77%|███████▋  | 5707/7429 [03:45<01:06, 25.84it/s, now=None]frame_index:  77%|███████▋  | 5710/7429 [03:45<01:06, 25.88it/s, now=None]frame_index:  77%|███████▋  | 5713/7429 [03:45<01:06, 25.92it/s, now=None]frame_index:  77%|███████▋  | 5716/7429 [03:45<01:05, 25.97it/s, now=None]frame_index:  77%|███████▋  | 5719/7429 [03:45<01:05, 26.00it/s, now=None]frame_index:  77%|███████▋  | 5722/7429 [03:45<01:05, 25.89it/s, now=None]frame_index:  77%|███████▋  | 5725/7429 [03:45<01:06, 25.79it/s, now=None]frame_index:  77%|███████▋  | 5728/7429 [03:46<01:12, 23.43it/s, now=None]frame_index:  77%|███████▋  | 5731/7429 [03:46<01:10, 24.13it/s, now=None]frame_index:  77%|███████▋  | 5734/7429 [03:46<01:08, 24.64it/s, now=None]frame_index:  77%|███████▋  | 5737/7429 [03:46<01:07, 25.02it/s, now=None]frame_index:  77%|███████▋  | 5740/7429 [03:46<01:06, 25.29it/s, now=None]frame_index:  77%|███████▋  | 5743/7429 [03:46<01:06, 25.49it/s, now=None]frame_index:  77%|███████▋  | 5746/7429 [03:46<01:05, 25.58it/s, now=None]frame_index:  77%|███████▋  | 5749/7429 [03:46<01:05, 25.66it/s, now=None]frame_index:  77%|███████▋  | 5752/7429 [03:47<01:05, 25.71it/s, now=None]frame_index:  77%|███████▋  | 5755/7429 [03:47<01:04, 25.78it/s, now=None]frame_index:  78%|███████▊  | 5758/7429 [03:47<01:04, 25.80it/s, now=None]frame_index:  78%|███████▊  | 5761/7429 [03:47<01:04, 25.84it/s, now=None]frame_index:  78%|███████▊  | 5764/7429 [03:47<01:04, 25.86it/s, now=None]frame_index:  78%|███████▊  | 5767/7429 [03:47<01:04, 25.86it/s, now=None]frame_index:  78%|███████▊  | 5770/7429 [03:47<01:04, 25.87it/s, now=None]frame_index:  78%|███████▊  | 5773/7429 [03:47<01:03, 25.88it/s, now=None]frame_index:  78%|███████▊  | 5776/7429 [03:48<01:03, 25.86it/s, now=None]frame_index:  78%|███████▊  | 5779/7429 [03:48<01:03, 25.87it/s, now=None]frame_index:  78%|███████▊  | 5782/7429 [03:48<01:03, 25.86it/s, now=None]frame_index:  78%|███████▊  | 5785/7429 [03:48<01:03, 25.84it/s, now=None]frame_index:  78%|███████▊  | 5788/7429 [03:48<01:03, 25.85it/s, now=None]frame_index:  78%|███████▊  | 5791/7429 [03:48<01:03, 25.87it/s, now=None]frame_index:  78%|███████▊  | 5794/7429 [03:48<01:03, 25.86it/s, now=None]frame_index:  78%|███████▊  | 5797/7429 [03:48<01:03, 25.87it/s, now=None]frame_index:  78%|███████▊  | 5800/7429 [03:48<01:02, 25.88it/s, now=None]frame_index:  78%|███████▊  | 5803/7429 [03:49<01:02, 25.82it/s, now=None]frame_index:  78%|███████▊  | 5806/7429 [03:49<01:02, 25.87it/s, now=None]frame_index:  78%|███████▊  | 5809/7429 [03:49<01:02, 25.88it/s, now=None]frame_index:  78%|███████▊  | 5812/7429 [03:49<01:02, 25.90it/s, now=None]frame_index:  78%|███████▊  | 5815/7429 [03:49<01:02, 25.92it/s, now=None]frame_index:  78%|███████▊  | 5818/7429 [03:49<01:02, 25.93it/s, now=None]frame_index:  78%|███████▊  | 5821/7429 [03:49<01:02, 25.93it/s, now=None]frame_index:  78%|███████▊  | 5824/7429 [03:49<01:01, 25.93it/s, now=None]frame_index:  78%|███████▊  | 5827/7429 [03:49<01:02, 25.47it/s, now=None]frame_index:  78%|███████▊  | 5830/7429 [03:50<01:02, 25.61it/s, now=None]frame_index:  79%|███████▊  | 5833/7429 [03:50<01:02, 25.73it/s, now=None]frame_index:  79%|███████▊  | 5836/7429 [03:50<01:01, 25.80it/s, now=None]frame_index:  79%|███████▊  | 5839/7429 [03:50<01:01, 25.90it/s, now=None]frame_index:  79%|███████▊  | 5842/7429 [03:50<01:01, 25.86it/s, now=None]frame_index:  79%|███████▊  | 5845/7429 [03:50<01:01, 25.82it/s, now=None]frame_index:  79%|███████▊  | 5848/7429 [03:50<01:07, 23.60it/s, now=None]frame_index:  79%|███████▉  | 5851/7429 [03:50<01:05, 24.23it/s, now=None]frame_index:  79%|███████▉  | 5854/7429 [03:51<01:03, 24.72it/s, now=None]frame_index:  79%|███████▉  | 5857/7429 [03:51<01:02, 25.07it/s, now=None]frame_index:  79%|███████▉  | 5860/7429 [03:51<01:03, 24.80it/s, now=None]frame_index:  79%|███████▉  | 5863/7429 [03:51<01:02, 25.08it/s, now=None]frame_index:  79%|███████▉  | 5866/7429 [03:51<01:02, 25.19it/s, now=None]frame_index:  79%|███████▉  | 5869/7429 [03:51<01:01, 25.37it/s, now=None]frame_index:  79%|███████▉  | 5872/7429 [03:51<01:01, 25.50it/s, now=None]frame_index:  79%|███████▉  | 5875/7429 [03:51<01:00, 25.60it/s, now=None]frame_index:  79%|███████▉  | 5878/7429 [03:51<01:00, 25.66it/s, now=None]frame_index:  79%|███████▉  | 5881/7429 [03:52<01:00, 25.72it/s, now=None]frame_index:  79%|███████▉  | 5884/7429 [03:52<01:00, 25.75it/s, now=None]frame_index:  79%|███████▉  | 5887/7429 [03:52<00:59, 25.81it/s, now=None]frame_index:  79%|███████▉  | 5890/7429 [03:52<00:59, 25.84it/s, now=None]frame_index:  79%|███████▉  | 5893/7429 [03:52<00:59, 25.84it/s, now=None]frame_index:  79%|███████▉  | 5896/7429 [03:52<00:59, 25.85it/s, now=None]frame_index:  79%|███████▉  | 5899/7429 [03:52<00:59, 25.86it/s, now=None]frame_index:  79%|███████▉  | 5902/7429 [03:52<00:59, 25.87it/s, now=None]frame_index:  79%|███████▉  | 5905/7429 [03:53<00:58, 25.88it/s, now=None]frame_index:  80%|███████▉  | 5908/7429 [03:53<00:58, 25.85it/s, now=None]frame_index:  80%|███████▉  | 5911/7429 [03:53<00:58, 25.89it/s, now=None]frame_index:  80%|███████▉  | 5914/7429 [03:53<00:58, 25.88it/s, now=None]frame_index:  80%|███████▉  | 5917/7429 [03:53<00:58, 25.90it/s, now=None]frame_index:  80%|███████▉  | 5920/7429 [03:53<00:58, 25.89it/s, now=None]frame_index:  80%|███████▉  | 5923/7429 [03:53<00:58, 25.88it/s, now=None]frame_index:  80%|███████▉  | 5926/7429 [03:53<00:58, 25.82it/s, now=None]frame_index:  80%|███████▉  | 5929/7429 [03:53<00:58, 25.83it/s, now=None]frame_index:  80%|███████▉  | 5932/7429 [03:54<00:58, 25.73it/s, now=None]frame_index:  80%|███████▉  | 5935/7429 [03:54<00:57, 25.79it/s, now=None]frame_index:  80%|███████▉  | 5938/7429 [03:54<00:57, 25.86it/s, now=None]frame_index:  80%|███████▉  | 5941/7429 [03:54<00:57, 25.90it/s, now=None]frame_index:  80%|████████  | 5944/7429 [03:54<00:57, 25.91it/s, now=None]frame_index:  80%|████████  | 5947/7429 [03:54<00:57, 25.92it/s, now=None]frame_index:  80%|████████  | 5950/7429 [03:54<00:56, 25.97it/s, now=None]frame_index:  80%|████████  | 5953/7429 [03:54<00:56, 25.97it/s, now=None]frame_index:  80%|████████  | 5956/7429 [03:55<00:56, 25.99it/s, now=None]frame_index:  80%|████████  | 5959/7429 [03:55<00:56, 26.02it/s, now=None]frame_index:  80%|████████  | 5962/7429 [03:55<00:56, 26.01it/s, now=None]frame_index:  80%|████████  | 5965/7429 [03:55<00:56, 25.99it/s, now=None]frame_index:  80%|████████  | 5968/7429 [03:55<01:01, 23.60it/s, now=None]frame_index:  80%|████████  | 5971/7429 [03:55<01:00, 24.24it/s, now=None]frame_index:  80%|████████  | 5974/7429 [03:55<00:58, 24.69it/s, now=None]frame_index:  80%|████████  | 5977/7429 [03:55<00:57, 25.06it/s, now=None]frame_index:  80%|████████  | 5980/7429 [03:55<00:57, 25.29it/s, now=None]frame_index:  81%|████████  | 5983/7429 [03:56<00:56, 25.48it/s, now=None]frame_index:  81%|████████  | 5986/7429 [03:56<00:56, 25.59it/s, now=None]frame_index:  81%|████████  | 5989/7429 [03:56<00:56, 25.67it/s, now=None]frame_index:  81%|████████  | 5992/7429 [03:56<00:55, 25.75it/s, now=None]frame_index:  81%|████████  | 5995/7429 [03:56<00:55, 25.81it/s, now=None]frame_index:  81%|████████  | 5998/7429 [03:56<00:55, 25.85it/s, now=None]frame_index:  81%|████████  | 6001/7429 [03:56<00:55, 25.85it/s, now=None]frame_index:  81%|████████  | 6004/7429 [03:56<00:55, 25.85it/s, now=None]frame_index:  81%|████████  | 6007/7429 [03:57<00:54, 25.87it/s, now=None]frame_index:  81%|████████  | 6010/7429 [03:57<00:54, 25.87it/s, now=None]frame_index:  81%|████████  | 6013/7429 [03:57<00:54, 25.86it/s, now=None]frame_index:  81%|████████  | 6016/7429 [03:57<00:54, 25.85it/s, now=None]frame_index:  81%|████████  | 6019/7429 [03:57<00:54, 25.87it/s, now=None]frame_index:  81%|████████  | 6022/7429 [03:57<00:54, 25.89it/s, now=None]frame_index:  81%|████████  | 6025/7429 [03:57<00:54, 25.89it/s, now=None]frame_index:  81%|████████  | 6028/7429 [03:57<00:54, 25.88it/s, now=None]frame_index:  81%|████████  | 6031/7429 [03:57<00:54, 25.89it/s, now=None]frame_index:  81%|████████  | 6034/7429 [03:58<00:53, 25.89it/s, now=None]frame_index:  81%|████████▏ | 6037/7429 [03:58<00:53, 25.90it/s, now=None]frame_index:  81%|████████▏ | 6040/7429 [03:58<00:53, 25.90it/s, now=None]frame_index:  81%|████████▏ | 6043/7429 [03:58<00:53, 25.89it/s, now=None]frame_index:  81%|████████▏ | 6046/7429 [03:58<00:53, 25.91it/s, now=None]frame_index:  81%|████████▏ | 6049/7429 [03:58<00:53, 25.92it/s, now=None]frame_index:  81%|████████▏ | 6052/7429 [03:58<00:53, 25.93it/s, now=None]frame_index:  82%|████████▏ | 6055/7429 [03:58<00:53, 25.89it/s, now=None]frame_index:  82%|████████▏ | 6058/7429 [03:58<00:52, 25.88it/s, now=None]frame_index:  82%|████████▏ | 6061/7429 [03:59<00:52, 25.89it/s, now=None]frame_index:  82%|████████▏ | 6064/7429 [03:59<00:52, 25.91it/s, now=None]frame_index:  82%|████████▏ | 6067/7429 [03:59<00:52, 25.94it/s, now=None]frame_index:  82%|████████▏ | 6070/7429 [03:59<00:52, 25.95it/s, now=None]frame_index:  82%|████████▏ | 6073/7429 [03:59<00:52, 25.97it/s, now=None]frame_index:  82%|████████▏ | 6076/7429 [03:59<00:52, 26.01it/s, now=None]frame_index:  82%|████████▏ | 6079/7429 [03:59<00:51, 26.01it/s, now=None]frame_index:  82%|████████▏ | 6082/7429 [03:59<00:51, 26.02it/s, now=None]frame_index:  82%|████████▏ | 6085/7429 [04:00<00:51, 25.99it/s, now=None]frame_index:  82%|████████▏ | 6088/7429 [04:00<00:56, 23.72it/s, now=None]frame_index:  82%|████████▏ | 6091/7429 [04:00<00:55, 24.33it/s, now=None]frame_index:  82%|████████▏ | 6094/7429 [04:00<00:53, 24.78it/s, now=None]frame_index:  82%|████████▏ | 6097/7429 [04:00<00:52, 25.13it/s, now=None]frame_index:  82%|████████▏ | 6100/7429 [04:00<00:52, 25.37it/s, now=None]frame_index:  82%|████████▏ | 6103/7429 [04:00<00:51, 25.52it/s, now=None]frame_index:  82%|████████▏ | 6106/7429 [04:00<00:51, 25.64it/s, now=None]frame_index:  82%|████████▏ | 6109/7429 [04:00<00:51, 25.72it/s, now=None]frame_index:  82%|████████▏ | 6112/7429 [04:01<00:51, 25.79it/s, now=None]frame_index:  82%|████████▏ | 6115/7429 [04:01<00:50, 25.82it/s, now=None]frame_index:  82%|████████▏ | 6118/7429 [04:01<00:50, 25.86it/s, now=None]frame_index:  82%|████████▏ | 6121/7429 [04:01<00:50, 25.86it/s, now=None]frame_index:  82%|████████▏ | 6124/7429 [04:01<00:50, 25.88it/s, now=None]frame_index:  82%|████████▏ | 6127/7429 [04:01<00:50, 25.90it/s, now=None]frame_index:  83%|████████▎ | 6130/7429 [04:01<00:50, 25.88it/s, now=None]frame_index:  83%|████████▎ | 6133/7429 [04:01<00:50, 25.84it/s, now=None]frame_index:  83%|████████▎ | 6136/7429 [04:02<00:50, 25.84it/s, now=None]frame_index:  83%|████████▎ | 6139/7429 [04:02<00:49, 25.87it/s, now=None]frame_index:  83%|████████▎ | 6142/7429 [04:02<00:50, 25.57it/s, now=None]frame_index:  83%|████████▎ | 6145/7429 [04:02<00:50, 25.63it/s, now=None]frame_index:  83%|████████▎ | 6148/7429 [04:02<00:49, 25.68it/s, now=None]frame_index:  83%|████████▎ | 6151/7429 [04:02<00:49, 25.72it/s, now=None]frame_index:  83%|████████▎ | 6154/7429 [04:02<00:49, 25.79it/s, now=None]frame_index:  83%|████████▎ | 6157/7429 [04:02<00:49, 25.81it/s, now=None]frame_index:  83%|████████▎ | 6160/7429 [04:02<00:49, 25.84it/s, now=None]frame_index:  83%|████████▎ | 6163/7429 [04:03<00:49, 25.82it/s, now=None]frame_index:  83%|████████▎ | 6166/7429 [04:03<00:48, 25.84it/s, now=None]frame_index:  83%|████████▎ | 6169/7429 [04:03<00:48, 25.88it/s, now=None]frame_index:  83%|████████▎ | 6172/7429 [04:03<00:48, 25.92it/s, now=None]frame_index:  83%|████████▎ | 6175/7429 [04:03<00:48, 25.92it/s, now=None]frame_index:  83%|████████▎ | 6178/7429 [04:03<00:48, 25.91it/s, now=None]frame_index:  83%|████████▎ | 6181/7429 [04:03<00:48, 25.91it/s, now=None]frame_index:  83%|████████▎ | 6184/7429 [04:03<00:48, 25.91it/s, now=None]frame_index:  83%|████████▎ | 6187/7429 [04:04<00:47, 25.94it/s, now=None]frame_index:  83%|████████▎ | 6190/7429 [04:04<00:47, 25.94it/s, now=None]frame_index:  83%|████████▎ | 6193/7429 [04:04<00:47, 25.93it/s, now=None]frame_index:  83%|████████▎ | 6196/7429 [04:04<00:47, 25.98it/s, now=None]frame_index:  83%|████████▎ | 6199/7429 [04:04<00:47, 26.01it/s, now=None]frame_index:  83%|████████▎ | 6202/7429 [04:04<00:47, 26.02it/s, now=None]frame_index:  84%|████████▎ | 6205/7429 [04:04<00:47, 25.97it/s, now=None]frame_index:  84%|████████▎ | 6208/7429 [04:04<00:51, 23.60it/s, now=None]frame_index:  84%|████████▎ | 6211/7429 [04:04<00:50, 24.26it/s, now=None]frame_index:  84%|████████▎ | 6214/7429 [04:05<00:49, 24.72it/s, now=None]frame_index:  84%|████████▎ | 6217/7429 [04:05<00:48, 25.03it/s, now=None]frame_index:  84%|████████▎ | 6220/7429 [04:05<00:47, 25.28it/s, now=None]frame_index:  84%|████████▍ | 6223/7429 [04:05<00:47, 25.47it/s, now=None]frame_index:  84%|████████▍ | 6226/7429 [04:05<00:46, 25.61it/s, now=None]frame_index:  84%|████████▍ | 6229/7429 [04:05<00:46, 25.70it/s, now=None]frame_index:  84%|████████▍ | 6232/7429 [04:05<00:46, 25.81it/s, now=None]frame_index:  84%|████████▍ | 6235/7429 [04:05<00:46, 25.86it/s, now=None]frame_index:  84%|████████▍ | 6238/7429 [04:06<00:45, 25.90it/s, now=None]frame_index:  84%|████████▍ | 6241/7429 [04:06<00:45, 25.92it/s, now=None]frame_index:  84%|████████▍ | 6244/7429 [04:06<00:45, 25.92it/s, now=None]frame_index:  84%|████████▍ | 6247/7429 [04:06<00:45, 25.93it/s, now=None]frame_index:  84%|████████▍ | 6250/7429 [04:06<00:45, 25.92it/s, now=None]frame_index:  84%|████████▍ | 6253/7429 [04:06<00:45, 25.92it/s, now=None]frame_index:  84%|████████▍ | 6256/7429 [04:06<00:45, 25.91it/s, now=None]frame_index:  84%|████████▍ | 6259/7429 [04:06<00:45, 25.92it/s, now=None]frame_index:  84%|████████▍ | 6262/7429 [04:06<00:45, 25.92it/s, now=None]frame_index:  84%|████████▍ | 6265/7429 [04:07<00:44, 25.91it/s, now=None]frame_index:  84%|████████▍ | 6268/7429 [04:07<00:44, 25.90it/s, now=None]frame_index:  84%|████████▍ | 6271/7429 [04:07<00:44, 25.87it/s, now=None]frame_index:  84%|████████▍ | 6274/7429 [04:07<00:44, 25.89it/s, now=None]frame_index:  84%|████████▍ | 6277/7429 [04:07<00:44, 25.91it/s, now=None]frame_index:  85%|████████▍ | 6280/7429 [04:07<00:44, 25.91it/s, now=None]frame_index:  85%|████████▍ | 6283/7429 [04:07<00:44, 25.88it/s, now=None]frame_index:  85%|████████▍ | 6286/7429 [04:07<00:44, 25.90it/s, now=None]frame_index:  85%|████████▍ | 6289/7429 [04:07<00:43, 25.93it/s, now=None]frame_index:  85%|████████▍ | 6292/7429 [04:08<00:43, 25.96it/s, now=None]frame_index:  85%|████████▍ | 6295/7429 [04:08<00:43, 25.96it/s, now=None]frame_index:  85%|████████▍ | 6298/7429 [04:08<00:43, 25.90it/s, now=None]frame_index:  85%|████████▍ | 6301/7429 [04:08<00:43, 25.93it/s, now=None]frame_index:  85%|████████▍ | 6304/7429 [04:08<00:43, 25.95it/s, now=None]frame_index:  85%|████████▍ | 6307/7429 [04:08<00:43, 25.98it/s, now=None]frame_index:  85%|████████▍ | 6310/7429 [04:08<00:43, 25.98it/s, now=None]frame_index:  85%|████████▍ | 6313/7429 [04:08<00:42, 26.03it/s, now=None]frame_index:  85%|████████▌ | 6316/7429 [04:09<00:42, 26.05it/s, now=None]frame_index:  85%|████████▌ | 6319/7429 [04:09<00:42, 26.05it/s, now=None]frame_index:  85%|████████▌ | 6322/7429 [04:09<00:43, 25.49it/s, now=None]frame_index:  85%|████████▌ | 6325/7429 [04:09<00:43, 25.50it/s, now=None]frame_index:  85%|████████▌ | 6328/7429 [04:09<00:46, 23.47it/s, now=None]frame_index:  85%|████████▌ | 6331/7429 [04:09<00:45, 24.15it/s, now=None]frame_index:  85%|████████▌ | 6334/7429 [04:09<00:44, 24.63it/s, now=None]frame_index:  85%|████████▌ | 6337/7429 [04:09<00:43, 24.99it/s, now=None]frame_index:  85%|████████▌ | 6340/7429 [04:09<00:43, 25.26it/s, now=None]frame_index:  85%|████████▌ | 6343/7429 [04:10<00:42, 25.46it/s, now=None]frame_index:  85%|████████▌ | 6346/7429 [04:10<00:42, 25.59it/s, now=None]frame_index:  85%|████████▌ | 6349/7429 [04:10<00:42, 25.67it/s, now=None]frame_index:  86%|████████▌ | 6352/7429 [04:10<00:42, 25.61it/s, now=None]frame_index:  86%|████████▌ | 6355/7429 [04:10<00:42, 25.56it/s, now=None]frame_index:  86%|████████▌ | 6358/7429 [04:10<00:41, 25.54it/s, now=None]frame_index:  86%|████████▌ | 6361/7429 [04:10<00:41, 25.53it/s, now=None]frame_index:  86%|████████▌ | 6364/7429 [04:10<00:41, 25.47it/s, now=None]frame_index:  86%|████████▌ | 6367/7429 [04:11<00:41, 25.52it/s, now=None]frame_index:  86%|████████▌ | 6370/7429 [04:11<00:41, 25.54it/s, now=None]frame_index:  86%|████████▌ | 6373/7429 [04:11<00:41, 25.65it/s, now=None]frame_index:  86%|████████▌ | 6376/7429 [04:11<00:40, 25.73it/s, now=None]frame_index:  86%|████████▌ | 6379/7429 [04:11<00:40, 25.81it/s, now=None]frame_index:  86%|████████▌ | 6382/7429 [04:11<00:40, 25.77it/s, now=None]frame_index:  86%|████████▌ | 6385/7429 [04:11<00:40, 25.79it/s, now=None]frame_index:  86%|████████▌ | 6388/7429 [04:11<00:40, 25.77it/s, now=None]frame_index:  86%|████████▌ | 6391/7429 [04:11<00:40, 25.81it/s, now=None]frame_index:  86%|████████▌ | 6394/7429 [04:12<00:40, 25.84it/s, now=None]frame_index:  86%|████████▌ | 6397/7429 [04:12<00:39, 25.82it/s, now=None]frame_index:  86%|████████▌ | 6400/7429 [04:12<00:39, 25.77it/s, now=None]frame_index:  86%|████████▌ | 6403/7429 [04:12<00:39, 25.82it/s, now=None]frame_index:  86%|████████▌ | 6406/7429 [04:12<00:39, 25.61it/s, now=None]frame_index:  86%|████████▋ | 6409/7429 [04:12<00:40, 25.40it/s, now=None]frame_index:  86%|████████▋ | 6412/7429 [04:12<00:39, 25.54it/s, now=None]frame_index:  86%|████████▋ | 6415/7429 [04:12<00:39, 25.64it/s, now=None]frame_index:  86%|████████▋ | 6418/7429 [04:13<00:39, 25.74it/s, now=None]frame_index:  86%|████████▋ | 6421/7429 [04:13<00:39, 25.80it/s, now=None]frame_index:  86%|████████▋ | 6424/7429 [04:13<00:39, 25.47it/s, now=None]frame_index:  87%|████████▋ | 6427/7429 [04:13<00:39, 25.58it/s, now=None]frame_index:  87%|████████▋ | 6430/7429 [04:13<00:38, 25.65it/s, now=None]frame_index:  87%|████████▋ | 6433/7429 [04:13<00:38, 25.77it/s, now=None]frame_index:  87%|████████▋ | 6436/7429 [04:13<00:38, 25.85it/s, now=None]frame_index:  87%|████████▋ | 6439/7429 [04:13<00:38, 25.93it/s, now=None]frame_index:  87%|████████▋ | 6442/7429 [04:13<00:38, 25.96it/s, now=None]frame_index:  87%|████████▋ | 6445/7429 [04:14<00:37, 25.93it/s, now=None]frame_index:  87%|████████▋ | 6448/7429 [04:14<00:41, 23.64it/s, now=None]frame_index:  87%|████████▋ | 6451/7429 [04:14<00:40, 24.27it/s, now=None]frame_index:  87%|████████▋ | 6454/7429 [04:14<00:39, 24.72it/s, now=None]frame_index:  87%|████████▋ | 6457/7429 [04:14<00:38, 25.06it/s, now=None]frame_index:  87%|████████▋ | 6460/7429 [04:14<00:38, 25.31it/s, now=None]frame_index:  87%|████████▋ | 6463/7429 [04:14<00:37, 25.47it/s, now=None]frame_index:  87%|████████▋ | 6466/7429 [04:14<00:37, 25.62it/s, now=None]frame_index:  87%|████████▋ | 6469/7429 [04:15<00:37, 25.69it/s, now=None]frame_index:  87%|████████▋ | 6472/7429 [04:15<00:37, 25.76it/s, now=None]frame_index:  87%|████████▋ | 6475/7429 [04:15<00:36, 25.80it/s, now=None]frame_index:  87%|████████▋ | 6478/7429 [04:15<00:36, 25.82it/s, now=None]frame_index:  87%|████████▋ | 6481/7429 [04:15<00:36, 25.83it/s, now=None]frame_index:  87%|████████▋ | 6484/7429 [04:15<00:36, 25.86it/s, now=None]frame_index:  87%|████████▋ | 6487/7429 [04:15<00:36, 25.86it/s, now=None]frame_index:  87%|████████▋ | 6490/7429 [04:15<00:36, 25.88it/s, now=None]frame_index:  87%|████████▋ | 6493/7429 [04:15<00:36, 25.88it/s, now=None]frame_index:  87%|████████▋ | 6496/7429 [04:16<00:35, 26.19it/s, now=None]frame_index:  87%|████████▋ | 6499/7429 [04:16<00:34, 26.69it/s, now=None]frame_index:  88%|████████▊ | 6502/7429 [04:16<00:34, 26.89it/s, now=None]frame_index:  88%|████████▊ | 6505/7429 [04:16<00:35, 26.21it/s, now=None]frame_index:  88%|████████▊ | 6508/7429 [04:16<00:35, 25.93it/s, now=None]frame_index:  88%|████████▊ | 6511/7429 [04:16<00:35, 25.61it/s, now=None]frame_index:  88%|████████▊ | 6514/7429 [04:16<00:35, 25.45it/s, now=None]frame_index:  88%|████████▊ | 6517/7429 [04:16<00:36, 25.33it/s, now=None]frame_index:  88%|████████▊ | 6520/7429 [04:17<00:35, 25.31it/s, now=None]frame_index:  88%|████████▊ | 6523/7429 [04:17<00:35, 25.46it/s, now=None]frame_index:  88%|████████▊ | 6526/7429 [04:17<00:35, 25.47it/s, now=None]frame_index:  88%|████████▊ | 6529/7429 [04:17<00:35, 25.59it/s, now=None]frame_index:  88%|████████▊ | 6532/7429 [04:17<00:35, 25.63it/s, now=None]frame_index:  88%|████████▊ | 6535/7429 [04:17<00:34, 25.69it/s, now=None]frame_index:  88%|████████▊ | 6538/7429 [04:17<00:34, 25.71it/s, now=None]frame_index:  88%|████████▊ | 6541/7429 [04:17<00:34, 25.76it/s, now=None]frame_index:  88%|████████▊ | 6544/7429 [04:17<00:34, 25.76it/s, now=None]frame_index:  88%|████████▊ | 6547/7429 [04:18<00:34, 25.78it/s, now=None]frame_index:  88%|████████▊ | 6550/7429 [04:18<00:34, 25.81it/s, now=None]frame_index:  88%|████████▊ | 6553/7429 [04:18<00:33, 25.80it/s, now=None]frame_index:  88%|████████▊ | 6556/7429 [04:18<00:33, 25.76it/s, now=None]frame_index:  88%|████████▊ | 6559/7429 [04:18<00:33, 25.70it/s, now=None]frame_index:  88%|████████▊ | 6562/7429 [04:18<00:33, 25.74it/s, now=None]frame_index:  88%|████████▊ | 6565/7429 [04:18<00:33, 25.77it/s, now=None]frame_index:  88%|████████▊ | 6568/7429 [04:18<00:33, 25.79it/s, now=None]frame_index:  88%|████████▊ | 6571/7429 [04:18<00:33, 25.81it/s, now=None]frame_index:  88%|████████▊ | 6574/7429 [04:19<00:33, 25.82it/s, now=None]frame_index:  89%|████████▊ | 6577/7429 [04:19<00:33, 25.80it/s, now=None]frame_index:  89%|████████▊ | 6580/7429 [04:19<00:32, 25.83it/s, now=None]frame_index:  89%|████████▊ | 6583/7429 [04:19<00:32, 25.84it/s, now=None]frame_index:  89%|████████▊ | 6586/7429 [04:19<00:32, 25.83it/s, now=None]frame_index:  89%|████████▊ | 6589/7429 [04:19<00:32, 25.80it/s, now=None]frame_index:  89%|████████▊ | 6592/7429 [04:19<00:32, 25.82it/s, now=None]frame_index:  89%|████████▉ | 6595/7429 [04:19<00:32, 25.83it/s, now=None]frame_index:  89%|████████▉ | 6598/7429 [04:20<00:32, 25.43it/s, now=None]frame_index:  89%|████████▉ | 6601/7429 [04:20<00:32, 25.52it/s, now=None]frame_index:  89%|████████▉ | 6604/7429 [04:20<00:32, 25.53it/s, now=None]frame_index:  89%|████████▉ | 6607/7429 [04:20<00:32, 25.55it/s, now=None]frame_index:  89%|████████▉ | 6610/7429 [04:20<00:31, 25.68it/s, now=None]frame_index:  89%|████████▉ | 6613/7429 [04:20<00:31, 25.71it/s, now=None]frame_index:  89%|████████▉ | 6616/7429 [04:20<00:31, 25.81it/s, now=None]frame_index:  89%|████████▉ | 6619/7429 [04:20<00:31, 25.87it/s, now=None]frame_index:  89%|████████▉ | 6622/7429 [04:21<00:34, 23.40it/s, now=None]frame_index:  89%|████████▉ | 6625/7429 [04:21<00:33, 24.03it/s, now=None]frame_index:  89%|████████▉ | 6628/7429 [04:21<00:32, 24.54it/s, now=None]frame_index:  89%|████████▉ | 6631/7429 [04:21<00:32, 24.93it/s, now=None]frame_index:  89%|████████▉ | 6634/7429 [04:21<00:31, 25.22it/s, now=None]frame_index:  89%|████████▉ | 6637/7429 [04:21<00:31, 25.42it/s, now=None]frame_index:  89%|████████▉ | 6640/7429 [04:21<00:30, 25.57it/s, now=None]frame_index:  89%|████████▉ | 6643/7429 [04:21<00:30, 25.46it/s, now=None]frame_index:  89%|████████▉ | 6646/7429 [04:21<00:32, 24.26it/s, now=None]frame_index:  90%|████████▉ | 6649/7429 [04:22<00:32, 23.80it/s, now=None]frame_index:  90%|████████▉ | 6652/7429 [04:22<00:31, 24.30it/s, now=None]frame_index:  90%|████████▉ | 6655/7429 [04:22<00:31, 24.74it/s, now=None]frame_index:  90%|████████▉ | 6658/7429 [04:22<00:30, 25.05it/s, now=None]frame_index:  90%|████████▉ | 6661/7429 [04:22<00:30, 25.30it/s, now=None]frame_index:  90%|████████▉ | 6664/7429 [04:22<00:30, 25.43it/s, now=None]frame_index:  90%|████████▉ | 6667/7429 [04:22<00:29, 25.50it/s, now=None]frame_index:  90%|████████▉ | 6670/7429 [04:22<00:29, 25.61it/s, now=None]frame_index:  90%|████████▉ | 6673/7429 [04:23<00:29, 25.67it/s, now=None]frame_index:  90%|████████▉ | 6676/7429 [04:23<00:29, 25.75it/s, now=None]frame_index:  90%|████████▉ | 6679/7429 [04:23<00:29, 25.65it/s, now=None]frame_index:  90%|████████▉ | 6682/7429 [04:23<00:29, 25.67it/s, now=None]frame_index:  90%|████████▉ | 6685/7429 [04:23<00:28, 25.76it/s, now=None]frame_index:  90%|█████████ | 6688/7429 [04:23<00:28, 25.80it/s, now=None]frame_index:  90%|█████████ | 6691/7429 [04:23<00:28, 25.81it/s, now=None]frame_index:  90%|█████████ | 6694/7429 [04:23<00:28, 25.84it/s, now=None]frame_index:  90%|█████████ | 6697/7429 [04:23<00:28, 25.83it/s, now=None]frame_index:  90%|█████████ | 6700/7429 [04:24<00:28, 25.82it/s, now=None]frame_index:  90%|█████████ | 6703/7429 [04:24<00:28, 25.85it/s, now=None]frame_index:  90%|█████████ | 6706/7429 [04:24<00:29, 24.46it/s, now=None]frame_index:  90%|█████████ | 6709/7429 [04:24<00:29, 24.82it/s, now=None]frame_index:  90%|█████████ | 6712/7429 [04:24<00:28, 25.13it/s, now=None]frame_index:  90%|█████████ | 6715/7429 [04:24<00:28, 25.35it/s, now=None]frame_index:  90%|█████████ | 6718/7429 [04:24<00:27, 25.51it/s, now=None]frame_index:  90%|█████████ | 6721/7429 [04:24<00:27, 25.64it/s, now=None]frame_index:  91%|█████████ | 6724/7429 [04:25<00:27, 25.75it/s, now=None]frame_index:  91%|█████████ | 6727/7429 [04:25<00:27, 25.82it/s, now=None]frame_index:  91%|█████████ | 6730/7429 [04:25<00:27, 25.88it/s, now=None]frame_index:  91%|█████████ | 6733/7429 [04:25<00:26, 25.89it/s, now=None]frame_index:  91%|█████████ | 6736/7429 [04:25<00:26, 25.92it/s, now=None]frame_index:  91%|█████████ | 6739/7429 [04:25<00:26, 25.98it/s, now=None]frame_index:  91%|█████████ | 6742/7429 [04:25<00:29, 23.62it/s, now=None]frame_index:  91%|█████████ | 6745/7429 [04:25<00:28, 24.10it/s, now=None]frame_index:  91%|█████████ | 6748/7429 [04:25<00:27, 24.47it/s, now=None]frame_index:  91%|█████████ | 6751/7429 [04:26<00:27, 24.77it/s, now=None]frame_index:  91%|█████████ | 6754/7429 [04:26<00:26, 25.04it/s, now=None]frame_index:  91%|█████████ | 6757/7429 [04:26<00:26, 25.21it/s, now=None]frame_index:  91%|█████████ | 6760/7429 [04:26<00:26, 25.37it/s, now=None]frame_index:  91%|█████████ | 6763/7429 [04:26<00:26, 25.39it/s, now=None]frame_index:  91%|█████████ | 6766/7429 [04:26<00:26, 25.48it/s, now=None]frame_index:  91%|█████████ | 6769/7429 [04:26<00:25, 25.60it/s, now=None]frame_index:  91%|█████████ | 6772/7429 [04:26<00:25, 25.65it/s, now=None]frame_index:  91%|█████████ | 6775/7429 [04:27<00:25, 25.71it/s, now=None]frame_index:  91%|█████████ | 6778/7429 [04:27<00:25, 25.75it/s, now=None]frame_index:  91%|█████████▏| 6781/7429 [04:27<00:25, 25.76it/s, now=None]frame_index:  91%|█████████▏| 6784/7429 [04:27<00:25, 25.79it/s, now=None]frame_index:  91%|█████████▏| 6787/7429 [04:27<00:24, 25.79it/s, now=None]frame_index:  91%|█████████▏| 6790/7429 [04:27<00:24, 25.80it/s, now=None]frame_index:  91%|█████████▏| 6793/7429 [04:27<00:24, 25.81it/s, now=None]frame_index:  91%|█████████▏| 6796/7429 [04:27<00:24, 25.83it/s, now=None]frame_index:  92%|█████████▏| 6799/7429 [04:27<00:24, 25.76it/s, now=None]frame_index:  92%|█████████▏| 6802/7429 [04:28<00:25, 24.31it/s, now=None]frame_index:  92%|█████████▏| 6805/7429 [04:28<00:27, 22.89it/s, now=None]frame_index:  92%|█████████▏| 6808/7429 [04:28<00:26, 23.20it/s, now=None]frame_index:  92%|█████████▏| 6811/7429 [04:28<00:26, 23.49it/s, now=None]frame_index:  92%|█████████▏| 6814/7429 [04:28<00:25, 23.98it/s, now=None]frame_index:  92%|█████████▏| 6817/7429 [04:28<00:25, 24.20it/s, now=None]frame_index:  92%|█████████▏| 6820/7429 [04:28<00:24, 24.50it/s, now=None]frame_index:  92%|█████████▏| 6823/7429 [04:28<00:24, 24.70it/s, now=None]frame_index:  92%|█████████▏| 6826/7429 [04:29<00:24, 24.86it/s, now=None]frame_index:  92%|█████████▏| 6829/7429 [04:29<00:33, 18.18it/s, now=None]frame_index:  92%|█████████▏| 6832/7429 [04:29<00:33, 17.78it/s, now=None]frame_index:  92%|█████████▏| 6835/7429 [04:29<00:32, 18.52it/s, now=None]frame_index:  92%|█████████▏| 6838/7429 [04:29<00:30, 19.48it/s, now=None]frame_index:  92%|█████████▏| 6841/7429 [04:29<00:30, 19.45it/s, now=None]frame_index:  92%|█████████▏| 6844/7429 [04:30<00:27, 20.94it/s, now=None]frame_index:  92%|█████████▏| 6847/7429 [04:30<00:30, 19.24it/s, now=None]frame_index:  92%|█████████▏| 6850/7429 [04:30<00:29, 19.43it/s, now=None]frame_index:  92%|█████████▏| 6853/7429 [04:30<00:27, 20.81it/s, now=None]frame_index:  92%|█████████▏| 6856/7429 [04:30<00:25, 22.07it/s, now=None]frame_index:  92%|█████████▏| 6859/7429 [04:30<00:24, 22.97it/s, now=None]frame_index:  92%|█████████▏| 6862/7429 [04:30<00:26, 21.68it/s, now=None]frame_index:  92%|█████████▏| 6865/7429 [04:31<00:24, 22.70it/s, now=None]frame_index:  92%|█████████▏| 6868/7429 [04:31<00:23, 23.52it/s, now=None]frame_index:  92%|█████████▏| 6871/7429 [04:31<00:24, 23.07it/s, now=None]frame_index:  93%|█████████▎| 6874/7429 [04:31<00:25, 21.98it/s, now=None]frame_index:  93%|█████████▎| 6877/7429 [04:31<00:26, 21.15it/s, now=None]frame_index:  93%|█████████▎| 6880/7429 [04:31<00:24, 22.12it/s, now=None]frame_index:  93%|█████████▎| 6883/7429 [04:31<00:23, 22.99it/s, now=None]frame_index:  93%|█████████▎| 6886/7429 [04:31<00:22, 23.77it/s, now=None]frame_index:  93%|█████████▎| 6889/7429 [04:32<00:22, 24.14it/s, now=None]frame_index:  93%|█████████▎| 6892/7429 [04:32<00:22, 24.17it/s, now=None]frame_index:  93%|█████████▎| 6895/7429 [04:32<00:21, 24.33it/s, now=None]frame_index:  93%|█████████▎| 6898/7429 [04:32<00:21, 24.70it/s, now=None]frame_index:  93%|█████████▎| 6901/7429 [04:32<00:21, 25.01it/s, now=None]frame_index:  93%|█████████▎| 6904/7429 [04:32<00:20, 25.21it/s, now=None]frame_index:  93%|█████████▎| 6907/7429 [04:32<00:20, 25.23it/s, now=None]frame_index:  93%|█████████▎| 6910/7429 [04:32<00:20, 25.32it/s, now=None]frame_index:  93%|█████████▎| 6913/7429 [04:33<00:20, 25.31it/s, now=None]frame_index:  93%|█████████▎| 6916/7429 [04:33<00:20, 25.33it/s, now=None]frame_index:  93%|█████████▎| 6919/7429 [04:33<00:21, 23.31it/s, now=None]frame_index:  93%|█████████▎| 6922/7429 [04:33<00:21, 23.93it/s, now=None]frame_index:  93%|█████████▎| 6925/7429 [04:33<00:20, 24.44it/s, now=None]frame_index:  93%|█████████▎| 6928/7429 [04:33<00:20, 24.68it/s, now=None]frame_index:  93%|█████████▎| 6931/7429 [04:33<00:20, 24.46it/s, now=None]frame_index:  93%|█████████▎| 6934/7429 [04:33<00:20, 24.69it/s, now=None]frame_index:  93%|█████████▎| 6937/7429 [04:34<00:19, 24.95it/s, now=None]frame_index:  93%|█████████▎| 6940/7429 [04:34<00:19, 25.10it/s, now=None]frame_index:  93%|█████████▎| 6943/7429 [04:34<00:19, 25.30it/s, now=None]frame_index:  93%|█████████▎| 6946/7429 [04:34<00:18, 25.46it/s, now=None]frame_index:  94%|█████████▎| 6949/7429 [04:34<00:18, 25.55it/s, now=None]frame_index:  94%|█████████▎| 6952/7429 [04:34<00:18, 25.47it/s, now=None]frame_index:  94%|█████████▎| 6955/7429 [04:34<00:18, 25.53it/s, now=None]frame_index:  94%|█████████▎| 6958/7429 [04:34<00:18, 25.60it/s, now=None]frame_index:  94%|█████████▎| 6961/7429 [04:34<00:18, 25.63it/s, now=None]frame_index:  94%|█████████▎| 6964/7429 [04:35<00:18, 25.64it/s, now=None]frame_index:  94%|█████████▍| 6967/7429 [04:35<00:18, 25.53it/s, now=None]frame_index:  94%|█████████▍| 6970/7429 [04:35<00:18, 25.05it/s, now=None]frame_index:  94%|█████████▍| 6973/7429 [04:35<00:18, 25.33it/s, now=None]frame_index:  94%|█████████▍| 6976/7429 [04:35<00:17, 25.52it/s, now=None]frame_index:  94%|█████████▍| 6979/7429 [04:35<00:17, 25.66it/s, now=None]frame_index:  94%|█████████▍| 6982/7429 [04:35<00:18, 23.62it/s, now=None]frame_index:  94%|█████████▍| 6985/7429 [04:35<00:18, 24.14it/s, now=None]frame_index:  94%|█████████▍| 6988/7429 [04:36<00:17, 24.60it/s, now=None]frame_index:  94%|█████████▍| 6991/7429 [04:36<00:17, 24.96it/s, now=None]frame_index:  94%|█████████▍| 6994/7429 [04:36<00:17, 25.18it/s, now=None]frame_index:  94%|█████████▍| 6997/7429 [04:36<00:17, 25.37it/s, now=None]frame_index:  94%|█████████▍| 7000/7429 [04:36<00:16, 25.49it/s, now=None]frame_index:  94%|█████████▍| 7003/7429 [04:36<00:16, 25.61it/s, now=None]frame_index:  94%|█████████▍| 7006/7429 [04:36<00:16, 25.68it/s, now=None]frame_index:  94%|█████████▍| 7009/7429 [04:36<00:16, 25.75it/s, now=None]frame_index:  94%|█████████▍| 7012/7429 [04:36<00:16, 25.78it/s, now=None]frame_index:  94%|█████████▍| 7015/7429 [04:37<00:16, 25.77it/s, now=None]frame_index:  94%|█████████▍| 7018/7429 [04:37<00:15, 25.79it/s, now=None]frame_index:  95%|█████████▍| 7021/7429 [04:37<00:15, 25.80it/s, now=None]frame_index:  95%|█████████▍| 7024/7429 [04:37<00:15, 25.81it/s, now=None]frame_index:  95%|█████████▍| 7027/7429 [04:37<00:15, 25.80it/s, now=None]frame_index:  95%|█████████▍| 7030/7429 [04:37<00:15, 25.78it/s, now=None]frame_index:  95%|█████████▍| 7033/7429 [04:37<00:15, 25.78it/s, now=None]frame_index:  95%|█████████▍| 7036/7429 [04:37<00:15, 25.77it/s, now=None]frame_index:  95%|█████████▍| 7039/7429 [04:38<00:15, 25.78it/s, now=None]frame_index:  95%|█████████▍| 7042/7429 [04:38<00:15, 25.77it/s, now=None]frame_index:  95%|█████████▍| 7045/7429 [04:38<00:14, 25.77it/s, now=None]frame_index:  95%|█████████▍| 7048/7429 [04:38<00:14, 25.76it/s, now=None]frame_index:  95%|█████████▍| 7051/7429 [04:38<00:14, 25.80it/s, now=None]frame_index:  95%|█████████▍| 7054/7429 [04:38<00:14, 25.80it/s, now=None]frame_index:  95%|█████████▍| 7057/7429 [04:38<00:14, 25.78it/s, now=None]frame_index:  95%|█████████▌| 7060/7429 [04:38<00:14, 25.81it/s, now=None]frame_index:  95%|█████████▌| 7063/7429 [04:38<00:14, 25.82it/s, now=None]frame_index:  95%|█████████▌| 7066/7429 [04:39<00:14, 25.84it/s, now=None]frame_index:  95%|█████████▌| 7069/7429 [04:39<00:13, 25.84it/s, now=None]frame_index:  95%|█████████▌| 7072/7429 [04:39<00:13, 25.83it/s, now=None]frame_index:  95%|█████████▌| 7075/7429 [04:39<00:13, 25.85it/s, now=None]frame_index:  95%|█████████▌| 7078/7429 [04:39<00:13, 25.85it/s, now=None]frame_index:  95%|█████████▌| 7081/7429 [04:39<00:13, 25.86it/s, now=None]frame_index:  95%|█████████▌| 7084/7429 [04:39<00:13, 25.87it/s, now=None]frame_index:  95%|█████████▌| 7087/7429 [04:39<00:13, 25.90it/s, now=None]frame_index:  95%|█████████▌| 7090/7429 [04:40<00:13, 25.92it/s, now=None]frame_index:  95%|█████████▌| 7093/7429 [04:40<00:12, 25.96it/s, now=None]frame_index:  96%|█████████▌| 7096/7429 [04:40<00:12, 25.97it/s, now=None]frame_index:  96%|█████████▌| 7099/7429 [04:40<00:12, 25.98it/s, now=None]frame_index:  96%|█████████▌| 7102/7429 [04:40<00:13, 23.70it/s, now=None]frame_index:  96%|█████████▌| 7105/7429 [04:40<00:13, 24.00it/s, now=None]frame_index:  96%|█████████▌| 7108/7429 [04:40<00:13, 24.07it/s, now=None]frame_index:  96%|█████████▌| 7111/7429 [04:40<00:13, 24.28it/s, now=None]frame_index:  96%|█████████▌| 7114/7429 [04:41<00:13, 24.13it/s, now=None]frame_index:  96%|█████████▌| 7117/7429 [04:41<00:12, 24.40it/s, now=None]frame_index:  96%|█████████▌| 7120/7429 [04:41<00:12, 24.77it/s, now=None]frame_index:  96%|█████████▌| 7123/7429 [04:41<00:12, 24.59it/s, now=None]frame_index:  96%|█████████▌| 7126/7429 [04:41<00:15, 19.66it/s, now=None]frame_index:  96%|█████████▌| 7129/7429 [04:41<00:14, 20.52it/s, now=None]frame_index:  96%|█████████▌| 7132/7429 [04:41<00:13, 21.51it/s, now=None]frame_index:  96%|█████████▌| 7135/7429 [04:41<00:13, 22.20it/s, now=None]frame_index:  96%|█████████▌| 7138/7429 [04:42<00:12, 22.84it/s, now=None]frame_index:  96%|█████████▌| 7141/7429 [04:42<00:14, 19.84it/s, now=None]frame_index:  96%|█████████▌| 7144/7429 [04:42<00:14, 19.24it/s, now=None]frame_index:  96%|█████████▌| 7147/7429 [04:42<00:13, 20.22it/s, now=None]frame_index:  96%|█████████▌| 7150/7429 [04:42<00:13, 21.39it/s, now=None]frame_index:  96%|█████████▋| 7153/7429 [04:42<00:12, 22.48it/s, now=None]frame_index:  96%|█████████▋| 7156/7429 [04:42<00:11, 23.33it/s, now=None]frame_index:  96%|█████████▋| 7159/7429 [04:43<00:11, 23.86it/s, now=None]frame_index:  96%|█████████▋| 7162/7429 [04:43<00:10, 24.40it/s, now=None]frame_index:  96%|█████████▋| 7165/7429 [04:43<00:10, 24.76it/s, now=None]frame_index:  96%|█████████▋| 7168/7429 [04:43<00:10, 25.06it/s, now=None]frame_index:  97%|█████████▋| 7171/7429 [04:43<00:10, 25.27it/s, now=None]frame_index:  97%|█████████▋| 7174/7429 [04:43<00:10, 25.42it/s, now=None]frame_index:  97%|█████████▋| 7177/7429 [04:43<00:09, 25.52it/s, now=None]frame_index:  97%|█████████▋| 7180/7429 [04:43<00:09, 25.61it/s, now=None]frame_index:  97%|█████████▋| 7183/7429 [04:43<00:09, 25.67it/s, now=None]frame_index:  97%|█████████▋| 7186/7429 [04:44<00:09, 25.70it/s, now=None]frame_index:  97%|█████████▋| 7189/7429 [04:44<00:09, 25.72it/s, now=None]frame_index:  97%|█████████▋| 7192/7429 [04:44<00:09, 25.76it/s, now=None]frame_index:  97%|█████████▋| 7195/7429 [04:44<00:09, 25.72it/s, now=None]frame_index:  97%|█████████▋| 7198/7429 [04:44<00:08, 25.74it/s, now=None]frame_index:  97%|█████████▋| 7201/7429 [04:44<00:08, 25.53it/s, now=None]frame_index:  97%|█████████▋| 7204/7429 [04:44<00:09, 24.93it/s, now=None]frame_index:  97%|█████████▋| 7207/7429 [04:44<00:09, 24.50it/s, now=None]frame_index:  97%|█████████▋| 7210/7429 [04:45<00:08, 24.69it/s, now=None]frame_index:  97%|█████████▋| 7213/7429 [04:45<00:08, 25.01it/s, now=None]frame_index:  97%|█████████▋| 7216/7429 [04:45<00:08, 25.17it/s, now=None]frame_index:  97%|█████████▋| 7219/7429 [04:45<00:08, 25.41it/s, now=None]frame_index:  97%|█████████▋| 7222/7429 [04:45<00:08, 23.14it/s, now=None]frame_index:  97%|█████████▋| 7225/7429 [04:45<00:08, 23.79it/s, now=None]frame_index:  97%|█████████▋| 7228/7429 [04:45<00:08, 24.35it/s, now=None]frame_index:  97%|█████████▋| 7231/7429 [04:45<00:07, 24.78it/s, now=None]frame_index:  97%|█████████▋| 7234/7429 [04:46<00:07, 25.08it/s, now=None]frame_index:  97%|█████████▋| 7237/7429 [04:46<00:07, 25.30it/s, now=None]frame_index:  97%|█████████▋| 7240/7429 [04:46<00:07, 25.11it/s, now=None]frame_index:  97%|█████████▋| 7243/7429 [04:46<00:07, 25.01it/s, now=None]frame_index:  98%|█████████▊| 7246/7429 [04:46<00:07, 25.11it/s, now=None]frame_index:  98%|█████████▊| 7249/7429 [04:46<00:07, 25.21it/s, now=None]frame_index:  98%|█████████▊| 7252/7429 [04:46<00:06, 25.36it/s, now=None]frame_index:  98%|█████████▊| 7255/7429 [04:46<00:06, 25.49it/s, now=None]frame_index:  98%|█████████▊| 7258/7429 [04:46<00:06, 25.56it/s, now=None]frame_index:  98%|█████████▊| 7261/7429 [04:47<00:06, 25.63it/s, now=None]frame_index:  98%|█████████▊| 7264/7429 [04:47<00:06, 25.63it/s, now=None]frame_index:  98%|█████████▊| 7267/7429 [04:47<00:06, 25.57it/s, now=None]frame_index:  98%|█████████▊| 7270/7429 [04:47<00:06, 25.24it/s, now=None]frame_index:  98%|█████████▊| 7273/7429 [04:47<00:06, 25.22it/s, now=None]frame_index:  98%|█████████▊| 7276/7429 [04:47<00:06, 25.22it/s, now=None]frame_index:  98%|█████████▊| 7279/7429 [04:47<00:05, 25.25it/s, now=None]frame_index:  98%|█████████▊| 7282/7429 [04:47<00:05, 25.31it/s, now=None]frame_index:  98%|█████████▊| 7285/7429 [04:48<00:05, 25.33it/s, now=None]frame_index:  98%|█████████▊| 7288/7429 [04:48<00:05, 25.25it/s, now=None]frame_index:  98%|█████████▊| 7291/7429 [04:48<00:05, 25.32it/s, now=None]frame_index:  98%|█████████▊| 7294/7429 [04:48<00:05, 25.26it/s, now=None]frame_index:  98%|█████████▊| 7297/7429 [04:48<00:05, 25.38it/s, now=None]frame_index:  98%|█████████▊| 7300/7429 [04:48<00:05, 25.39it/s, now=None]frame_index:  98%|█████████▊| 7303/7429 [04:48<00:04, 25.41it/s, now=None]frame_index:  98%|█████████▊| 7306/7429 [04:48<00:04, 25.53it/s, now=None]frame_index:  98%|█████████▊| 7309/7429 [04:48<00:04, 25.61it/s, now=None]frame_index:  98%|█████████▊| 7312/7429 [04:49<00:04, 25.59it/s, now=None]frame_index:  98%|█████████▊| 7315/7429 [04:49<00:04, 25.65it/s, now=None]frame_index:  99%|█████████▊| 7318/7429 [04:49<00:04, 25.72it/s, now=None]frame_index:  99%|█████████▊| 7321/7429 [04:49<00:04, 25.59it/s, now=None]frame_index:  99%|█████████▊| 7324/7429 [04:49<00:04, 25.45it/s, now=None]frame_index:  99%|█████████▊| 7327/7429 [04:49<00:03, 25.59it/s, now=None]frame_index:  99%|█████████▊| 7330/7429 [04:49<00:03, 25.53it/s, now=None]frame_index:  99%|█████████▊| 7333/7429 [04:49<00:04, 23.35it/s, now=None]frame_index:  99%|█████████▊| 7336/7429 [04:50<00:03, 23.52it/s, now=None]frame_index:  99%|█████████▉| 7339/7429 [04:50<00:04, 20.27it/s, now=None]frame_index:  99%|█████████▉| 7342/7429 [04:50<00:04, 18.69it/s, now=None]frame_index:  99%|█████████▉| 7345/7429 [04:50<00:04, 20.03it/s, now=None]frame_index:  99%|█████████▉| 7348/7429 [04:50<00:03, 21.34it/s, now=None]frame_index:  99%|█████████▉| 7351/7429 [04:50<00:03, 22.20it/s, now=None]frame_index:  99%|█████████▉| 7354/7429 [04:50<00:03, 22.98it/s, now=None]frame_index:  99%|█████████▉| 7357/7429 [04:51<00:03, 22.99it/s, now=None]frame_index:  99%|█████████▉| 7360/7429 [04:51<00:02, 23.62it/s, now=None]frame_index:  99%|█████████▉| 7363/7429 [04:51<00:02, 24.03it/s, now=None]frame_index:  99%|█████████▉| 7366/7429 [04:51<00:02, 24.24it/s, now=None]frame_index:  99%|█████████▉| 7369/7429 [04:51<00:02, 24.64it/s, now=None]frame_index:  99%|█████████▉| 7372/7429 [04:51<00:02, 24.99it/s, now=None]frame_index:  99%|█████████▉| 7375/7429 [04:51<00:02, 25.23it/s, now=None]frame_index:  99%|█████████▉| 7378/7429 [04:51<00:02, 25.38it/s, now=None]frame_index:  99%|█████████▉| 7381/7429 [04:52<00:01, 25.40it/s, now=None]frame_index:  99%|█████████▉| 7384/7429 [04:52<00:01, 25.50it/s, now=None]frame_index:  99%|█████████▉| 7387/7429 [04:52<00:01, 25.53it/s, now=None]frame_index:  99%|█████████▉| 7390/7429 [04:52<00:01, 25.57it/s, now=None]frame_index: 100%|█████████▉| 7393/7429 [04:52<00:01, 25.45it/s, now=None]frame_index: 100%|█████████▉| 7396/7429 [04:52<00:01, 25.56it/s, now=None]frame_index: 100%|█████████▉| 7399/7429 [04:52<00:01, 25.55it/s, now=None]frame_index: 100%|█████████▉| 7402/7429 [04:52<00:01, 25.52it/s, now=None]frame_index: 100%|█████████▉| 7405/7429 [04:52<00:00, 25.52it/s, now=None]frame_index: 100%|█████████▉| 7408/7429 [04:53<00:00, 25.46it/s, now=None]frame_index: 100%|█████████▉| 7411/7429 [04:53<00:00, 25.52it/s, now=None]frame_index: 100%|█████████▉| 7414/7429 [04:53<00:00, 25.53it/s, now=None]frame_index: 100%|█████████▉| 7417/7429 [04:53<00:00, 23.33it/s, now=None]frame_index: 100%|█████████▉| 7420/7429 [04:53<00:00, 23.53it/s, now=None]frame_index: 100%|█████████▉| 7423/7429 [04:53<00:00, 23.69it/s, now=None]frame_index: 100%|█████████▉| 7426/7429 [04:53<00:00, 24.05it/s, now=None]frame_index: 100%|██████████| 7429/7429 [04:53<00:00, 23.95it/s, now=None]                                                                          MoviePy - Done !
MoviePy - video ready outputs/20260427_b6da10/video.mp4
2026-04-27 17:55:03,326 [INFO] agents.video_agent: Video saved: outputs/20260427_b6da10/video.mp4
2026-04-27 17:55:03,327 [INFO] agents.video_agent: Used-clips registry: 6 total hashes saved
2026-04-27 17:55:03,327 [INFO] orchestrator: Step 5/6: Creating thumbnail…
2026-04-27 17:55:05,290 [INFO] agents.thumbnail_agent: AI thumbnail background generated: thumb_9e224e66dff5.jpg
2026-04-27 17:55:05,303 [INFO] agents.thumbnail_agent: Thumbnail saved: outputs/20260427_b6da10/thumbnail.jpg
2026-04-27 17:55:05,303 [INFO] orchestrator: Step 6/6: DRY RUN — skipping upload
2026-04-27 17:55:05,303 [INFO] orchestrator:   ✓ Done: file://outputs/20260427_b6da10/video.mp4
2026-04-27 17:55:05,303 [INFO] orchestrator: 
============================================================
2026-04-27 17:55:05,303 [INFO] orchestrator: SUMMARY: 1 succeeded / 0 failed
2026-04-27 17:55:05,303 [INFO] orchestrator:   ✓ AI Changed Everything in 90 Days — Here's Exactly What 
2026-04-27 17:55:05,304 [INFO] orchestrator:     file://outputs/20260427_b6da10/video.mp4
2026-04-27 17:55:05,304 [INFO] orchestrator: ============================================================
2026-04-27 17:55:05,304 [INFO] orchestrator: Report saved: logs/report_20260427.json
